******************************************************************************
                  TI ARM Linker PC v20.2.2                     
******************************************************************************
>> Linked Mon May  2 21:39:41 2022

OUTPUT FILE NAME:   <Robot_Arm_ECEN5623.out>
ENTRY POINT SYMBOL: "_c_int00_noargs"  address: 00003bbd


MEMORY CONFIGURATION

         name            origin    length      used     unused   attr    fill
----------------------  --------  ---------  --------  --------  ----  --------
  FLASH                 00000000   00040000  000041b2  0003be4e  R  X
  SRAM                  20000000   00008000  000079e8  00000618  RW X


SEGMENT ALLOCATION MAP

run origin  load origin   length   init length attrs members
----------  ----------- ---------- ----------- ----- -------
00000000    00000000    000041b8   000041b8    r-x
  00000000    00000000    0000026c   0000026c    r-- .intvecs
  0000026c    0000026c    00003db2   00003db2    r-x .text
  00004020    00004020    0000015c   0000015c    r-- .const
  00004180    00004180    00000038   00000038    r-- .cinit
20000000    20000000    000079ec   00000000    rw-
  20000000    20000000    00007794   00000000    rw- .bss
  20007798    20007798    00000200   00000000    rw- .stack
  20007998    20007998    00000054   00000000    rw- .data


SECTION ALLOCATION MAP

 output                                  attributes/
section   page    origin      length       input sections
--------  ----  ----------  ----------   ----------------
.intvecs   0    00000000    0000026c     
                  00000000    0000026c     startup_ccs.obj (.intvecs)

.text      0    0000026c    00003db2     
                  0000026c    0000030c     uartstdio.obj (.text:UARTvprintf)
                  00000578    000002ec     rtsv7M4_T_le_v4SPD16_eabi.lib : s_atan.c.obj (.text:atan)
                  00000864    000002dc     system_tasks.obj (.text:MPU6050Task)
                  00000b40    000001d8     rtsv7M4_T_le_v4SPD16_eabi.lib : e_atan2.c.obj (.text:atan2)
                  00000d18    000001b6                                   : fd_add_t2.asm.obj (.text)
                  00000ece    00000002     startup_ccs.obj (.text:FaultISR)
                  00000ed0    00000194     system_tasks.obj (.text:ArmMotorTask)
                  00001064    00000168     queue.obj (.text:xQueueGenericReceive)
                  000011cc    0000015c     system_tasks.obj (.text:BaseMotorTask)
                  00001328    00000158     rtsv7M4_T_le_v4SPD16_eabi.lib : e_sqrt.c.obj (.text:sqrt)
                  00001480    00000136                                   : fd_div_t2.asm.obj (.text)
                  000015b6    00000002     startup_ccs.obj (.text:IntDefaultHandler)
                  000015b8    00000134     tasks.obj (.text:xTaskGenericCreate)
                  000016ec    00000134     tasks.obj (.text:xTaskIncrementTick)
                  00001820    00000132     driverlib.lib : gpio.obj (.text:GPIOPadConfigSet)
                  00001952    00000002     startup_ccs.obj (.text:NmiSR)
                  00001954    00000128     queue.obj (.text:xQueueGenericSend)
                  00001a7c    00000108     heap_2.obj (.text:pvPortMalloc)
                  00001b84    000000fc     rtsv7M4_T_le_v4SPD16_eabi.lib : fd_mul_t2.asm.obj (.text)
                  00001c80    000000f8     tasks.obj (.text:xTaskResumeAll)
                  00001d78    000000e8     timers.obj (.text:prvProcessReceivedCommands)
                  00001e60    000000e4     mpu6050.obj (.text:vMPU6050_Read)
                  00001f44    000000d2     portasm.obj (.text)
                  00002016    00000002     rtsv7M4_T_le_v4SPD16_eabi.lib : div0.asm.obj (.text)
                  00002018    000000d0     mpu6050.obj (.text:vMPU6050_Init)
                  000020e8    000000c8     Robot_Arm_ECEN5623.obj (.text:ConfigurePWM)
                  000021b0    000000c8     tasks.obj (.text:vTaskPriorityInherit)
                  00002278    000000c0     robot_system_timers.obj (.text:vInitTimers)
                  00002338    000000ba     queue.obj (.text:prvCopyDataToQueue)
                  000023f2    00000002     --HOLE-- [fill = 0]
                  000023f4    000000b8     tasks.obj (.text:vTaskSwitchContext)
                  000024ac    000000a4     timers.obj (.text:prvSwitchTimerLists)
                  00002550    000000a4     tasks.obj (.text:xTaskPriorityDisinherit)
                  000025f4    000000a0     queue.obj (.text:xQueueGenericReset)
                  00002694    0000009c     Robot_Arm_ECEN5623.obj (.text:main)
                  00002730    0000009c     rtsv7M4_T_le_v4SPD16_eabi.lib : memcpy_t2.asm.obj (.text)
                  000027cc    00000098     tasks.obj (.text:prvInitialiseTCBVariables)
                  00002864    00000094     system_tasks.obj (.text:MPU6050TaskInit)
                  000028f8    00000094     mpu6050.obj (.text:vMPU6050_Write)
                  0000298c    00000090     tasks.obj (.text:xTaskRemoveFromEventList)
                  00002a1c    0000008c     queue.obj (.text:xQueueGenericSendFromISR)
                  00002aa8    00000086     rtsv7M4_T_le_v4SPD16_eabi.lib : fd_cmp_t2.asm.obj (.text:__aeabi_cdrcmple)
                  00002b2e    00000002     --HOLE-- [fill = 0]
                  00002b30    00000084     timers.obj (.text:prvProcessTimerOrBlockTask)
                  00002bb4    00000084     tasks.obj (.text:xTaskCheckForTimeOut)
                  00002c38    00000082     queue.obj (.text:prvUnlockQueue)
                  00002cba    00000002     --HOLE-- [fill = 0]
                  00002cbc    0000007c     tasks.obj (.text:vTaskStartScheduler)
                  00002d38    0000007a     rtsv7M4_T_le_v4SPD16_eabi.lib : memset_t2.asm.obj (.text)
                  00002db2    00000002     --HOLE-- [fill = 0]
                  00002db4    00000078     timers.obj (.text:prvInsertTimerInActiveList)
                  00002e2c    00000076     queue.obj (.text:xQueueCreateMutex)
                  00002ea2    00000002     --HOLE-- [fill = 0]
                  00002ea4    00000074     Robot_Arm_ECEN5623.obj (.text:ConfigureUART)
                  00002f18    00000074     uartstdio.obj (.text:UARTStdioConfig)
                  00002f8c    00000074     tasks.obj (.text:prvInitialiseTaskLists)
                  00003000    00000070     tasks.obj (.text:vTaskPlaceOnEventListRestricted)
                  00003070    00000070     queue.obj (.text:xQueueGenericCreate)
                  000030e0    00000070     timers.obj (.text:xTimerGenericCommand)
                  00003150    0000006e     rtsv7M4_T_le_v4SPD16_eabi.lib : fd_tos_t2.asm.obj (.text)
                  000031be    00000068                                   : copy_decompress_lzss.c.obj (.text:decompress:lzss:__TI_decompress_lzss)
                  00003226    00000002     --HOLE-- [fill = 0]
                  00003228    00000068     tasks.obj (.text:prvCheckTasksWaitingTermination)
                  00003290    00000068     heap_2.obj (.text:vPortFree)
                  000032f8    00000068     tasks.obj (.text:vTaskPlaceOnEventList)
                  00003360    00000068     robot_system_timers.obj (.text:vTimerCallback)
                  000033c8    00000066     list.obj (.text:vListInsert)
                  0000342e    00000002     --HOLE-- [fill = 0]
                  00003430    00000064     timers.obj (.text:prvCheckForValidListAndQueue)
                  00003494    00000060     driverlib.lib : timer.obj (.text:TimerConfigure)
                  000034f4    00000060     timers.obj (.text:prvProcessExpiredTimer)
                  00003554    0000005e     tasks.obj (.text:prvAllocateTCBAndStack)
                  000035b2    00000002     --HOLE-- [fill = 0]
                  000035b4    0000005c     uartstdio.obj (.text:UARTwrite)
                  00003610    0000005c     tasks.obj (.text:prvAddCurrentTaskToDelayedList)
                  0000366c    0000005c     port.obj (.text:pxPortInitialiseStack)
                  000036c8    00000058     system_tasks.obj (.text:ArmMotorTaskInit)
                  00003720    00000058     system_tasks.obj (.text:BaseMotorTaskInit)
                  00003778    00000054     queue.obj (.text:vQueueWaitForMessageRestricted)
                  000037cc    00000054     timers.obj (.text:xTimerCreate)
                  00003820    00000050     heap_2.obj (.text:prvHeapInit)
                  00003870    0000004c     queue.obj (.text:vQueueAddToRegistry)
                  000038bc    00000048     driverlib.lib : gpio.obj (.text:GPIOPinConfigure)
                  00003904    00000048     list.obj (.text:uxListRemove)
                  0000394c    00000048     timers.obj (.text:xTimerCreateTimerTask)
                  00003994    00000044     rtsv7M4_T_le_v4SPD16_eabi.lib : autoinit.c.obj (.text:__TI_auto_init_nobinit_nopinit:__TI_auto_init_nobinit_nopinit)
                  000039d8    00000044     port.obj (.text:xPortStartScheduler)
                  00003a1c    00000040     rtsv7M4_T_le_v4SPD16_eabi.lib : u_divt2.asm.obj (.text)
                  00003a5c    0000003c     Robot_Arm_ECEN5623.obj (.text:ConfigureTimer5)
                  00003a98    0000003c     queue.obj (.text:prvCopyDataFromQueue)
                  00003ad4    0000003c     tasks.obj (.text:prvResetNextTaskUnblockTime)
                  00003b10    0000003c     list.obj (.text:vListInsertEnd)
                  00003b4c    00000038     timers.obj (.text:prvGetNextExpireTime)
                  00003b84    00000038     rtsv7M4_T_le_v4SPD16_eabi.lib : fs_tod_t2.asm.obj (.text)
                  00003bbc    00000034                                   : boot_cortex_m.c.obj (.text:_c_int00_noargs:_c_int00_noargs)
                  00003bf0    00000034     timers.obj (.text:prvSampleTimeNow)
                  00003c24    00000030     list.obj (.text:vListInitialise)
                  00003c54    00000030     tasks.obj (.text:xTaskGetSchedulerState)
                  00003c84    0000002c     port.obj (.text:xPortSysTickHandler)
                  00003cb0    0000002a     driverlib.lib : gpio.obj (.text:GPIODirModeSet)
                  00003cda    00000026     queue.obj (.text:prvIsQueueFull)
                  00003d00    00000024     uartstdio.obj (.text:UARTprintf)
                  00003d24    00000024     port.obj (.text:vPortEnterCritical)
                  00003d48    00000024     tasks.obj (.text:vTaskSetTimeOutState)
                  00003d6c    00000022     driverlib.lib : pwm.obj (.text:PWMGenConfigure)
                  00003d8e    00000020     queue.obj (.text:prvIsQueueEmpty)
                  00003dae    00000002     --HOLE-- [fill = 0]
                  00003db0    00000020     robot_system_timers.obj (.text:vStartArmMotorTimer)
                  00003dd0    00000020     robot_system_timers.obj (.text:vStartBaseMotorTimer)
                  00003df0    00000020     robot_system_timers.obj (.text:vStartMpuTimer)
                  00003e10    00000020     queue.obj (.text:xQueueCreateCountingSemaphore)
                  00003e30    0000001e     driverlib.lib : pwm.obj (.text:PWMPulseWidthSet)
                  00003e4e    00000002     --HOLE-- [fill = 0]
                  00003e50    0000001c     tasks.obj (.text:pvTaskIncrementMutexHeldCount)
                  00003e6c    0000001c     port.obj (.text:vPortExitCritical)
                  00003e88    0000001a     timers.obj (.text:prvTimerTask)
                  00003ea2    0000001a     timers.obj (.text:pvTimerGetTimerID)
                  00003ebc    00000018     port.obj (.text:vPortSetupTimerInterrupt)
                  00003ed4    00000014     tasks.obj (.text:prvDeleteTCB)
                  00003ee8    00000014     tasks.obj (.text:xTaskGetTickCount)
                  00003efc    00000012     driverlib.lib : gpio.obj (.text:GPIOPinTypePWM)
                  00003f0e    00000012                   : pwm.obj (.text:PWMOutputState)
                  00003f20    00000012                   : timer.obj (.text:TimerPrescaleSet)
                  00003f32    00000010                   : pwm.obj (.text:PWMGenPeriodSet)
                  00003f42    00000010     port.obj (.text:prvTaskExitError)
                  00003f52    00000010     list.obj (.text:vListInitialiseItem)
                  00003f62    00000002     --HOLE-- [fill = 0]
                  00003f64    00000010     tasks.obj (.text:vTaskSuspendAll)
                  00003f74    0000000e     driverlib.lib : timer.obj (.text:TimerEnable)
                  00003f82    0000000e     rtsv7M4_T_le_v4SPD16_eabi.lib : copy_decompress_none.c.obj (.text:decompress:none:__TI_decompress_none)
                  00003f90    0000000c     driverlib.lib : pwm.obj (.text:PWMGenEnable)
                  00003f9c    0000000c     rtsv7M4_T_le_v4SPD16_eabi.lib : copy_zero_init.c.obj (.text:decompress:ZI:__TI_zero_init)
                  00003fa8    0000000c     robot_system_timers.obj (.text:ui32GetTickMs)
                  00003fb4    0000000c     tasks.obj (.text:vTaskMissedYield)
                  00003fc0    0000000a     driverlib.lib : timer.obj (.text:TimerValueGet)
                  00003fca    0000000a     tasks.obj (.text:prvIdleTask)
                  00003fd4    0000000a     Robot_Arm_ECEN5623.obj (.text:vApplicationStackOverflowHook)
                  00003fde    00000008     driverlib.lib : i2c.obj (.text:I2CMasterBusy)
                  00003fe6    00000008                   : i2c.obj (.text:I2CMasterSlaveAddrSet)
                  00003fee    00000002     --HOLE-- [fill = 0]
                  00003ff0    00000008     rtsv7M4_T_le_v4SPD16_eabi.lib : errno.c.obj (.text:__aeabi_errno_addr)
                  00003ff8    00000006     startup_ccs.obj (.text:ResetISR)
                  00003ffe    00000006     driverlib.lib : timer.obj (.text:TimerClockSourceSet)
                  00004004    00000006                   : uart.obj (.text:UARTClockSourceSet)
                  0000400a    00000004                   : i2c.obj (.text:I2CMasterControl)
                  0000400e    00000004                   : i2c.obj (.text:I2CMasterDataGet)
                  00004012    00000004                   : i2c.obj (.text:I2CMasterDataPut)
                  00004016    00000004     rtsv7M4_T_le_v4SPD16_eabi.lib : pre_init.c.obj (.text:_system_pre_init)
                  0000401a    00000004                                   : exit.c.obj (.text:abort:abort)

.const     0    00004020    0000015c     
                  00004020    00000098     rtsv7M4_T_le_v4SPD16_eabi.lib : s_atan.c.obj (.const:$O1$$)
                  000040b8    00000090     driverlib.lib : gpio.obj (.const:g_pui32GPIOBaseAddrs)
                  00004148    00000012     uartstdio.obj (.const:.string)
                  0000415a    00000002     --HOLE-- [fill = 0]
                  0000415c    0000000c     uartstdio.obj (.const:g_ui32UARTBase)
                  00004168    0000000c     uartstdio.obj (.const:g_ui32UARTPeriph)
                  00004174    00000004     port.obj (.const)
                  00004178    00000004     uartstdio.obj (.const)

.cinit     0    00004180    00000038     
                  00004180    00000013     (.cinit..data.load) [load image, compression = lzss]
                  00004193    00000001     --HOLE-- [fill = 0]
                  00004194    0000000c     (__TI_handler_table)
                  000041a0    00000008     (.cinit..bss.load) [load image, compression = zero_init]
                  000041a8    00000010     (__TI_cinit_table)

.init_array 
*          0    00000000    00000000     UNINITIALIZED

.bss       0    20000000    00007794     UNINITIALIZED
                  20000000    00007530     heap_2.obj (.bss:ucHeap)
                  20007530    00000140     tasks.obj (.bss:pxReadyTasksLists)
                  20007670    00000050     (.common:xQueueRegistry)
                  200076c0    00000014     timers.obj (.bss:xActiveTimerList1)
                  200076d4    00000014     timers.obj (.bss:xActiveTimerList2)
                  200076e8    00000014     tasks.obj (.bss:xDelayedTaskList1)
                  200076fc    00000014     tasks.obj (.bss:xDelayedTaskList2)
                  20007710    00000014     tasks.obj (.bss:xPendingReadyList)
                  20007724    00000014     tasks.obj (.bss:xSuspendedTaskList)
                  20007738    00000014     tasks.obj (.bss:xTasksWaitingTermination)
                  2000774c    00000008     tasks.obj (.bss)
                  20007754    00000008     timers.obj (.bss)
                  2000775c    00000008     heap_2.obj (.bss:xEnd)
                  20007764    00000008     heap_2.obj (.bss:xStart)
                  2000776c    00000004     (.common:g_pArmMotorDataQueue)
                  20007770    00000004     (.common:g_pArmMotorSemaphore)
                  20007774    00000004     (.common:g_pArmMotorTimerHandle)
                  20007778    00000004     (.common:g_pBaseMotorDataQueue)
                  2000777c    00000004     (.common:g_pBaseMotorSemaphore)
                  20007780    00000004     (.common:g_pBaseMotorTimerHandle)
                  20007784    00000004     (.common:g_pMpuSemaphore)
                  20007788    00000004     (.common:g_pMpuTimerHandle)
                  2000778c    00000004     (.common:g_pTimestampTimerHandle)
                  20007790    00000004     (.common:g_pUARTSemaphore)

.data      0    20007998    00000054     UNINITIALIZED
                  20007998    00000030     tasks.obj (.data)
                  200079c8    00000008     heap_2.obj (.data)
                  200079d0    00000008     timers.obj (.data)
                  200079d8    00000005     uartstdio.obj (.data)
                  200079dd    00000003     --HOLE--
                  200079e0    00000004     port.obj (.data)
                  200079e4    00000004     robot_system_timers.obj (.data)
                  200079e8    00000004     rtsv7M4_T_le_v4SPD16_eabi.lib : errno.c.obj (.data)

.stack     0    20007798    00000200     UNINITIALIZED
                  20007798    00000004     rtsv7M4_T_le_v4SPD16_eabi.lib : boot_cortex_m.c.obj (.stack)
                  2000779c    000001fc     --HOLE--

__llvm_prf_cnts 
*          0    20000000    00000000     UNINITIALIZED

MODULE SUMMARY

       Module                       code    ro data   rw data
       ------                       ----    -------   -------
    .\
       system_tasks.obj             1808    0         20     
       startup_ccs.obj              12      620       0      
       mpu6050.obj                  584     0         0      
       Robot_Arm_ECEN5623.obj       542     0         4      
       robot_system_timers.obj      404     0         20     
    +--+----------------------------+-------+---------+---------+
       Total:                       3350    620       44     
                                                             
    .\third_party\FreeRTOS\Source\
       tasks.obj                    2836    0         476    
       queue.obj                    1824    0         80     
       timers.obj                   1272    0         56     
       list.obj                     298     0         0      
    +--+----------------------------+-------+---------+---------+
       Total:                       6230    0         612    
                                                             
    .\third_party\FreeRTOS\Source\portable\CCS\ARM_CM4F\
       port.obj                     308     4         4      
       portasm.obj                  210     0         0      
    +--+----------------------------+-------+---------+---------+
       Total:                       518     4         4      
                                                             
    .\third_party\FreeRTOS\Source\portable\MemMang\
       heap_2.obj                   448     0         30024  
    +--+----------------------------+-------+---------+---------+
       Total:                       448     0         30024  
                                                             
    .\utils\
       uartstdio.obj                1024    46        5      
    +--+----------------------------+-------+---------+---------+
       Total:                       1024    46        5      
                                                             
    C:/ti/TivaWare_C_Series-2.1.4.178/driverlib/ccs/Debug/driverlib.lib
       gpio.obj                     438     144       0      
       timer.obj                    144     0         0      
       pwm.obj                      110     0         0      
       i2c.obj                      28      0         0      
       uart.obj                     6       0         0      
    +--+----------------------------+-------+---------+---------+
       Total:                       726     144       0      
                                                             
    C:\ti\ccs1020\ccs\tools\compiler\ti-cgt-arm_20.2.2.LTS\lib\rtsv7M4_T_le_v4SPD16_eabi.lib
       s_atan.c.obj                 748     152       0      
       e_atan2.c.obj                472     0         0      
       fd_add_t2.asm.obj            438     0         0      
       e_sqrt.c.obj                 344     0         0      
       fd_div_t2.asm.obj            310     0         0      
       fd_mul_t2.asm.obj            252     0         0      
       memcpy_t2.asm.obj            156     0         0      
       fd_cmp_t2.asm.obj            134     0         0      
       memset_t2.asm.obj            122     0         0      
       fd_tos_t2.asm.obj            110     0         0      
       copy_decompress_lzss.c.obj   104     0         0      
       autoinit.c.obj               68      0         0      
       u_divt2.asm.obj              64      0         0      
       fs_tod_t2.asm.obj            56      0         0      
       boot_cortex_m.c.obj          52      0         0      
       copy_decompress_none.c.obj   14      0         0      
       copy_zero_init.c.obj         12      0         0      
       errno.c.obj                  8       0         4      
       exit.c.obj                   4       0         0      
       pre_init.c.obj               4       0         0      
       div0.asm.obj                 2       0         0      
    +--+----------------------------+-------+---------+---------+
       Total:                       3474    152       4      
                                                             
       Stack:                       0       0         512    
       Linker Generated:            0       55        0      
    +--+----------------------------+-------+---------+---------+
       Grand Total:                 15770   1021      31205  


LINKER GENERATED COPY TABLES

__TI_cinit_table @ 000041a8 records: 2, size/record: 8, table size: 16
	.data: load addr=00004180, load size=00000013 bytes, run addr=20007998, run size=00000054 bytes, compression=lzss
	.bss: load addr=000041a0, load size=00000008 bytes, run addr=20000000, run size=00007794 bytes, compression=zero_init


LINKER GENERATED HANDLER TABLE

__TI_handler_table @ 00004194 records: 3, size/record: 4, table size: 12
	index: 0, handler: __TI_decompress_lzss
	index: 1, handler: __TI_decompress_none
	index: 2, handler: __TI_zero_init


GLOBAL SYMBOLS: SORTED ALPHABETICALLY BY Name 

address   name                           
-------   ----                           
000036c9  ArmMotorTaskInit               
00003721  BaseMotorTaskInit              
0000401b  C$$EXIT                        
000020e9  ConfigurePWM                   
00003a5d  ConfigureTimer5                
00002ea5  ConfigureUART                  
00003cb1  GPIODirModeSet                 
00001821  GPIOPadConfigSet               
000038bd  GPIOPinConfigure               
00003efd  GPIOPinTypePWM                 
00003fdf  I2CMasterBusy                  
0000400b  I2CMasterControl               
0000400f  I2CMasterDataGet               
00004013  I2CMasterDataPut               
00003fe7  I2CMasterSlaveAddrSet          
00002865  MPU6050TaskInit                
00003d6d  PWMGenConfigure                
00003f91  PWMGenEnable                   
00003f33  PWMGenPeriodSet                
00003f0f  PWMOutputState                 
00003e31  PWMPulseWidthSet               
00003ff9  ResetISR                       
00003fff  TimerClockSourceSet            
00003495  TimerConfigure                 
00003f75  TimerEnable                    
00003f21  TimerPrescaleSet               
00003fc1  TimerValueGet                  
00004005  UARTClockSourceSet             
00002f19  UARTStdioConfig                
00003d01  UARTprintf                     
0000026d  UARTvprintf                    
000035b5  UARTwrite                      
20007998  __STACK_END                    
00000200  __STACK_SIZE                   
20007998  __STACK_TOP                    
000041a8  __TI_CINIT_Base                
000041b8  __TI_CINIT_Limit               
00004194  __TI_Handler_Table_Base        
000041a0  __TI_Handler_Table_Limit       
00003995  __TI_auto_init_nobinit_nopinit 
000031bf  __TI_decompress_lzss           
00003f83  __TI_decompress_none           
ffffffff  __TI_pprof_out_hndl            
ffffffff  __TI_prof_data_size            
ffffffff  __TI_prof_data_start           
00000000  __TI_static_base__             
00003f9d  __TI_zero_init                 
00002aa9  __aeabi_cdrcmple               
00003151  __aeabi_d2f                    
00000d23  __aeabi_dadd                   
00001481  __aeabi_ddiv                   
00001b85  __aeabi_dmul                   
00000d19  __aeabi_dsub                   
00003ff1  __aeabi_errno_addr             
00003b85  __aeabi_f2d                    
00002017  __aeabi_idiv0                  
00002017  __aeabi_ldiv0                  
00002d39  __aeabi_memclr                 
00002d39  __aeabi_memclr4                
00002d39  __aeabi_memclr8                
00002731  __aeabi_memcpy                 
00002731  __aeabi_memcpy4                
00002731  __aeabi_memcpy8                
00002d3b  __aeabi_memset                 
00002d3b  __aeabi_memset4                
00002d3b  __aeabi_memset8                
00003a1d  __aeabi_uidiv                  
00003a1d  __aeabi_uidivmod               
ffffffff  __binit__                      
ffffffff  __c_args__                     
UNDEFED   __mpu_init                     
20007798  __stack                        
20000000  __start___llvm_prf_cnts        
20000000  __stop___llvm_prf_cnts         
00003bbd  _c_int00_noargs                
UNDEFED   _system_post_cinit             
00004017  _system_pre_init               
0000401b  abort                          
00000579  atan                           
00000b41  atan2                          
00000b41  atan2l                         
00000579  atanl                          
ffffffff  binit                          
200079e8  errno                          
2000776c  g_pArmMotorDataQueue           
20007770  g_pArmMotorSemaphore           
20007774  g_pArmMotorTimerHandle         
20007778  g_pBaseMotorDataQueue          
2000777c  g_pBaseMotorSemaphore          
20007780  g_pBaseMotorTimerHandle        
20007784  g_pMpuSemaphore                
20007788  g_pMpuTimerHandle              
2000778c  g_pTimestampTimerHandle        
20007790  g_pUARTSemaphore               
00000000  g_pfnVectors                   
00002695  main                           
00002731  memcpy                         
00002d41  memset                         
00001a7d  pvPortMalloc                   
00003e51  pvTaskIncrementMutexHeldCount  
00003ea3  pvTimerGetTimerID              
20007998  pxCurrentTCB                   
0000366d  pxPortInitialiseStack          
00001329  sqrt                           
00001329  sqrtl                          
00003fa9  ui32GetTickMs                  
00004174  ulMaxSyscallInterruptPriority  
00001f55  ulPortGetIPSR                  
00003905  uxListRemove                   
00003fd5  vApplicationStackOverflowHook  
00002279  vInitTimers                    
00003c25  vListInitialise                
00003f53  vListInitialiseItem            
000033c9  vListInsert                    
00003b11  vListInsertEnd                 
00002019  vMPU6050_Init                  
00001e61  vMPU6050_Read                  
000028f9  vMPU6050_Write                 
00002009  vPortEnableVFP                 
00003d25  vPortEnterCritical             
00003e6d  vPortExitCritical              
00003291  vPortFree                      
00001fcd  vPortSVCHandler                
00003ebd  vPortSetupTimerInterrupt       
00001fed  vPortStartFirstTask            
00003871  vQueueAddToRegistry            
00003779  vQueueWaitForMessageRestricted 
00003db1  vStartArmMotorTimer            
00003dd1  vStartBaseMotorTimer           
00003df1  vStartMpuTimer                 
00003fb5  vTaskMissedYield               
000032f9  vTaskPlaceOnEventList          
00003001  vTaskPlaceOnEventListRestricted
000021b1  vTaskPriorityInherit           
00003d49  vTaskSetTimeOutState           
00002cbd  vTaskStartScheduler            
00003f65  vTaskSuspendAll                
000023f5  vTaskSwitchContext             
00003361  vTimerCallback                 
00001f6d  xPortPendSVHandler             
000039d9  xPortStartScheduler            
00003c85  xPortSysTickHandler            
00003e11  xQueueCreateCountingSemaphore  
00002e2d  xQueueCreateMutex              
00003071  xQueueGenericCreate            
00001065  xQueueGenericReceive           
000025f5  xQueueGenericReset             
00001955  xQueueGenericSend              
00002a1d  xQueueGenericSendFromISR       
20007670  xQueueRegistry                 
00002bb5  xTaskCheckForTimeOut           
000015b9  xTaskGenericCreate             
00003c55  xTaskGetSchedulerState         
00003ee9  xTaskGetTickCount              
000016ed  xTaskIncrementTick             
00002551  xTaskPriorityDisinherit        
0000298d  xTaskRemoveFromEventList       
00001c81  xTaskResumeAll                 
000037cd  xTimerCreate                   
0000394d  xTimerCreateTimerTask          
000030e1  xTimerGenericCommand           


GLOBAL SYMBOLS: SORTED BY Symbol Address 

address   name                           
-------   ----                           
00000000  __TI_static_base__             
00000000  g_pfnVectors                   
00000200  __STACK_SIZE                   
0000026d  UARTvprintf                    
00000579  atan                           
00000579  atanl                          
00000b41  atan2                          
00000b41  atan2l                         
00000d19  __aeabi_dsub                   
00000d23  __aeabi_dadd                   
00001065  xQueueGenericReceive           
00001329  sqrt                           
00001329  sqrtl                          
00001481  __aeabi_ddiv                   
000015b9  xTaskGenericCreate             
000016ed  xTaskIncrementTick             
00001821  GPIOPadConfigSet               
00001955  xQueueGenericSend              
00001a7d  pvPortMalloc                   
00001b85  __aeabi_dmul                   
00001c81  xTaskResumeAll                 
00001e61  vMPU6050_Read                  
00001f55  ulPortGetIPSR                  
00001f6d  xPortPendSVHandler             
00001fcd  vPortSVCHandler                
00001fed  vPortStartFirstTask            
00002009  vPortEnableVFP                 
00002017  __aeabi_idiv0                  
00002017  __aeabi_ldiv0                  
00002019  vMPU6050_Init                  
000020e9  ConfigurePWM                   
000021b1  vTaskPriorityInherit           
00002279  vInitTimers                    
000023f5  vTaskSwitchContext             
00002551  xTaskPriorityDisinherit        
000025f5  xQueueGenericReset             
00002695  main                           
00002731  __aeabi_memcpy                 
00002731  __aeabi_memcpy4                
00002731  __aeabi_memcpy8                
00002731  memcpy                         
00002865  MPU6050TaskInit                
000028f9  vMPU6050_Write                 
0000298d  xTaskRemoveFromEventList       
00002a1d  xQueueGenericSendFromISR       
00002aa9  __aeabi_cdrcmple               
00002bb5  xTaskCheckForTimeOut           
00002cbd  vTaskStartScheduler            
00002d39  __aeabi_memclr                 
00002d39  __aeabi_memclr4                
00002d39  __aeabi_memclr8                
00002d3b  __aeabi_memset                 
00002d3b  __aeabi_memset4                
00002d3b  __aeabi_memset8                
00002d41  memset                         
00002e2d  xQueueCreateMutex              
00002ea5  ConfigureUART                  
00002f19  UARTStdioConfig                
00003001  vTaskPlaceOnEventListRestricted
00003071  xQueueGenericCreate            
000030e1  xTimerGenericCommand           
00003151  __aeabi_d2f                    
000031bf  __TI_decompress_lzss           
00003291  vPortFree                      
000032f9  vTaskPlaceOnEventList          
00003361  vTimerCallback                 
000033c9  vListInsert                    
00003495  TimerConfigure                 
000035b5  UARTwrite                      
0000366d  pxPortInitialiseStack          
000036c9  ArmMotorTaskInit               
00003721  BaseMotorTaskInit              
00003779  vQueueWaitForMessageRestricted 
000037cd  xTimerCreate                   
00003871  vQueueAddToRegistry            
000038bd  GPIOPinConfigure               
00003905  uxListRemove                   
0000394d  xTimerCreateTimerTask          
00003995  __TI_auto_init_nobinit_nopinit 
000039d9  xPortStartScheduler            
00003a1d  __aeabi_uidiv                  
00003a1d  __aeabi_uidivmod               
00003a5d  ConfigureTimer5                
00003b11  vListInsertEnd                 
00003b85  __aeabi_f2d                    
00003bbd  _c_int00_noargs                
00003c25  vListInitialise                
00003c55  xTaskGetSchedulerState         
00003c85  xPortSysTickHandler            
00003cb1  GPIODirModeSet                 
00003d01  UARTprintf                     
00003d25  vPortEnterCritical             
00003d49  vTaskSetTimeOutState           
00003d6d  PWMGenConfigure                
00003db1  vStartArmMotorTimer            
00003dd1  vStartBaseMotorTimer           
00003df1  vStartMpuTimer                 
00003e11  xQueueCreateCountingSemaphore  
00003e31  PWMPulseWidthSet               
00003e51  pvTaskIncrementMutexHeldCount  
00003e6d  vPortExitCritical              
00003ea3  pvTimerGetTimerID              
00003ebd  vPortSetupTimerInterrupt       
00003ee9  xTaskGetTickCount              
00003efd  GPIOPinTypePWM                 
00003f0f  PWMOutputState                 
00003f21  TimerPrescaleSet               
00003f33  PWMGenPeriodSet                
00003f53  vListInitialiseItem            
00003f65  vTaskSuspendAll                
00003f75  TimerEnable                    
00003f83  __TI_decompress_none           
00003f91  PWMGenEnable                   
00003f9d  __TI_zero_init                 
00003fa9  ui32GetTickMs                  
00003fb5  vTaskMissedYield               
00003fc1  TimerValueGet                  
00003fd5  vApplicationStackOverflowHook  
00003fdf  I2CMasterBusy                  
00003fe7  I2CMasterSlaveAddrSet          
00003ff1  __aeabi_errno_addr             
00003ff9  ResetISR                       
00003fff  TimerClockSourceSet            
00004005  UARTClockSourceSet             
0000400b  I2CMasterControl               
0000400f  I2CMasterDataGet               
00004013  I2CMasterDataPut               
00004017  _system_pre_init               
0000401b  C$$EXIT                        
0000401b  abort                          
00004174  ulMaxSyscallInterruptPriority  
00004194  __TI_Handler_Table_Base        
000041a0  __TI_Handler_Table_Limit       
000041a8  __TI_CINIT_Base                
000041b8  __TI_CINIT_Limit               
20000000  __start___llvm_prf_cnts        
20000000  __stop___llvm_prf_cnts         
20007670  xQueueRegistry                 
2000776c  g_pArmMotorDataQueue           
20007770  g_pArmMotorSemaphore           
20007774  g_pArmMotorTimerHandle         
20007778  g_pBaseMotorDataQueue          
2000777c  g_pBaseMotorSemaphore          
20007780  g_pBaseMotorTimerHandle        
20007784  g_pMpuSemaphore                
20007788  g_pMpuTimerHandle              
2000778c  g_pTimestampTimerHandle        
20007790  g_pUARTSemaphore               
20007798  __stack                        
20007998  __STACK_END                    
20007998  __STACK_TOP                    
20007998  pxCurrentTCB                   
200079e8  errno                          
ffffffff  __TI_pprof_out_hndl            
ffffffff  __TI_prof_data_size            
ffffffff  __TI_prof_data_start           
ffffffff  __binit__                      
ffffffff  __c_args__                     
ffffffff  binit                          
UNDEFED   __mpu_init                     
UNDEFED   _system_post_cinit             

[161 symbols]
