<?xml version="1.0" encoding="ISO-8859-1" ?>
<link_info>
   <banner>TI ARM Linker PC v20.2.2.LTS</banner>
   <copyright>Copyright (c) 1996-2018 Texas Instruments Incorporated</copyright>
   <link_time>0x623e6cef</link_time>
   <link_errors>0x0</link_errors>
   <output_file>HW3P3.out</output_file>
   <entry_point>
      <name>_c_int00_noargs</name>
      <address>0x26c9</address>
   </entry_point>
   <input_file_list>
      <input_file id="fl-2">
         <path>.\</path>
         <kind>object</kind>
         <file>HW3P3.obj</file>
         <name>HW3P3.obj</name>
      </input_file>
      <input_file id="fl-3">
         <path>.\</path>
         <kind>object</kind>
         <file>fib_tasks.obj</file>
         <name>fib_tasks.obj</name>
      </input_file>
      <input_file id="fl-4">
         <path>.\</path>
         <kind>object</kind>
         <file>p3_timer.obj</file>
         <name>p3_timer.obj</name>
      </input_file>
      <input_file id="fl-5">
         <path>.\</path>
         <kind>object</kind>
         <file>startup_ccs.obj</file>
         <name>startup_ccs.obj</name>
      </input_file>
      <input_file id="fl-6">
         <path>.\drivers\</path>
         <kind>object</kind>
         <file>buttons.obj</file>
         <name>buttons.obj</name>
      </input_file>
      <input_file id="fl-7">
         <path>.\drivers\</path>
         <kind>object</kind>
         <file>rgb.obj</file>
         <name>rgb.obj</name>
      </input_file>
      <input_file id="fl-8">
         <path>.\third_party\FreeRTOS\Source\</path>
         <kind>object</kind>
         <file>list.obj</file>
         <name>list.obj</name>
      </input_file>
      <input_file id="fl-9">
         <path>.\third_party\FreeRTOS\Source\</path>
         <kind>object</kind>
         <file>queue.obj</file>
         <name>queue.obj</name>
      </input_file>
      <input_file id="fl-a">
         <path>.\third_party\FreeRTOS\Source\</path>
         <kind>object</kind>
         <file>tasks.obj</file>
         <name>tasks.obj</name>
      </input_file>
      <input_file id="fl-b">
         <path>.\third_party\FreeRTOS\Source\</path>
         <kind>object</kind>
         <file>timers.obj</file>
         <name>timers.obj</name>
      </input_file>
      <input_file id="fl-c">
         <path>.\third_party\FreeRTOS\Source\portable\CCS\ARM_CM4F\</path>
         <kind>object</kind>
         <file>port.obj</file>
         <name>port.obj</name>
      </input_file>
      <input_file id="fl-d">
         <path>.\third_party\FreeRTOS\Source\portable\CCS\ARM_CM4F\</path>
         <kind>object</kind>
         <file>portasm.obj</file>
         <name>portasm.obj</name>
      </input_file>
      <input_file id="fl-e">
         <path>.\third_party\FreeRTOS\Source\portable\MemMang\</path>
         <kind>object</kind>
         <file>heap_2.obj</file>
         <name>heap_2.obj</name>
      </input_file>
      <input_file id="fl-f">
         <path>.\utils\</path>
         <kind>object</kind>
         <file>uartstdio.obj</file>
         <name>uartstdio.obj</name>
      </input_file>
      <input_file id="fl-10">
         <path>.\utils\</path>
         <kind>object</kind>
         <file>ustdlib.obj</file>
         <name>ustdlib.obj</name>
      </input_file>
      <input_file id="fl-15">
         <kind>object</kind>
         <file>&lt;internal&gt;</file>
         <name>&lt;internal&gt;</name>
      </input_file>
      <input_file id="fl-cb">
         <path>C:\ti\ccs1020\ccs\tools\compiler\ti-cgt-arm_20.2.2.LTS\lib\</path>
         <kind>archive</kind>
         <file>rtsv7M4_T_le_v4SPD16_eabi.lib</file>
         <name>fs_toull_t2.asm.obj</name>
      </input_file>
      <input_file id="fl-cc">
         <path>C:\ti\ccs1020\ccs\tools\compiler\ti-cgt-arm_20.2.2.LTS\lib\</path>
         <kind>archive</kind>
         <file>rtsv7M4_T_le_v4SPD16_eabi.lib</file>
         <name>memcpy_t2.asm.obj</name>
      </input_file>
      <input_file id="fl-cd">
         <path>C:\ti\ccs1020\ccs\tools\compiler\ti-cgt-arm_20.2.2.LTS\lib\</path>
         <kind>archive</kind>
         <file>rtsv7M4_T_le_v4SPD16_eabi.lib</file>
         <name>memset_t2.asm.obj</name>
      </input_file>
      <input_file id="fl-ce">
         <path>C:\ti\ccs1020\ccs\tools\compiler\ti-cgt-arm_20.2.2.LTS\lib\</path>
         <kind>archive</kind>
         <file>rtsv7M4_T_le_v4SPD16_eabi.lib</file>
         <name>u_divt2.asm.obj</name>
      </input_file>
      <input_file id="fl-cf">
         <path>C:\ti\ccs1020\ccs\tools\compiler\ti-cgt-arm_20.2.2.LTS\lib\</path>
         <kind>archive</kind>
         <file>rtsv7M4_T_le_v4SPD16_eabi.lib</file>
         <name>copy_zero_init.c.obj</name>
      </input_file>
      <input_file id="fl-d0">
         <path>C:\ti\ccs1020\ccs\tools\compiler\ti-cgt-arm_20.2.2.LTS\lib\</path>
         <kind>archive</kind>
         <file>rtsv7M4_T_le_v4SPD16_eabi.lib</file>
         <name>copy_decompress_none.c.obj</name>
      </input_file>
      <input_file id="fl-d1">
         <path>C:\ti\ccs1020\ccs\tools\compiler\ti-cgt-arm_20.2.2.LTS\lib\</path>
         <kind>archive</kind>
         <file>rtsv7M4_T_le_v4SPD16_eabi.lib</file>
         <name>copy_decompress_lzss.c.obj</name>
      </input_file>
      <input_file id="fl-d2">
         <path>C:\ti\ccs1020\ccs\tools\compiler\ti-cgt-arm_20.2.2.LTS\lib\</path>
         <kind>archive</kind>
         <file>rtsv7M4_T_le_v4SPD16_eabi.lib</file>
         <name>boot_cortex_m.c.obj</name>
      </input_file>
      <input_file id="fl-d3">
         <path>C:\ti\ccs1020\ccs\tools\compiler\ti-cgt-arm_20.2.2.LTS\lib\</path>
         <kind>archive</kind>
         <file>rtsv7M4_T_le_v4SPD16_eabi.lib</file>
         <name>div0.asm.obj</name>
      </input_file>
      <input_file id="fl-d4">
         <path>C:\ti\ccs1020\ccs\tools\compiler\ti-cgt-arm_20.2.2.LTS\lib\</path>
         <kind>archive</kind>
         <file>rtsv7M4_T_le_v4SPD16_eabi.lib</file>
         <name>autoinit.c.obj</name>
      </input_file>
      <input_file id="fl-d5">
         <path>C:\ti\ccs1020\ccs\tools\compiler\ti-cgt-arm_20.2.2.LTS\lib\</path>
         <kind>archive</kind>
         <file>rtsv7M4_T_le_v4SPD16_eabi.lib</file>
         <name>pre_init.c.obj</name>
      </input_file>
      <input_file id="fl-d6">
         <path>C:\ti\ccs1020\ccs\tools\compiler\ti-cgt-arm_20.2.2.LTS\lib\</path>
         <kind>archive</kind>
         <file>rtsv7M4_T_le_v4SPD16_eabi.lib</file>
         <name>cpy_tbl.c.obj</name>
      </input_file>
      <input_file id="fl-d7">
         <path>C:\ti\ccs1020\ccs\tools\compiler\ti-cgt-arm_20.2.2.LTS\lib\</path>
         <kind>archive</kind>
         <file>rtsv7M4_T_le_v4SPD16_eabi.lib</file>
         <name>exit.c.obj</name>
      </input_file>
      <input_file id="fl-d8">
         <path>C:\ti\ccs1020\ccs\tools\compiler\ti-cgt-arm_20.2.2.LTS\lib\</path>
         <kind>archive</kind>
         <file>rtsv7M4_T_le_v4SPD16_eabi.lib</file>
         <name>_lock.c.obj</name>
      </input_file>
      <input_file id="fl-d9">
         <path>C:\ti\ccs1020\ccs\tools\compiler\ti-cgt-arm_20.2.2.LTS\lib\</path>
         <kind>archive</kind>
         <file>rtsv7M4_T_le_v4SPD16_eabi.lib</file>
         <name>args_main.c.obj</name>
      </input_file>
      <input_file id="fl-da">
         <path>C:\ti\TivaWare_C_Series-2.1.4.178\driverlib\ccs\Debug\</path>
         <kind>archive</kind>
         <file>driverlib.lib</file>
         <name>sysctl.obj</name>
      </input_file>
      <input_file id="fl-db">
         <path>C:\ti\TivaWare_C_Series-2.1.4.178\driverlib\ccs\Debug\</path>
         <kind>archive</kind>
         <file>driverlib.lib</file>
         <name>uart.obj</name>
      </input_file>
      <input_file id="fl-dc">
         <path>C:\ti\TivaWare_C_Series-2.1.4.178\driverlib\ccs\Debug\</path>
         <kind>archive</kind>
         <file>driverlib.lib</file>
         <name>cpu.obj</name>
      </input_file>
      <input_file id="fl-dd">
         <path>C:\ti\TivaWare_C_Series-2.1.4.178\driverlib\ccs\Debug\</path>
         <kind>archive</kind>
         <file>driverlib.lib</file>
         <name>interrupt.obj</name>
      </input_file>
   </input_file_list>
   <object_component_list>
      <object_component id="oc-12">
         <name>.intvecs</name>
         <load_address>0x0</load_address>
         <run_address>0x0</run_address>
         <size>0x26c</size>
         <input_file_ref idref="fl-5"/>
      </object_component>
      <object_component id="oc-1d1">
         <name>.text:UARTvprintf</name>
         <load_address>0x26c</load_address>
         <run_address>0x26c</run_address>
         <size>0x30c</size>
         <input_file_ref idref="fl-f"/>
      </object_component>
      <object_component id="oc-33f">
         <name>.text:xQueueGenericReceive</name>
         <load_address>0x578</load_address>
         <run_address>0x578</run_address>
         <size>0x168</size>
         <input_file_ref idref="fl-9"/>
      </object_component>
      <object_component id="oc-217">
         <name>.text:xTaskGenericCreate</name>
         <load_address>0x6e0</load_address>
         <run_address>0x6e0</run_address>
         <size>0x134</size>
         <input_file_ref idref="fl-a"/>
      </object_component>
      <object_component id="oc-9b">
         <name>.text:xTaskIncrementTick</name>
         <load_address>0x814</load_address>
         <run_address>0x814</run_address>
         <size>0x134</size>
         <input_file_ref idref="fl-a"/>
      </object_component>
      <object_component id="oc-1ea">
         <name>.text:xQueueGenericSend</name>
         <load_address>0x948</load_address>
         <run_address>0x948</run_address>
         <size>0x128</size>
         <input_file_ref idref="fl-9"/>
      </object_component>
      <object_component id="oc-220">
         <name>.text:Fib1Task</name>
         <load_address>0xa70</load_address>
         <run_address>0xa70</run_address>
         <size>0x10c</size>
         <input_file_ref idref="fl-3"/>
      </object_component>
      <object_component id="oc-228">
         <name>.text:Fib2Task</name>
         <load_address>0xb7c</load_address>
         <run_address>0xb7c</run_address>
         <size>0x10c</size>
         <input_file_ref idref="fl-3"/>
      </object_component>
      <object_component id="oc-1de">
         <name>.text:pvPortMalloc</name>
         <load_address>0xc88</load_address>
         <run_address>0xc88</run_address>
         <size>0x108</size>
         <input_file_ref idref="fl-e"/>
      </object_component>
      <object_component id="oc-29a">
         <name>.text:xTaskResumeAll</name>
         <load_address>0xd90</load_address>
         <run_address>0xd90</run_address>
         <size>0xf8</size>
         <input_file_ref idref="fl-a"/>
      </object_component>
      <object_component id="oc-444">
         <name>.text:prvProcessReceivedCommands</name>
         <load_address>0xe88</load_address>
         <run_address>0xe88</run_address>
         <size>0xe8</size>
         <input_file_ref idref="fl-b"/>
      </object_component>
      <object_component id="oc-3f">
         <name>.text</name>
         <load_address>0xf70</load_address>
         <run_address>0xf70</run_address>
         <size>0xd2</size>
         <input_file_ref idref="fl-d"/>
      </object_component>
      <object_component id="oc-33">
         <name>.text:FaultISR</name>
         <load_address>0x1042</load_address>
         <run_address>0x1042</run_address>
         <size>0x2</size>
         <input_file_ref idref="fl-5"/>
      </object_component>
      <object_component id="oc-42e">
         <name>.text:vTaskPriorityInherit</name>
         <load_address>0x1044</load_address>
         <run_address>0x1044</run_address>
         <size>0xc8</size>
         <input_file_ref idref="fl-a"/>
      </object_component>
      <object_component id="oc-2b2">
         <name>.text:prvCopyDataToQueue</name>
         <load_address>0x110c</load_address>
         <run_address>0x110c</run_address>
         <size>0xba</size>
         <input_file_ref idref="fl-9"/>
      </object_component>
      <object_component id="oc-39">
         <name>.text:IntDefaultHandler</name>
         <load_address>0x11c6</load_address>
         <run_address>0x11c6</run_address>
         <size>0x2</size>
         <input_file_ref idref="fl-5"/>
      </object_component>
      <object_component id="oc-94">
         <name>.text:vTaskSwitchContext</name>
         <load_address>0x11c8</load_address>
         <run_address>0x11c8</run_address>
         <size>0xb8</size>
         <input_file_ref idref="fl-a"/>
      </object_component>
      <object_component id="oc-49c">
         <name>.text:prvSwitchTimerLists</name>
         <load_address>0x1280</load_address>
         <run_address>0x1280</run_address>
         <size>0xa4</size>
         <input_file_ref idref="fl-b"/>
      </object_component>
      <object_component id="oc-3bd">
         <name>.text:xTaskPriorityDisinherit</name>
         <load_address>0x1324</load_address>
         <run_address>0x1324</run_address>
         <size>0xa4</size>
         <input_file_ref idref="fl-a"/>
      </object_component>
      <object_component id="oc-3fc">
         <name>.text:xQueueGenericReset</name>
         <load_address>0x13c8</load_address>
         <run_address>0x13c8</run_address>
         <size>0xa0</size>
         <input_file_ref idref="fl-9"/>
      </object_component>
      <object_component id="oc-58">
         <name>.text</name>
         <load_address>0x1468</load_address>
         <run_address>0x1468</run_address>
         <size>0x9c</size>
         <input_file_ref idref="fl-cc"/>
      </object_component>
      <object_component id="oc-32a">
         <name>.text:prvInitialiseTCBVariables</name>
         <load_address>0x1504</load_address>
         <run_address>0x1504</run_address>
         <size>0x98</size>
         <input_file_ref idref="fl-a"/>
      </object_component>
      <object_component id="oc-135">
         <name>.text:vInitTimers</name>
         <load_address>0x159c</load_address>
         <run_address>0x159c</run_address>
         <size>0x90</size>
         <input_file_ref idref="fl-4"/>
      </object_component>
      <object_component id="oc-2b8">
         <name>.text:xTaskRemoveFromEventList</name>
         <load_address>0x162c</load_address>
         <run_address>0x162c</run_address>
         <size>0x90</size>
         <input_file_ref idref="fl-a"/>
      </object_component>
      <object_component id="oc-2ff">
         <name>.text:xQueueGenericSendFromISR</name>
         <load_address>0x16bc</load_address>
         <run_address>0x16bc</run_address>
         <size>0x8c</size>
         <input_file_ref idref="fl-9"/>
      </object_component>
      <object_component id="oc-cf">
         <name>.text:main</name>
         <load_address>0x1748</load_address>
         <run_address>0x1748</run_address>
         <size>0x84</size>
         <input_file_ref idref="fl-2"/>
      </object_component>
      <object_component id="oc-43e">
         <name>.text:prvProcessTimerOrBlockTask</name>
         <load_address>0x17cc</load_address>
         <run_address>0x17cc</run_address>
         <size>0x84</size>
         <input_file_ref idref="fl-b"/>
      </object_component>
      <object_component id="oc-2ca">
         <name>.text:xTaskCheckForTimeOut</name>
         <load_address>0x1850</load_address>
         <run_address>0x1850</run_address>
         <size>0x84</size>
         <input_file_ref idref="fl-a"/>
      </object_component>
      <object_component id="oc-2dc">
         <name>.text:prvUnlockQueue</name>
         <load_address>0x18d4</load_address>
         <run_address>0x18d4</run_address>
         <size>0x82</size>
         <input_file_ref idref="fl-9"/>
      </object_component>
      <object_component id="oc-2d">
         <name>.text:NmiSR</name>
         <load_address>0x1956</load_address>
         <run_address>0x1956</run_address>
         <size>0x2</size>
         <input_file_ref idref="fl-5"/>
      </object_component>
      <object_component id="oc-147">
         <name>.text:vTaskStartScheduler</name>
         <load_address>0x1958</load_address>
         <run_address>0x1958</run_address>
         <size>0x7c</size>
         <input_file_ref idref="fl-a"/>
      </object_component>
      <object_component id="oc-c3">
         <name>.text</name>
         <load_address>0x19d4</load_address>
         <run_address>0x19d4</run_address>
         <size>0x7a</size>
         <input_file_ref idref="fl-cd"/>
      </object_component>
      <object_component id="oc-39d">
         <name>.text</name>
         <load_address>0x1a4e</load_address>
         <run_address>0x1a4e</run_address>
         <size>0x2</size>
         <input_file_ref idref="fl-d3"/>
      </object_component>
      <object_component id="oc-494">
         <name>.text:prvInsertTimerInActiveList</name>
         <load_address>0x1a50</load_address>
         <run_address>0x1a50</run_address>
         <size>0x78</size>
         <input_file_ref idref="fl-b"/>
      </object_component>
      <object_component id="oc-12f">
         <name>.text:xQueueCreateMutex</name>
         <load_address>0x1ac8</load_address>
         <run_address>0x1ac8</run_address>
         <size>0x76</size>
         <input_file_ref idref="fl-9"/>
      </object_component>
      <object_component id="oc-123">
         <name>.text:ConfigureUART</name>
         <load_address>0x1b40</load_address>
         <run_address>0x1b40</run_address>
         <size>0x74</size>
         <input_file_ref idref="fl-2"/>
      </object_component>
      <object_component id="oc-1ca">
         <name>.text:UARTStdioConfig</name>
         <load_address>0x1bb4</load_address>
         <run_address>0x1bb4</run_address>
         <size>0x74</size>
         <input_file_ref idref="fl-f"/>
      </object_component>
      <object_component id="oc-336">
         <name>.text:prvInitialiseTaskLists</name>
         <load_address>0x1c28</load_address>
         <run_address>0x1c28</run_address>
         <size>0x74</size>
         <input_file_ref idref="fl-a"/>
      </object_component>
      <object_component id="oc-4a3">
         <name>.text:vTaskPlaceOnEventListRestricted</name>
         <load_address>0x1c9c</load_address>
         <run_address>0x1c9c</run_address>
         <size>0x70</size>
         <input_file_ref idref="fl-a"/>
      </object_component>
      <object_component id="oc-31d">
         <name>.text:xQueueGenericCreate</name>
         <load_address>0x1d0c</load_address>
         <run_address>0x1d0c</run_address>
         <size>0x70</size>
         <input_file_ref idref="fl-9"/>
      </object_component>
      <object_component id="oc-1ff">
         <name>.text:xTimerGenericCommand</name>
         <load_address>0x1d7c</load_address>
         <run_address>0x1d7c</run_address>
         <size>0x70</size>
         <input_file_ref idref="fl-b"/>
      </object_component>
      <object_component id="oc-208">
         <name>.text:vTimerCallback</name>
         <load_address>0x1dec</load_address>
         <run_address>0x1dec</run_address>
         <size>0x6c</size>
         <input_file_ref idref="fl-4"/>
      </object_component>
      <object_component id="oc-15">
         <name>.text:decompress:lzss:__TI_decompress_lzss</name>
         <load_address>0x1e58</load_address>
         <run_address>0x1e58</run_address>
         <size>0x68</size>
         <input_file_ref idref="fl-d1"/>
      </object_component>
      <object_component id="oc-36a">
         <name>.text:prvCheckTasksWaitingTermination</name>
         <load_address>0x1ec0</load_address>
         <run_address>0x1ec0</run_address>
         <size>0x68</size>
         <input_file_ref idref="fl-a"/>
      </object_component>
      <object_component id="oc-403">
         <name>.text:vPortFree</name>
         <load_address>0x1f28</load_address>
         <run_address>0x1f28</run_address>
         <size>0x68</size>
         <input_file_ref idref="fl-e"/>
      </object_component>
      <object_component id="oc-2d6">
         <name>.text:vTaskPlaceOnEventList</name>
         <load_address>0x1f90</load_address>
         <run_address>0x1f90</run_address>
         <size>0x68</size>
         <input_file_ref idref="fl-a"/>
      </object_component>
      <object_component id="oc-3c9">
         <name>.text:vListInsert</name>
         <load_address>0x1ff8</load_address>
         <run_address>0x1ff8</run_address>
         <size>0x66</size>
         <input_file_ref idref="fl-8"/>
      </object_component>
      <object_component id="oc-2ea">
         <name>.text:prvCheckForValidListAndQueue</name>
         <load_address>0x2060</load_address>
         <run_address>0x2060</run_address>
         <size>0x64</size>
         <input_file_ref idref="fl-b"/>
      </object_component>
      <object_component id="oc-487">
         <name>.text:prvProcessExpiredTimer</name>
         <load_address>0x20c4</load_address>
         <run_address>0x20c4</run_address>
         <size>0x60</size>
         <input_file_ref idref="fl-b"/>
      </object_component>
      <object_component id="oc-324">
         <name>.text:prvAllocateTCBAndStack</name>
         <load_address>0x2124</load_address>
         <run_address>0x2124</run_address>
         <size>0x5e</size>
         <input_file_ref idref="fl-a"/>
      </object_component>
      <object_component id="oc-278">
         <name>.text:UARTwrite</name>
         <load_address>0x2184</load_address>
         <run_address>0x2184</run_address>
         <size>0x5c</size>
         <input_file_ref idref="fl-f"/>
      </object_component>
      <object_component id="oc-3cf">
         <name>.text:prvAddCurrentTaskToDelayedList</name>
         <load_address>0x21e0</load_address>
         <run_address>0x21e0</run_address>
         <size>0x5c</size>
         <input_file_ref idref="fl-a"/>
      </object_component>
      <object_component id="oc-330">
         <name>.text:pxPortInitialiseStack</name>
         <load_address>0x223c</load_address>
         <run_address>0x223c</run_address>
         <size>0x5c</size>
         <input_file_ref idref="fl-c"/>
      </object_component>
      <object_component id="oc-13b">
         <name>.text:Fib1TaskInit</name>
         <load_address>0x2298</load_address>
         <run_address>0x2298</run_address>
         <size>0x54</size>
         <input_file_ref idref="fl-3"/>
      </object_component>
      <object_component id="oc-141">
         <name>.text:Fib2TaskInit</name>
         <load_address>0x22ec</load_address>
         <run_address>0x22ec</run_address>
         <size>0x54</size>
         <input_file_ref idref="fl-3"/>
      </object_component>
      <object_component id="oc-48d">
         <name>.text:vQueueWaitForMessageRestricted</name>
         <load_address>0x2340</load_address>
         <run_address>0x2340</run_address>
         <size>0x54</size>
         <input_file_ref idref="fl-9"/>
      </object_component>
      <object_component id="oc-1f3">
         <name>.text:xTimerCreate</name>
         <load_address>0x2394</load_address>
         <run_address>0x2394</run_address>
         <size>0x54</size>
         <input_file_ref idref="fl-b"/>
      </object_component>
      <object_component id="oc-294">
         <name>.text:prvHeapInit</name>
         <load_address>0x23e8</load_address>
         <run_address>0x23e8</run_address>
         <size>0x50</size>
         <input_file_ref idref="fl-e"/>
      </object_component>
      <object_component id="oc-3e0">
         <name>.text:vQueueAddToRegistry</name>
         <load_address>0x2438</load_address>
         <run_address>0x2438</run_address>
         <size>0x4c</size>
         <input_file_ref idref="fl-9"/>
      </object_component>
      <object_component id="oc-fc">
         <name>.text:uxListRemove</name>
         <load_address>0x2484</load_address>
         <run_address>0x2484</run_address>
         <size>0x48</size>
         <input_file_ref idref="fl-8"/>
      </object_component>
      <object_component id="oc-22f">
         <name>.text:xTimerCreateTimerTask</name>
         <load_address>0x24cc</load_address>
         <run_address>0x24cc</run_address>
         <size>0x48</size>
         <input_file_ref idref="fl-b"/>
      </object_component>
      <object_component id="oc-15b">
         <name>.text:__TI_auto_init_nobinit_nopinit:__TI_auto_init_nobinit_nopinit</name>
         <load_address>0x2514</load_address>
         <run_address>0x2514</run_address>
         <size>0x44</size>
         <input_file_ref idref="fl-d4"/>
      </object_component>
      <object_component id="oc-235">
         <name>.text:xPortStartScheduler</name>
         <load_address>0x2558</load_address>
         <run_address>0x2558</run_address>
         <size>0x44</size>
         <input_file_ref idref="fl-c"/>
      </object_component>
      <object_component id="oc-27e">
         <name>.text</name>
         <load_address>0x259c</load_address>
         <run_address>0x259c</run_address>
         <size>0x40</size>
         <input_file_ref idref="fl-ce"/>
      </object_component>
      <object_component id="oc-41c">
         <name>.text:prvCopyDataFromQueue</name>
         <load_address>0x25dc</load_address>
         <run_address>0x25dc</run_address>
         <size>0x3c</size>
         <input_file_ref idref="fl-9"/>
      </object_component>
      <object_component id="oc-f6">
         <name>.text:prvResetNextTaskUnblockTime</name>
         <load_address>0x2618</load_address>
         <run_address>0x2618</run_address>
         <size>0x3c</size>
         <input_file_ref idref="fl-a"/>
      </object_component>
      <object_component id="oc-102">
         <name>.text:vListInsertEnd</name>
         <load_address>0x2654</load_address>
         <run_address>0x2654</run_address>
         <size>0x3c</size>
         <input_file_ref idref="fl-8"/>
      </object_component>
      <object_component id="oc-438">
         <name>.text:prvGetNextExpireTime</name>
         <load_address>0x2690</load_address>
         <run_address>0x2690</run_address>
         <size>0x38</size>
         <input_file_ref idref="fl-b"/>
      </object_component>
      <object_component id="oc-76">
         <name>.text:_c_int00_noargs:_c_int00_noargs</name>
         <load_address>0x26c8</load_address>
         <run_address>0x26c8</run_address>
         <size>0x34</size>
         <input_file_ref idref="fl-d2"/>
      </object_component>
      <object_component id="oc-485">
         <name>.text:prvSampleTimeNow</name>
         <load_address>0x26fc</load_address>
         <run_address>0x26fc</run_address>
         <size>0x34</size>
         <input_file_ref idref="fl-b"/>
      </object_component>
      <object_component id="oc-1e4">
         <name>.text:vListInitialise</name>
         <load_address>0x2730</load_address>
         <run_address>0x2730</run_address>
         <size>0x30</size>
         <input_file_ref idref="fl-8"/>
      </object_component>
      <object_component id="oc-2f9">
         <name>.text:xTaskGetSchedulerState</name>
         <load_address>0x2760</load_address>
         <run_address>0x2760</run_address>
         <size>0x30</size>
         <input_file_ref idref="fl-a"/>
      </object_component>
      <object_component id="oc-44">
         <name>.text:xPortSysTickHandler</name>
         <load_address>0x2790</load_address>
         <run_address>0x2790</run_address>
         <size>0x2c</size>
         <input_file_ref idref="fl-c"/>
      </object_component>
      <object_component id="oc-2d0">
         <name>.text:prvIsQueueFull</name>
         <load_address>0x27bc</load_address>
         <run_address>0x27bc</run_address>
         <size>0x26</size>
         <input_file_ref idref="fl-9"/>
      </object_component>
      <object_component id="oc-129">
         <name>.text:UARTprintf</name>
         <load_address>0x27e2</load_address>
         <run_address>0x27e2</run_address>
         <size>0x24</size>
         <input_file_ref idref="fl-f"/>
      </object_component>
      <object_component id="oc-2ac">
         <name>.text:vPortEnterCritical</name>
         <load_address>0x2808</load_address>
         <run_address>0x2808</run_address>
         <size>0x24</size>
         <input_file_ref idref="fl-c"/>
      </object_component>
      <object_component id="oc-2c4">
         <name>.text:vTaskSetTimeOutState</name>
         <load_address>0x282c</load_address>
         <run_address>0x282c</run_address>
         <size>0x24</size>
         <input_file_ref idref="fl-a"/>
      </object_component>
      <object_component id="oc-428">
         <name>.text:prvIsQueueEmpty</name>
         <load_address>0x2850</load_address>
         <run_address>0x2850</run_address>
         <size>0x20</size>
         <input_file_ref idref="fl-9"/>
      </object_component>
      <object_component id="oc-34b">
         <name>.text:vStart30msTimer</name>
         <load_address>0x2870</load_address>
         <run_address>0x2870</run_address>
         <size>0x20</size>
         <input_file_ref idref="fl-4"/>
      </object_component>
      <object_component id="oc-352">
         <name>.text:vStart80msTimer</name>
         <load_address>0x2890</load_address>
         <run_address>0x2890</run_address>
         <size>0x20</size>
         <input_file_ref idref="fl-4"/>
      </object_component>
      <object_component id="oc-211">
         <name>.text:xQueueCreateCountingSemaphore</name>
         <load_address>0x28b0</load_address>
         <run_address>0x28b0</run_address>
         <size>0x20</size>
         <input_file_ref idref="fl-9"/>
      </object_component>
      <object_component id="oc-422">
         <name>.text:pvTaskIncrementMutexHeldCount</name>
         <load_address>0x28d0</load_address>
         <run_address>0x28d0</run_address>
         <size>0x1c</size>
         <input_file_ref idref="fl-a"/>
      </object_component>
      <object_component id="oc-2be">
         <name>.text:vPortExitCritical</name>
         <load_address>0x28ec</load_address>
         <run_address>0x28ec</run_address>
         <size>0x1c</size>
         <input_file_ref idref="fl-c"/>
      </object_component>
      <object_component id="oc-359">
         <name>.text:prvTimerTask</name>
         <load_address>0x2908</load_address>
         <run_address>0x2908</run_address>
         <size>0x1a</size>
         <input_file_ref idref="fl-b"/>
      </object_component>
      <object_component id="oc-313">
         <name>.text:pvTimerGetTimerID</name>
         <load_address>0x2922</load_address>
         <run_address>0x2922</run_address>
         <size>0x1a</size>
         <input_file_ref idref="fl-b"/>
      </object_component>
      <object_component id="oc-360">
         <name>.text:vPortSetupTimerInterrupt</name>
         <load_address>0x293c</load_address>
         <run_address>0x293c</run_address>
         <size>0x18</size>
         <input_file_ref idref="fl-c"/>
      </object_component>
      <object_component id="oc-44e">
         <name>.text:prvDeleteTCB</name>
         <load_address>0x2954</load_address>
         <run_address>0x2954</run_address>
         <size>0x14</size>
         <input_file_ref idref="fl-a"/>
      </object_component>
      <object_component id="oc-1f9">
         <name>.text:xTaskGetTickCount</name>
         <load_address>0x2968</load_address>
         <run_address>0x2968</run_address>
         <size>0x14</size>
         <input_file_ref idref="fl-a"/>
      </object_component>
      <object_component id="oc-40b">
         <name>.text:prvTaskExitError</name>
         <load_address>0x297c</load_address>
         <run_address>0x297c</run_address>
         <size>0x10</size>
         <input_file_ref idref="fl-c"/>
      </object_component>
      <object_component id="oc-2f0">
         <name>.text:vListInitialiseItem</name>
         <load_address>0x298c</load_address>
         <run_address>0x298c</run_address>
         <size>0x10</size>
         <input_file_ref idref="fl-8"/>
      </object_component>
      <object_component id="oc-28e">
         <name>.text:vTaskSuspendAll</name>
         <load_address>0x299c</load_address>
         <run_address>0x299c</run_address>
         <size>0x10</size>
         <input_file_ref idref="fl-a"/>
      </object_component>
      <object_component id="oc-1b">
         <name>.text:decompress:none:__TI_decompress_none</name>
         <load_address>0x29ac</load_address>
         <run_address>0x29ac</run_address>
         <size>0xe</size>
         <input_file_ref idref="fl-d0"/>
      </object_component>
      <object_component id="oc-6a">
         <name>.text:decompress:ZI:__TI_zero_init</name>
         <load_address>0x29ba</load_address>
         <run_address>0x29ba</run_address>
         <size>0xc</size>
         <input_file_ref idref="fl-cf"/>
      </object_component>
      <object_component id="oc-345">
         <name>.text:ui32GetTickMs</name>
         <load_address>0x29c8</load_address>
         <run_address>0x29c8</run_address>
         <size>0xc</size>
         <input_file_ref idref="fl-4"/>
      </object_component>
      <object_component id="oc-3d9">
         <name>.text:vTaskMissedYield</name>
         <load_address>0x29d4</load_address>
         <run_address>0x29d4</run_address>
         <size>0xc</size>
         <input_file_ref idref="fl-a"/>
      </object_component>
      <object_component id="oc-23b">
         <name>.text:prvIdleTask</name>
         <load_address>0x29e0</load_address>
         <run_address>0x29e0</run_address>
         <size>0xa</size>
         <input_file_ref idref="fl-a"/>
      </object_component>
      <object_component id="oc-ec">
         <name>.text:vApplicationStackOverflowHook</name>
         <load_address>0x29ea</load_address>
         <run_address>0x29ea</run_address>
         <size>0xa</size>
         <input_file_ref idref="fl-2"/>
      </object_component>
      <object_component id="oc-27">
         <name>.text:ResetISR</name>
         <load_address>0x29f4</load_address>
         <run_address>0x29f4</run_address>
         <size>0x6</size>
         <input_file_ref idref="fl-5"/>
      </object_component>
      <object_component id="oc-1c4">
         <name>.text:UARTClockSourceSet</name>
         <load_address>0x29fa</load_address>
         <run_address>0x29fa</run_address>
         <size>0x6</size>
         <input_file_ref idref="fl-db"/>
      </object_component>
      <object_component id="oc-c9">
         <name>.text:_system_pre_init</name>
         <load_address>0x2a00</load_address>
         <run_address>0x2a00</run_address>
         <size>0x4</size>
         <input_file_ref idref="fl-d5"/>
      </object_component>
      <object_component id="oc-14f">
         <name>.text:abort:abort</name>
         <load_address>0x2a04</load_address>
         <run_address>0x2a04</run_address>
         <size>0x4</size>
         <input_file_ref idref="fl-d7"/>
      </object_component>
      <object_component id="oc-3a3">
         <name>.const:.string</name>
         <load_address>0x2a08</load_address>
         <run_address>0x2a08</run_address>
         <size>0x12</size>
         <input_file_ref idref="fl-f"/>
      </object_component>
      <object_component id="oc-274">
         <name>.const:g_ui32UARTBase</name>
         <load_address>0x2a1c</load_address>
         <run_address>0x2a1c</run_address>
         <size>0xc</size>
         <input_file_ref idref="fl-f"/>
      </object_component>
      <object_component id="oc-26b">
         <name>.const:g_ui32UARTPeriph</name>
         <load_address>0x2a28</load_address>
         <run_address>0x2a28</run_address>
         <size>0xc</size>
         <input_file_ref idref="fl-f"/>
      </object_component>
      <object_component id="oc-91">
         <name>.const</name>
         <load_address>0x2a34</load_address>
         <run_address>0x2a34</run_address>
         <size>0x4</size>
         <input_file_ref idref="fl-c"/>
      </object_component>
      <object_component id="oc-283">
         <name>.const</name>
         <load_address>0x2a38</load_address>
         <run_address>0x2a38</run_address>
         <size>0x4</size>
         <input_file_ref idref="fl-f"/>
      </object_component>
      <object_component id="oc-4d8">
         <name>.cinit..data.load</name>
         <load_address>0x2a40</load_address>
         <run_address>0x2a40</run_address>
         <size>0x10</size>
      </object_component>
      <object_component id="oc-4d6">
         <name>__TI_handler_table</name>
         <load_address>0x2a50</load_address>
         <run_address>0x2a50</run_address>
         <size>0xc</size>
      </object_component>
      <object_component id="oc-4d9">
         <name>.cinit..bss.load</name>
         <load_address>0x2a60</load_address>
         <run_address>0x2a60</run_address>
         <size>0x8</size>
      </object_component>
      <object_component id="oc-4d7">
         <name>__TI_cinit_table</name>
         <load_address>0x2a68</load_address>
         <run_address>0x2a68</run_address>
         <size>0x10</size>
      </object_component>
      <object_component id="oc-319">
         <name>.data</name>
         <load_address>0x200079d0</load_address>
         <run_address>0x200079d0</run_address>
         <size>0x4</size>
         <input_file_ref idref="fl-4"/>
      </object_component>
      <object_component id="oc-8e">
         <name>.data</name>
         <load_address>0x20007988</load_address>
         <run_address>0x20007988</run_address>
         <size>0x30</size>
         <input_file_ref idref="fl-a"/>
      </object_component>
      <object_component id="oc-305">
         <name>.data</name>
         <load_address>0x200079c0</load_address>
         <run_address>0x200079c0</run_address>
         <size>0x8</size>
         <input_file_ref idref="fl-b"/>
      </object_component>
      <object_component id="oc-366">
         <name>.data</name>
         <load_address>0x200079d4</load_address>
         <run_address>0x200079d4</run_address>
         <size>0x4</size>
         <input_file_ref idref="fl-c"/>
      </object_component>
      <object_component id="oc-2a0">
         <name>.data</name>
         <load_address>0x200079b8</load_address>
         <run_address>0x200079b8</run_address>
         <size>0x8</size>
         <input_file_ref idref="fl-e"/>
      </object_component>
      <object_component id="oc-26e">
         <name>.data</name>
         <load_address>0x200079c8</load_address>
         <run_address>0x200079c8</run_address>
         <size>0x5</size>
         <input_file_ref idref="fl-f"/>
      </object_component>
      <object_component id="oc-f2">
         <name>.bss:pxReadyTasksLists</name>
         <uninitialized>true</uninitialized>
         <run_address>0x20007530</run_address>
         <size>0x140</size>
         <input_file_ref idref="fl-a"/>
      </object_component>
      <object_component id="oc-412">
         <name>.bss:xDelayedTaskList1</name>
         <uninitialized>true</uninitialized>
         <run_address>0x200076e8</run_address>
         <size>0x14</size>
         <input_file_ref idref="fl-a"/>
      </object_component>
      <object_component id="oc-415">
         <name>.bss:xDelayedTaskList2</name>
         <uninitialized>true</uninitialized>
         <run_address>0x200076fc</run_address>
         <size>0x14</size>
         <input_file_ref idref="fl-a"/>
      </object_component>
      <object_component id="oc-108">
         <name>.bss</name>
         <uninitialized>true</uninitialized>
         <run_address>0x2000774c</run_address>
         <size>0x8</size>
         <input_file_ref idref="fl-a"/>
      </object_component>
      <object_component id="oc-3ab">
         <name>.bss:xPendingReadyList</name>
         <uninitialized>true</uninitialized>
         <run_address>0x20007710</run_address>
         <size>0x14</size>
         <input_file_ref idref="fl-a"/>
      </object_component>
      <object_component id="oc-418">
         <name>.bss:xTasksWaitingTermination</name>
         <uninitialized>true</uninitialized>
         <run_address>0x20007738</run_address>
         <size>0x14</size>
         <input_file_ref idref="fl-a"/>
      </object_component>
      <object_component id="oc-3d5">
         <name>.bss:xSuspendedTaskList</name>
         <uninitialized>true</uninitialized>
         <run_address>0x20007724</run_address>
         <size>0x14</size>
         <input_file_ref idref="fl-a"/>
      </object_component>
      <object_component id="oc-3e6">
         <name>.bss:xActiveTimerList1</name>
         <uninitialized>true</uninitialized>
         <run_address>0x200076c0</run_address>
         <size>0x14</size>
         <input_file_ref idref="fl-b"/>
      </object_component>
      <object_component id="oc-3e9">
         <name>.bss:xActiveTimerList2</name>
         <uninitialized>true</uninitialized>
         <run_address>0x200076d4</run_address>
         <size>0x14</size>
         <input_file_ref idref="fl-b"/>
      </object_component>
      <object_component id="oc-3ec">
         <name>.bss</name>
         <uninitialized>true</uninitialized>
         <run_address>0x20007754</run_address>
         <size>0x8</size>
         <input_file_ref idref="fl-b"/>
      </object_component>
      <object_component id="oc-3a7">
         <name>.bss:ucHeap</name>
         <uninitialized>true</uninitialized>
         <run_address>0x20000000</run_address>
         <size>0x7530</size>
         <input_file_ref idref="fl-e"/>
      </object_component>
      <object_component id="oc-2a3">
         <name>.bss:xStart</name>
         <uninitialized>true</uninitialized>
         <run_address>0x20007764</run_address>
         <size>0x8</size>
         <input_file_ref idref="fl-e"/>
      </object_component>
      <object_component id="oc-2a6">
         <name>.bss:xEnd</name>
         <uninitialized>true</uninitialized>
         <run_address>0x2000775c</run_address>
         <size>0x8</size>
         <input_file_ref idref="fl-e"/>
      </object_component>
      <object_component id="oc-14d">
         <name>.common:g_pUARTSemaphore</name>
         <uninitialized>true</uninitialized>
         <run_address>0x20007780</run_address>
         <size>0x4</size>
      </object_component>
      <object_component id="oc-21d">
         <name>.common:g_pFib1Semaphore</name>
         <uninitialized>true</uninitialized>
         <run_address>0x20007774</run_address>
         <size>0x4</size>
      </object_component>
      <object_component id="oc-227">
         <name>.common:g_pFib2Semaphore</name>
         <uninitialized>true</uninitialized>
         <run_address>0x20007778</run_address>
         <size>0x4</size>
      </object_component>
      <object_component id="oc-205">
         <name>.common:g_pTimestampTimerHandle</name>
         <uninitialized>true</uninitialized>
         <run_address>0x2000777c</run_address>
         <size>0x4</size>
      </object_component>
      <object_component id="oc-20e">
         <name>.common:g_p30msTimerHandle</name>
         <uninitialized>true</uninitialized>
         <run_address>0x2000776c</run_address>
         <size>0x4</size>
      </object_component>
      <object_component id="oc-20f">
         <name>.common:g_p80msTimerHandle</name>
         <uninitialized>true</uninitialized>
         <run_address>0x20007770</run_address>
         <size>0x4</size>
      </object_component>
      <object_component id="oc-46f">
         <name>.common:xQueueRegistry</name>
         <uninitialized>true</uninitialized>
         <run_address>0x20007670</run_address>
         <size>0x50</size>
      </object_component>
      <object_component id="oc-24">
         <name>.stack</name>
         <uninitialized>true</uninitialized>
         <run_address>0x20007788</run_address>
         <size>0x4</size>
         <input_file_ref idref="fl-d2"/>
      </object_component>
      <object_component id="oc-4db">
         <name>.stack</name>
         <uninitialized>true</uninitialized>
         <run_address>0x20007788</run_address>
         <size>0x0</size>
      </object_component>
      <object_component id="oc-111">
         <name>.debug_info</name>
         <load_address>0x0</load_address>
         <run_address>0x0</run_address>
         <size>0x4aa</size>
         <input_file_ref idref="fl-2"/>
      </object_component>
      <object_component id="oc-ee">
         <name>.debug_info</name>
         <load_address>0x4aa</load_address>
         <run_address>0x4aa</run_address>
         <size>0x17f</size>
         <input_file_ref idref="fl-2"/>
      </object_component>
      <object_component id="oc-124">
         <name>.debug_info</name>
         <load_address>0x629</load_address>
         <run_address>0x629</run_address>
         <size>0x151</size>
         <input_file_ref idref="fl-2"/>
      </object_component>
      <object_component id="oc-d0">
         <name>.debug_info</name>
         <load_address>0x77a</load_address>
         <run_address>0x77a</run_address>
         <size>0x1af</size>
         <input_file_ref idref="fl-2"/>
      </object_component>
      <object_component id="oc-194">
         <name>.debug_info</name>
         <load_address>0x929</load_address>
         <run_address>0x929</run_address>
         <size>0x2ef</size>
         <input_file_ref idref="fl-2"/>
      </object_component>
      <object_component id="oc-a4">
         <name>.debug_info</name>
         <load_address>0xc18</load_address>
         <run_address>0xc18</run_address>
         <size>0x26b</size>
         <input_file_ref idref="fl-2"/>
      </object_component>
      <object_component id="oc-53">
         <name>.debug_info</name>
         <load_address>0xe83</load_address>
         <run_address>0xe83</run_address>
         <size>0x84</size>
         <input_file_ref idref="fl-2"/>
      </object_component>
      <object_component id="oc-1bf">
         <name>.debug_info</name>
         <load_address>0xf07</load_address>
         <run_address>0xf07</run_address>
         <size>0x46</size>
         <input_file_ref idref="fl-2"/>
      </object_component>
      <object_component id="oc-1ba">
         <name>.debug_info</name>
         <load_address>0xf4d</load_address>
         <run_address>0xf4d</run_address>
         <size>0x2c</size>
         <input_file_ref idref="fl-2"/>
      </object_component>
      <object_component id="oc-199">
         <name>.debug_info</name>
         <load_address>0xf79</load_address>
         <run_address>0xf79</run_address>
         <size>0x46</size>
         <input_file_ref idref="fl-2"/>
      </object_component>
      <object_component id="oc-1a8">
         <name>.debug_info</name>
         <load_address>0xfbf</load_address>
         <run_address>0xfbf</run_address>
         <size>0x2c</size>
         <input_file_ref idref="fl-2"/>
      </object_component>
      <object_component id="oc-10c">
         <name>.debug_info</name>
         <load_address>0xfeb</load_address>
         <run_address>0xfeb</run_address>
         <size>0x2a4</size>
         <input_file_ref idref="fl-2"/>
      </object_component>
      <object_component id="oc-a9">
         <name>.debug_info</name>
         <load_address>0x128f</load_address>
         <run_address>0x128f</run_address>
         <size>0xbb</size>
         <input_file_ref idref="fl-2"/>
      </object_component>
      <object_component id="oc-e4">
         <name>.debug_info</name>
         <load_address>0x134a</load_address>
         <run_address>0x134a</run_address>
         <size>0x53</size>
         <input_file_ref idref="fl-2"/>
      </object_component>
      <object_component id="oc-1d9">
         <name>.debug_info</name>
         <load_address>0x139d</load_address>
         <run_address>0x139d</run_address>
         <size>0x2c</size>
         <input_file_ref idref="fl-2"/>
      </object_component>
      <object_component id="oc-19e">
         <name>.debug_info</name>
         <load_address>0x13c9</load_address>
         <run_address>0x13c9</run_address>
         <size>0x14c</size>
         <input_file_ref idref="fl-2"/>
      </object_component>
      <object_component id="oc-21e">
         <name>.debug_info</name>
         <load_address>0x1515</load_address>
         <run_address>0x1515</run_address>
         <size>0x56b</size>
         <input_file_ref idref="fl-3"/>
      </object_component>
      <object_component id="oc-222">
         <name>.debug_info</name>
         <load_address>0x1a80</load_address>
         <run_address>0x1a80</run_address>
         <size>0x280</size>
         <input_file_ref idref="fl-3"/>
      </object_component>
      <object_component id="oc-22a">
         <name>.debug_info</name>
         <load_address>0x1d00</load_address>
         <run_address>0x1d00</run_address>
         <size>0x280</size>
         <input_file_ref idref="fl-3"/>
      </object_component>
      <object_component id="oc-13c">
         <name>.debug_info</name>
         <load_address>0x1f80</load_address>
         <run_address>0x1f80</run_address>
         <size>0x18d</size>
         <input_file_ref idref="fl-3"/>
      </object_component>
      <object_component id="oc-144">
         <name>.debug_info</name>
         <load_address>0x210d</load_address>
         <run_address>0x210d</run_address>
         <size>0x18d</size>
         <input_file_ref idref="fl-3"/>
      </object_component>
      <object_component id="oc-206">
         <name>.debug_info</name>
         <load_address>0x229a</load_address>
         <run_address>0x229a</run_address>
         <size>0x563</size>
         <input_file_ref idref="fl-4"/>
      </object_component>
      <object_component id="oc-31a">
         <name>.debug_info</name>
         <load_address>0x27fd</load_address>
         <run_address>0x27fd</run_address>
         <size>0xd5</size>
         <input_file_ref idref="fl-4"/>
      </object_component>
      <object_component id="oc-20b">
         <name>.debug_info</name>
         <load_address>0x28d2</load_address>
         <run_address>0x28d2</run_address>
         <size>0x1cd</size>
         <input_file_ref idref="fl-4"/>
      </object_component>
      <object_component id="oc-136">
         <name>.debug_info</name>
         <load_address>0x2a9f</load_address>
         <run_address>0x2a9f</run_address>
         <size>0x19b</size>
         <input_file_ref idref="fl-4"/>
      </object_component>
      <object_component id="oc-348">
         <name>.debug_info</name>
         <load_address>0x2c3a</load_address>
         <run_address>0x2c3a</run_address>
         <size>0x10c</size>
         <input_file_ref idref="fl-4"/>
      </object_component>
      <object_component id="oc-34c">
         <name>.debug_info</name>
         <load_address>0x2d46</load_address>
         <run_address>0x2d46</run_address>
         <size>0x13f</size>
         <input_file_ref idref="fl-4"/>
      </object_component>
      <object_component id="oc-353">
         <name>.debug_info</name>
         <load_address>0x2e85</load_address>
         <run_address>0x2e85</run_address>
         <size>0x13f</size>
         <input_file_ref idref="fl-4"/>
      </object_component>
      <object_component id="oc-4c">
         <name>.debug_info</name>
         <load_address>0x2fc4</load_address>
         <run_address>0x2fc4</run_address>
         <size>0x318</size>
         <input_file_ref idref="fl-5"/>
      </object_component>
      <object_component id="oc-13">
         <name>.debug_info</name>
         <load_address>0x32dc</load_address>
         <run_address>0x32dc</run_address>
         <size>0xd7</size>
         <input_file_ref idref="fl-5"/>
      </object_component>
      <object_component id="oc-29">
         <name>.debug_info</name>
         <load_address>0x33b3</load_address>
         <run_address>0x33b3</run_address>
         <size>0x107</size>
         <input_file_ref idref="fl-5"/>
      </object_component>
      <object_component id="oc-2f">
         <name>.debug_info</name>
         <load_address>0x34ba</load_address>
         <run_address>0x34ba</run_address>
         <size>0xf8</size>
         <input_file_ref idref="fl-5"/>
      </object_component>
      <object_component id="oc-35">
         <name>.debug_info</name>
         <load_address>0x35b2</load_address>
         <run_address>0x35b2</run_address>
         <size>0xfe</size>
         <input_file_ref idref="fl-5"/>
      </object_component>
      <object_component id="oc-3d">
         <name>.debug_info</name>
         <load_address>0x36b0</load_address>
         <run_address>0x36b0</run_address>
         <size>0x110</size>
         <input_file_ref idref="fl-5"/>
      </object_component>
      <object_component id="oc-1b4">
         <name>.debug_info</name>
         <load_address>0x37c0</load_address>
         <run_address>0x37c0</run_address>
         <size>0x2f5</size>
         <input_file_ref idref="fl-8"/>
      </object_component>
      <object_component id="oc-1e6">
         <name>.debug_info</name>
         <load_address>0x3ab5</load_address>
         <run_address>0x3ab5</run_address>
         <size>0x1dc</size>
         <input_file_ref idref="fl-8"/>
      </object_component>
      <object_component id="oc-2f2">
         <name>.debug_info</name>
         <load_address>0x3c91</load_address>
         <run_address>0x3c91</run_address>
         <size>0x1e4</size>
         <input_file_ref idref="fl-8"/>
      </object_component>
      <object_component id="oc-106">
         <name>.debug_info</name>
         <load_address>0x3e75</load_address>
         <run_address>0x3e75</run_address>
         <size>0x239</size>
         <input_file_ref idref="fl-8"/>
      </object_component>
      <object_component id="oc-3cc">
         <name>.debug_info</name>
         <load_address>0x40ae</load_address>
         <run_address>0x40ae</run_address>
         <size>0x265</size>
         <input_file_ref idref="fl-8"/>
      </object_component>
      <object_component id="oc-fe">
         <name>.debug_info</name>
         <load_address>0x4313</load_address>
         <run_address>0x4313</run_address>
         <size>0x210</size>
         <input_file_ref idref="fl-8"/>
      </object_component>
      <object_component id="oc-1a3">
         <name>.debug_info</name>
         <load_address>0x4523</load_address>
         <run_address>0x4523</run_address>
         <size>0x110</size>
         <input_file_ref idref="fl-8"/>
      </object_component>
      <object_component id="oc-1f1">
         <name>.debug_info</name>
         <load_address>0x4633</load_address>
         <run_address>0x4633</run_address>
         <size>0x79b</size>
         <input_file_ref idref="fl-9"/>
      </object_component>
      <object_component id="oc-3fe">
         <name>.debug_info</name>
         <load_address>0x4dce</load_address>
         <run_address>0x4dce</run_address>
         <size>0x2b7</size>
         <input_file_ref idref="fl-9"/>
      </object_component>
      <object_component id="oc-320">
         <name>.debug_info</name>
         <load_address>0x5085</load_address>
         <run_address>0x5085</run_address>
         <size>0x312</size>
         <input_file_ref idref="fl-9"/>
      </object_component>
      <object_component id="oc-131">
         <name>.debug_info</name>
         <load_address>0x5397</load_address>
         <run_address>0x5397</run_address>
         <size>0x273</size>
         <input_file_ref idref="fl-9"/>
      </object_component>
      <object_component id="oc-214">
         <name>.debug_info</name>
         <load_address>0x560a</load_address>
         <run_address>0x560a</run_address>
         <size>0x28f</size>
         <input_file_ref idref="fl-9"/>
      </object_component>
      <object_component id="oc-1ed">
         <name>.debug_info</name>
         <load_address>0x5899</load_address>
         <run_address>0x5899</run_address>
         <size>0x4fc</size>
         <input_file_ref idref="fl-9"/>
      </object_component>
      <object_component id="oc-302">
         <name>.debug_info</name>
         <load_address>0x5d95</load_address>
         <run_address>0x5d95</run_address>
         <size>0x39b</size>
         <input_file_ref idref="fl-9"/>
      </object_component>
      <object_component id="oc-341">
         <name>.debug_info</name>
         <load_address>0x6130</load_address>
         <run_address>0x6130</run_address>
         <size>0x58c</size>
         <input_file_ref idref="fl-9"/>
      </object_component>
      <object_component id="oc-2b3">
         <name>.debug_info</name>
         <load_address>0x66bc</load_address>
         <run_address>0x66bc</run_address>
         <size>0x2bd</size>
         <input_file_ref idref="fl-9"/>
      </object_component>
      <object_component id="oc-41d">
         <name>.debug_info</name>
         <load_address>0x6979</load_address>
         <run_address>0x6979</run_address>
         <size>0x22f</size>
         <input_file_ref idref="fl-9"/>
      </object_component>
      <object_component id="oc-2dd">
         <name>.debug_info</name>
         <load_address>0x6ba8</load_address>
         <run_address>0x6ba8</run_address>
         <size>0x2b1</size>
         <input_file_ref idref="fl-9"/>
      </object_component>
      <object_component id="oc-429">
         <name>.debug_info</name>
         <load_address>0x6e59</load_address>
         <run_address>0x6e59</run_address>
         <size>0x232</size>
         <input_file_ref idref="fl-9"/>
      </object_component>
      <object_component id="oc-2d1">
         <name>.debug_info</name>
         <load_address>0x708b</load_address>
         <run_address>0x708b</run_address>
         <size>0x230</size>
         <input_file_ref idref="fl-9"/>
      </object_component>
      <object_component id="oc-3e1">
         <name>.debug_info</name>
         <load_address>0x72bb</load_address>
         <run_address>0x72bb</run_address>
         <size>0x237</size>
         <input_file_ref idref="fl-9"/>
      </object_component>
      <object_component id="oc-48e">
         <name>.debug_info</name>
         <load_address>0x74f2</load_address>
         <run_address>0x74f2</run_address>
         <size>0x31e</size>
         <input_file_ref idref="fl-9"/>
      </object_component>
      <object_component id="oc-2e5">
         <name>.debug_info</name>
         <load_address>0x7810</load_address>
         <run_address>0x7810</run_address>
         <size>0x1cd</size>
         <input_file_ref idref="fl-9"/>
      </object_component>
      <object_component id="oc-e3">
         <name>.debug_info</name>
         <load_address>0x79dd</load_address>
         <run_address>0x79dd</run_address>
         <size>0x764</size>
         <input_file_ref idref="fl-a"/>
      </object_component>
      <object_component id="oc-8f">
         <name>.debug_info</name>
         <load_address>0x8141</load_address>
         <run_address>0x8141</run_address>
         <size>0x319</size>
         <input_file_ref idref="fl-a"/>
      </object_component>
      <object_component id="oc-f3">
         <name>.debug_info</name>
         <load_address>0x845a</load_address>
         <run_address>0x845a</run_address>
         <size>0x115</size>
         <input_file_ref idref="fl-a"/>
      </object_component>
      <object_component id="oc-413">
         <name>.debug_info</name>
         <load_address>0x856f</load_address>
         <run_address>0x856f</run_address>
         <size>0x115</size>
         <input_file_ref idref="fl-a"/>
      </object_component>
      <object_component id="oc-416">
         <name>.debug_info</name>
         <load_address>0x8684</load_address>
         <run_address>0x8684</run_address>
         <size>0x115</size>
         <input_file_ref idref="fl-a"/>
      </object_component>
      <object_component id="oc-109">
         <name>.debug_info</name>
         <load_address>0x8799</load_address>
         <run_address>0x8799</run_address>
         <size>0x157</size>
         <input_file_ref idref="fl-a"/>
      </object_component>
      <object_component id="oc-3ac">
         <name>.debug_info</name>
         <load_address>0x88f0</load_address>
         <run_address>0x88f0</run_address>
         <size>0x115</size>
         <input_file_ref idref="fl-a"/>
      </object_component>
      <object_component id="oc-419">
         <name>.debug_info</name>
         <load_address>0x8a05</load_address>
         <run_address>0x8a05</run_address>
         <size>0x123</size>
         <input_file_ref idref="fl-a"/>
      </object_component>
      <object_component id="oc-3d6">
         <name>.debug_info</name>
         <load_address>0x8b28</load_address>
         <run_address>0x8b28</run_address>
         <size>0x117</size>
         <input_file_ref idref="fl-a"/>
      </object_component>
      <object_component id="oc-219">
         <name>.debug_info</name>
         <load_address>0x8c3f</load_address>
         <run_address>0x8c3f</run_address>
         <size>0x43f</size>
         <input_file_ref idref="fl-a"/>
      </object_component>
      <object_component id="oc-148">
         <name>.debug_info</name>
         <load_address>0x907e</load_address>
         <run_address>0x907e</run_address>
         <size>0x226</size>
         <input_file_ref idref="fl-a"/>
      </object_component>
      <object_component id="oc-28f">
         <name>.debug_info</name>
         <load_address>0x92a4</load_address>
         <run_address>0x92a4</run_address>
         <size>0x1b7</size>
         <input_file_ref idref="fl-a"/>
      </object_component>
      <object_component id="oc-29c">
         <name>.debug_info</name>
         <load_address>0x945b</load_address>
         <run_address>0x945b</run_address>
         <size>0x27a</size>
         <input_file_ref idref="fl-a"/>
      </object_component>
      <object_component id="oc-1fb">
         <name>.debug_info</name>
         <load_address>0x96d5</load_address>
         <run_address>0x96d5</run_address>
         <size>0x1d5</size>
         <input_file_ref idref="fl-a"/>
      </object_component>
      <object_component id="oc-9d">
         <name>.debug_info</name>
         <load_address>0x98aa</load_address>
         <run_address>0x98aa</run_address>
         <size>0x2ee</size>
         <input_file_ref idref="fl-a"/>
      </object_component>
      <object_component id="oc-96">
         <name>.debug_info</name>
         <load_address>0x9b98</load_address>
         <run_address>0x9b98</run_address>
         <size>0x299</size>
         <input_file_ref idref="fl-a"/>
      </object_component>
      <object_component id="oc-2d8">
         <name>.debug_info</name>
         <load_address>0x9e31</load_address>
         <run_address>0x9e31</run_address>
         <size>0x2c4</size>
         <input_file_ref idref="fl-a"/>
      </object_component>
      <object_component id="oc-4a5">
         <name>.debug_info</name>
         <load_address>0xa0f5</load_address>
         <run_address>0xa0f5</run_address>
         <size>0x332</size>
         <input_file_ref idref="fl-a"/>
      </object_component>
      <object_component id="oc-2ba">
         <name>.debug_info</name>
         <load_address>0xa427</load_address>
         <run_address>0xa427</run_address>
         <size>0x29a</size>
         <input_file_ref idref="fl-a"/>
      </object_component>
      <object_component id="oc-2c6">
         <name>.debug_info</name>
         <load_address>0xa6c1</load_address>
         <run_address>0xa6c1</run_address>
         <size>0x1f8</size>
         <input_file_ref idref="fl-a"/>
      </object_component>
      <object_component id="oc-2cc">
         <name>.debug_info</name>
         <load_address>0xa8b9</load_address>
         <run_address>0xa8b9</run_address>
         <size>0x2dd</size>
         <input_file_ref idref="fl-a"/>
      </object_component>
      <object_component id="oc-3db">
         <name>.debug_info</name>
         <load_address>0xab96</load_address>
         <run_address>0xab96</run_address>
         <size>0x1b9</size>
         <input_file_ref idref="fl-a"/>
      </object_component>
      <object_component id="oc-23d">
         <name>.debug_info</name>
         <load_address>0xad4f</load_address>
         <run_address>0xad4f</run_address>
         <size>0x211</size>
         <input_file_ref idref="fl-a"/>
      </object_component>
      <object_component id="oc-32c">
         <name>.debug_info</name>
         <load_address>0xaf60</load_address>
         <run_address>0xaf60</run_address>
         <size>0x2ec</size>
         <input_file_ref idref="fl-a"/>
      </object_component>
      <object_component id="oc-338">
         <name>.debug_info</name>
         <load_address>0xb24c</load_address>
         <run_address>0xb24c</run_address>
         <size>0x266</size>
         <input_file_ref idref="fl-a"/>
      </object_component>
      <object_component id="oc-36c">
         <name>.debug_info</name>
         <load_address>0xb4b2</load_address>
         <run_address>0xb4b2</run_address>
         <size>0x2b8</size>
         <input_file_ref idref="fl-a"/>
      </object_component>
      <object_component id="oc-3d1">
         <name>.debug_info</name>
         <load_address>0xb76a</load_address>
         <run_address>0xb76a</run_address>
         <size>0x237</size>
         <input_file_ref idref="fl-a"/>
      </object_component>
      <object_component id="oc-326">
         <name>.debug_info</name>
         <load_address>0xb9a1</load_address>
         <run_address>0xb9a1</run_address>
         <size>0x2d9</size>
         <input_file_ref idref="fl-a"/>
      </object_component>
      <object_component id="oc-450">
         <name>.debug_info</name>
         <load_address>0xbc7a</load_address>
         <run_address>0xbc7a</run_address>
         <size>0x1f7</size>
         <input_file_ref idref="fl-a"/>
      </object_component>
      <object_component id="oc-f8">
         <name>.debug_info</name>
         <load_address>0xbe71</load_address>
         <run_address>0xbe71</run_address>
         <size>0x1e2</size>
         <input_file_ref idref="fl-a"/>
      </object_component>
      <object_component id="oc-2fb">
         <name>.debug_info</name>
         <load_address>0xc053</load_address>
         <run_address>0xc053</run_address>
         <size>0x1e1</size>
         <input_file_ref idref="fl-a"/>
      </object_component>
      <object_component id="oc-430">
         <name>.debug_info</name>
         <load_address>0xc234</load_address>
         <run_address>0xc234</run_address>
         <size>0x244</size>
         <input_file_ref idref="fl-a"/>
      </object_component>
      <object_component id="oc-3bf">
         <name>.debug_info</name>
         <load_address>0xc478</load_address>
         <run_address>0xc478</run_address>
         <size>0x266</size>
         <input_file_ref idref="fl-a"/>
      </object_component>
      <object_component id="oc-424">
         <name>.debug_info</name>
         <load_address>0xc6de</load_address>
         <run_address>0xc6de</run_address>
         <size>0x1d7</size>
         <input_file_ref idref="fl-a"/>
      </object_component>
      <object_component id="oc-18f">
         <name>.debug_info</name>
         <load_address>0xc8b5</load_address>
         <run_address>0xc8b5</run_address>
         <size>0x169</size>
         <input_file_ref idref="fl-a"/>
      </object_component>
      <object_component id="oc-2f7">
         <name>.debug_info</name>
         <load_address>0xca1e</load_address>
         <run_address>0xca1e</run_address>
         <size>0x7e3</size>
         <input_file_ref idref="fl-b"/>
      </object_component>
      <object_component id="oc-3e7">
         <name>.debug_info</name>
         <load_address>0xd201</load_address>
         <run_address>0xd201</run_address>
         <size>0xf7</size>
         <input_file_ref idref="fl-b"/>
      </object_component>
      <object_component id="oc-3ea">
         <name>.debug_info</name>
         <load_address>0xd2f8</load_address>
         <run_address>0xd2f8</run_address>
         <size>0xf7</size>
         <input_file_ref idref="fl-b"/>
      </object_component>
      <object_component id="oc-3ed">
         <name>.debug_info</name>
         <load_address>0xd3ef</load_address>
         <run_address>0xd3ef</run_address>
         <size>0x12f</size>
         <input_file_ref idref="fl-b"/>
      </object_component>
      <object_component id="oc-309">
         <name>.debug_info</name>
         <load_address>0xd51e</load_address>
         <run_address>0xd51e</run_address>
         <size>0xeb</size>
         <input_file_ref idref="fl-b"/>
      </object_component>
      <object_component id="oc-230">
         <name>.debug_info</name>
         <load_address>0xd609</load_address>
         <run_address>0xd609</run_address>
         <size>0x1bf</size>
         <input_file_ref idref="fl-b"/>
      </object_component>
      <object_component id="oc-1f4">
         <name>.debug_info</name>
         <load_address>0xd7c8</load_address>
         <run_address>0xd7c8</run_address>
         <size>0x30f</size>
         <input_file_ref idref="fl-b"/>
      </object_component>
      <object_component id="oc-200">
         <name>.debug_info</name>
         <load_address>0xdad7</load_address>
         <run_address>0xdad7</run_address>
         <size>0x353</size>
         <input_file_ref idref="fl-b"/>
      </object_component>
      <object_component id="oc-488">
         <name>.debug_info</name>
         <load_address>0xde2a</load_address>
         <run_address>0xde2a</run_address>
         <size>0x272</size>
         <input_file_ref idref="fl-b"/>
      </object_component>
      <object_component id="oc-35a">
         <name>.debug_info</name>
         <load_address>0xe09c</load_address>
         <run_address>0xe09c</run_address>
         <size>0x23c</size>
         <input_file_ref idref="fl-b"/>
      </object_component>
      <object_component id="oc-43f">
         <name>.debug_info</name>
         <load_address>0xe2d8</load_address>
         <run_address>0xe2d8</run_address>
         <size>0x308</size>
         <input_file_ref idref="fl-b"/>
      </object_component>
      <object_component id="oc-439">
         <name>.debug_info</name>
         <load_address>0xe5e0</load_address>
         <run_address>0xe5e0</run_address>
         <size>0x1dd</size>
         <input_file_ref idref="fl-b"/>
      </object_component>
      <object_component id="oc-306">
         <name>.debug_info</name>
         <load_address>0xe7bd</load_address>
         <run_address>0xe7bd</run_address>
         <size>0x242</size>
         <input_file_ref idref="fl-b"/>
      </object_component>
      <object_component id="oc-495">
         <name>.debug_info</name>
         <load_address>0xe9ff</load_address>
         <run_address>0xe9ff</run_address>
         <size>0x2b8</size>
         <input_file_ref idref="fl-b"/>
      </object_component>
      <object_component id="oc-445">
         <name>.debug_info</name>
         <load_address>0xecb7</load_address>
         <run_address>0xecb7</run_address>
         <size>0x2c7</size>
         <input_file_ref idref="fl-b"/>
      </object_component>
      <object_component id="oc-49d">
         <name>.debug_info</name>
         <load_address>0xef7e</load_address>
         <run_address>0xef7e</run_address>
         <size>0x239</size>
         <input_file_ref idref="fl-b"/>
      </object_component>
      <object_component id="oc-2eb">
         <name>.debug_info</name>
         <load_address>0xf1b7</load_address>
         <run_address>0xf1b7</run_address>
         <size>0x207</size>
         <input_file_ref idref="fl-b"/>
      </object_component>
      <object_component id="oc-314">
         <name>.debug_info</name>
         <load_address>0xf3be</load_address>
         <run_address>0xf3be</run_address>
         <size>0x1f3</size>
         <input_file_ref idref="fl-b"/>
      </object_component>
      <object_component id="oc-30c">
         <name>.debug_info</name>
         <load_address>0xf5b1</load_address>
         <run_address>0xf5b1</run_address>
         <size>0x1ce</size>
         <input_file_ref idref="fl-b"/>
      </object_component>
      <object_component id="oc-eb">
         <name>.debug_info</name>
         <load_address>0xf77f</load_address>
         <run_address>0xf77f</run_address>
         <size>0x38a</size>
         <input_file_ref idref="fl-c"/>
      </object_component>
      <object_component id="oc-92">
         <name>.debug_info</name>
         <load_address>0xfb09</load_address>
         <run_address>0xfb09</run_address>
         <size>0x143</size>
         <input_file_ref idref="fl-c"/>
      </object_component>
      <object_component id="oc-367">
         <name>.debug_info</name>
         <load_address>0xfc4c</load_address>
         <run_address>0xfc4c</run_address>
         <size>0x12a</size>
         <input_file_ref idref="fl-c"/>
      </object_component>
      <object_component id="oc-331">
         <name>.debug_info</name>
         <load_address>0xfd76</load_address>
         <run_address>0xfd76</run_address>
         <size>0x2b4</size>
         <input_file_ref idref="fl-c"/>
      </object_component>
      <object_component id="oc-40c">
         <name>.debug_info</name>
         <load_address>0x1002a</load_address>
         <run_address>0x1002a</run_address>
         <size>0x1ea</size>
         <input_file_ref idref="fl-c"/>
      </object_component>
      <object_component id="oc-238">
         <name>.debug_info</name>
         <load_address>0x10214</load_address>
         <run_address>0x10214</run_address>
         <size>0x250</size>
         <input_file_ref idref="fl-c"/>
      </object_component>
      <object_component id="oc-2ae">
         <name>.debug_info</name>
         <load_address>0x10464</load_address>
         <run_address>0x10464</run_address>
         <size>0x1fc</size>
         <input_file_ref idref="fl-c"/>
      </object_component>
      <object_component id="oc-2c1">
         <name>.debug_info</name>
         <load_address>0x10660</load_address>
         <run_address>0x10660</run_address>
         <size>0x1fa</size>
         <input_file_ref idref="fl-c"/>
      </object_component>
      <object_component id="oc-45">
         <name>.debug_info</name>
         <load_address>0x1085a</load_address>
         <run_address>0x1085a</run_address>
         <size>0x217</size>
         <input_file_ref idref="fl-c"/>
      </object_component>
      <object_component id="oc-363">
         <name>.debug_info</name>
         <load_address>0x10a71</load_address>
         <run_address>0x10a71</run_address>
         <size>0x208</size>
         <input_file_ref idref="fl-c"/>
      </object_component>
      <object_component id="oc-40">
         <name>.debug_info</name>
         <load_address>0x10c79</load_address>
         <run_address>0x10c79</run_address>
         <size>0x278</size>
         <input_file_ref idref="fl-d"/>
      </object_component>
      <object_component id="oc-2aa">
         <name>.debug_info</name>
         <load_address>0x10ef1</load_address>
         <run_address>0x10ef1</run_address>
         <size>0x399</size>
         <input_file_ref idref="fl-e"/>
      </object_component>
      <object_component id="oc-3a8">
         <name>.debug_info</name>
         <load_address>0x1128a</load_address>
         <run_address>0x1128a</run_address>
         <size>0x111</size>
         <input_file_ref idref="fl-e"/>
      </object_component>
      <object_component id="oc-2a4">
         <name>.debug_info</name>
         <load_address>0x1139b</load_address>
         <run_address>0x1139b</run_address>
         <size>0x111</size>
         <input_file_ref idref="fl-e"/>
      </object_component>
      <object_component id="oc-2a7">
         <name>.debug_info</name>
         <load_address>0x114ac</load_address>
         <run_address>0x114ac</run_address>
         <size>0x10d</size>
         <input_file_ref idref="fl-e"/>
      </object_component>
      <object_component id="oc-2a1">
         <name>.debug_info</name>
         <load_address>0x115b9</load_address>
         <run_address>0x115b9</run_address>
         <size>0x12b</size>
         <input_file_ref idref="fl-e"/>
      </object_component>
      <object_component id="oc-1df">
         <name>.debug_info</name>
         <load_address>0x116e4</load_address>
         <run_address>0x116e4</run_address>
         <size>0x3a3</size>
         <input_file_ref idref="fl-e"/>
      </object_component>
      <object_component id="oc-404">
         <name>.debug_info</name>
         <load_address>0x11a87</load_address>
         <run_address>0x11a87</run_address>
         <size>0x2b1</size>
         <input_file_ref idref="fl-e"/>
      </object_component>
      <object_component id="oc-295">
         <name>.debug_info</name>
         <load_address>0x11d38</load_address>
         <run_address>0x11d38</run_address>
         <size>0x234</size>
         <input_file_ref idref="fl-e"/>
      </object_component>
      <object_component id="oc-3b3">
         <name>.debug_info</name>
         <load_address>0x11f6c</load_address>
         <run_address>0x11f6c</run_address>
         <size>0x62</size>
         <input_file_ref idref="fl-e"/>
      </object_component>
      <object_component id="oc-1d8">
         <name>.debug_info</name>
         <load_address>0x11fce</load_address>
         <run_address>0x11fce</run_address>
         <size>0x2b4</size>
         <input_file_ref idref="fl-f"/>
      </object_component>
      <object_component id="oc-26f">
         <name>.debug_info</name>
         <load_address>0x12282</load_address>
         <run_address>0x12282</run_address>
         <size>0xf5</size>
         <input_file_ref idref="fl-f"/>
      </object_component>
      <object_component id="oc-284">
         <name>.debug_info</name>
         <load_address>0x12377</load_address>
         <run_address>0x12377</run_address>
         <size>0xef</size>
         <input_file_ref idref="fl-f"/>
      </object_component>
      <object_component id="oc-275">
         <name>.debug_info</name>
         <load_address>0x12466</load_address>
         <run_address>0x12466</run_address>
         <size>0xfd</size>
         <input_file_ref idref="fl-f"/>
      </object_component>
      <object_component id="oc-26c">
         <name>.debug_info</name>
         <load_address>0x12563</load_address>
         <run_address>0x12563</run_address>
         <size>0x101</size>
         <input_file_ref idref="fl-f"/>
      </object_component>
      <object_component id="oc-1cc">
         <name>.debug_info</name>
         <load_address>0x12664</load_address>
         <run_address>0x12664</run_address>
         <size>0x252</size>
         <input_file_ref idref="fl-f"/>
      </object_component>
      <object_component id="oc-27b">
         <name>.debug_info</name>
         <load_address>0x128b6</load_address>
         <run_address>0x128b6</run_address>
         <size>0x1ef</size>
         <input_file_ref idref="fl-f"/>
      </object_component>
      <object_component id="oc-271">
         <name>.debug_info</name>
         <load_address>0x12aa5</load_address>
         <run_address>0x12aa5</run_address>
         <size>0x24e</size>
         <input_file_ref idref="fl-f"/>
      </object_component>
      <object_component id="oc-1d3">
         <name>.debug_info</name>
         <load_address>0x12cf3</load_address>
         <run_address>0x12cf3</run_address>
         <size>0x34f</size>
         <input_file_ref idref="fl-f"/>
      </object_component>
      <object_component id="oc-12b">
         <name>.debug_info</name>
         <load_address>0x13042</load_address>
         <run_address>0x13042</run_address>
         <size>0x1ba</size>
         <input_file_ref idref="fl-f"/>
      </object_component>
      <object_component id="oc-287">
         <name>.debug_info</name>
         <load_address>0x131fc</load_address>
         <run_address>0x131fc</run_address>
         <size>0x8b</size>
         <input_file_ref idref="fl-f"/>
      </object_component>
      <object_component id="oc-5a">
         <name>.debug_info</name>
         <load_address>0x13287</load_address>
[...]
         <used_space>0x79d4</used_space>
         <unused_space>0x62c</unused_space>
         <attributes>RWX</attributes>
         <usage_details>
            <allocated_space>
               <start_address>0x20000000</start_address>
               <size>0x0</size>
               <logical_group_ref idref="lg-4af"/>
            </allocated_space>
            <allocated_space>
               <start_address>0x20000000</start_address>
               <size>0x7784</size>
               <logical_group_ref idref="lg-b"/>
            </allocated_space>
            <available_space>
               <start_address>0x20007784</start_address>
               <size>0x4</size>
            </available_space>
            <allocated_space>
               <start_address>0x20007788</start_address>
               <size>0x200</size>
               <logical_group_ref idref="lg-d"/>
            </allocated_space>
            <allocated_space>
               <start_address>0x20007988</start_address>
               <size>0x50</size>
               <logical_group_ref idref="lg-a"/>
            </allocated_space>
            <available_space>
               <start_address>0x200079d8</start_address>
               <size>0x628</size>
            </available_space>
         </usage_details>
      </memory_area>
   </placement_map>
   <cptbl_list>
      <cptbl>
         <name>__TI_cinit_table</name>
         <cprec>
            <name>.data</name>
            <load_address>0x2a40</load_address>
            <load_size>0x10</load_size>
            <run_address>0x20007988</run_address>
            <run_size>0x50</run_size>
            <compression>lzss</compression>
         </cprec>
         <cprec>
            <name>.bss</name>
            <load_address>0x2a60</load_address>
            <load_size>0x8</load_size>
            <run_address>0x20000000</run_address>
            <run_size>0x7784</run_size>
            <compression>zero_init</compression>
         </cprec>
      </cptbl>
   </cptbl_list>
   <handler_table>
      <handler_table_name>__TI_handler_table</handler_table_name>
      <handler>
         <index>0x0</index>
         <name>__TI_decompress_lzss</name>
      </handler>
      <handler>
         <index>0x1</index>
         <name>__TI_decompress_none</name>
      </handler>
      <handler>
         <index>0x2</index>
         <name>__TI_zero_init</name>
      </handler>
   </handler_table>
   <symbol_table>
      <symbol id="sm-1">
         <name>__STACK_TOP</name>
         <value>0x20007988</value>
      </symbol>
      <symbol id="sm-2">
         <name>__start___llvm_prf_cnts</name>
         <value>0x20000000</value>
      </symbol>
      <symbol id="sm-3">
         <name>__stop___llvm_prf_cnts</name>
         <value>0x20000000</value>
      </symbol>
      <symbol id="sm-4">
         <name>__TI_CINIT_Base</name>
         <value>0x2a68</value>
      </symbol>
      <symbol id="sm-5">
         <name>__TI_CINIT_Limit</name>
         <value>0x2a78</value>
      </symbol>
      <symbol id="sm-6">
         <name>__TI_Handler_Table_Base</name>
         <value>0x2a50</value>
      </symbol>
      <symbol id="sm-7">
         <name>__TI_Handler_Table_Limit</name>
         <value>0x2a5c</value>
      </symbol>
      <symbol id="sm-8">
         <name>binit</name>
         <value>0xffffffff</value>
      </symbol>
      <symbol id="sm-9">
         <name>__binit__</name>
         <value>0xffffffff</value>
      </symbol>
      <symbol id="sm-a">
         <name>__STACK_SIZE</name>
         <value>0x200</value>
      </symbol>
      <symbol id="sm-b">
         <name>__STACK_END</name>
         <value>0x20007988</value>
      </symbol>
      <symbol id="sm-c">
         <name>__c_args__</name>
         <value>0xffffffff</value>
      </symbol>
      <symbol id="sm-d">
         <name>__TI_pprof_out_hndl</name>
         <value>0xffffffff</value>
      </symbol>
      <symbol id="sm-e">
         <name>__TI_prof_data_start</name>
         <value>0xffffffff</value>
      </symbol>
      <symbol id="sm-f">
         <name>__TI_prof_data_size</name>
         <value>0xffffffff</value>
      </symbol>
      <symbol id="sm-94">
         <name>g_pUARTSemaphore</name>
         <value>0x20007780</value>
      </symbol>
      <symbol id="sm-95">
         <name>vApplicationStackOverflowHook</name>
         <value>0x29eb</value>
         <object_component_ref idref="oc-ec"/>
      </symbol>
      <symbol id="sm-96">
         <name>main</name>
         <value>0x1749</value>
         <object_component_ref idref="oc-cf"/>
      </symbol>
      <symbol id="sm-97">
         <name>ConfigureUART</name>
         <value>0x1b41</value>
         <object_component_ref idref="oc-123"/>
      </symbol>
      <symbol id="sm-e8">
         <name>g_pFib1Semaphore</name>
         <value>0x20007774</value>
      </symbol>
      <symbol id="sm-e9">
         <name>g_pFib2Semaphore</name>
         <value>0x20007778</value>
      </symbol>
      <symbol id="sm-ea">
         <name>Fib2TaskInit</name>
         <value>0x22ed</value>
         <object_component_ref idref="oc-141"/>
      </symbol>
      <symbol id="sm-eb">
         <name>Fib1TaskInit</name>
         <value>0x2299</value>
         <object_component_ref idref="oc-13b"/>
      </symbol>
      <symbol id="sm-135">
         <name>g_pTimestampTimerHandle</name>
         <value>0x2000777c</value>
      </symbol>
      <symbol id="sm-136">
         <name>g_p30msTimerHandle</name>
         <value>0x2000776c</value>
      </symbol>
      <symbol id="sm-137">
         <name>g_p80msTimerHandle</name>
         <value>0x20007770</value>
      </symbol>
      <symbol id="sm-138">
         <name>vTimerCallback</name>
         <value>0x1ded</value>
         <object_component_ref idref="oc-208"/>
      </symbol>
      <symbol id="sm-139">
         <name>vStart30msTimer</name>
         <value>0x2871</value>
         <object_component_ref idref="oc-34b"/>
      </symbol>
      <symbol id="sm-13a">
         <name>vStart80msTimer</name>
         <value>0x2891</value>
         <object_component_ref idref="oc-352"/>
      </symbol>
      <symbol id="sm-13b">
         <name>ui32GetTickMs</name>
         <value>0x29c9</value>
         <object_component_ref idref="oc-345"/>
      </symbol>
      <symbol id="sm-13c">
         <name>vInitTimers</name>
         <value>0x159d</value>
         <object_component_ref idref="oc-135"/>
      </symbol>
      <symbol id="sm-16d">
         <name>ResetISR</name>
         <value>0x29f5</value>
         <object_component_ref idref="oc-27"/>
      </symbol>
      <symbol id="sm-16e">
         <name>g_pfnVectors</name>
         <value>0x0</value>
         <object_component_ref idref="oc-12"/>
      </symbol>
      <symbol id="sm-1a7">
         <name>uxListRemove</name>
         <value>0x2485</value>
         <object_component_ref idref="oc-fc"/>
      </symbol>
      <symbol id="sm-1a8">
         <name>vListInsert</name>
         <value>0x1ff9</value>
         <object_component_ref idref="oc-3c9"/>
      </symbol>
      <symbol id="sm-1a9">
         <name>vListInitialiseItem</name>
         <value>0x298d</value>
         <object_component_ref idref="oc-2f0"/>
      </symbol>
      <symbol id="sm-1aa">
         <name>vListInsertEnd</name>
         <value>0x2655</value>
         <object_component_ref idref="oc-102"/>
      </symbol>
      <symbol id="sm-1ab">
         <name>vListInitialise</name>
         <value>0x2731</value>
         <object_component_ref idref="oc-1e4"/>
      </symbol>
      <symbol id="sm-27a">
         <name>xQueueRegistry</name>
         <value>0x20007670</value>
      </symbol>
      <symbol id="sm-27b">
         <name>xQueueGenericSendFromISR</name>
         <value>0x16bd</value>
         <object_component_ref idref="oc-2ff"/>
      </symbol>
      <symbol id="sm-27c">
         <name>vQueueAddToRegistry</name>
         <value>0x2439</value>
         <object_component_ref idref="oc-3e0"/>
      </symbol>
      <symbol id="sm-27d">
         <name>xQueueGenericCreate</name>
         <value>0x1d0d</value>
         <object_component_ref idref="oc-31d"/>
      </symbol>
      <symbol id="sm-27e">
         <name>xQueueCreateMutex</name>
         <value>0x1ac9</value>
         <object_component_ref idref="oc-12f"/>
      </symbol>
      <symbol id="sm-27f">
         <name>xQueueGenericSend</name>
         <value>0x949</value>
         <object_component_ref idref="oc-1ea"/>
      </symbol>
      <symbol id="sm-280">
         <name>xQueueGenericReset</name>
         <value>0x13c9</value>
         <object_component_ref idref="oc-3fc"/>
      </symbol>
      <symbol id="sm-281">
         <name>xQueueGenericReceive</name>
         <value>0x579</value>
         <object_component_ref idref="oc-33f"/>
      </symbol>
      <symbol id="sm-282">
         <name>xQueueCreateCountingSemaphore</name>
         <value>0x28b1</value>
         <object_component_ref idref="oc-211"/>
      </symbol>
      <symbol id="sm-283">
         <name>vQueueWaitForMessageRestricted</name>
         <value>0x2341</value>
         <object_component_ref idref="oc-48d"/>
      </symbol>
      <symbol id="sm-45c">
         <name>vTaskSuspendAll</name>
         <value>0x299d</value>
         <object_component_ref idref="oc-28e"/>
      </symbol>
      <symbol id="sm-45d">
         <name>vTaskPriorityInherit</name>
         <value>0x1045</value>
         <object_component_ref idref="oc-42e"/>
      </symbol>
      <symbol id="sm-45e">
         <name>vTaskPlaceOnEventList</name>
         <value>0x1f91</value>
         <object_component_ref idref="oc-2d6"/>
      </symbol>
      <symbol id="sm-45f">
         <name>xTaskCheckForTimeOut</name>
         <value>0x1851</value>
         <object_component_ref idref="oc-2ca"/>
      </symbol>
      <symbol id="sm-460">
         <name>xTaskPriorityDisinherit</name>
         <value>0x1325</value>
         <object_component_ref idref="oc-3bd"/>
      </symbol>
      <symbol id="sm-461">
         <name>vTaskStartScheduler</name>
         <value>0x1959</value>
         <object_component_ref idref="oc-147"/>
      </symbol>
      <symbol id="sm-462">
         <name>pvTaskIncrementMutexHeldCount</name>
         <value>0x28d1</value>
         <object_component_ref idref="oc-422"/>
      </symbol>
      <symbol id="sm-463">
         <name>vTaskMissedYield</name>
         <value>0x29d5</value>
         <object_component_ref idref="oc-3d9"/>
      </symbol>
      <symbol id="sm-464">
         <name>xTaskResumeAll</name>
         <value>0xd91</value>
         <object_component_ref idref="oc-29a"/>
      </symbol>
      <symbol id="sm-465">
         <name>xTaskGetTickCount</name>
         <value>0x2969</value>
         <object_component_ref idref="oc-1f9"/>
      </symbol>
      <symbol id="sm-466">
         <name>xTaskGenericCreate</name>
         <value>0x6e1</value>
         <object_component_ref idref="oc-217"/>
      </symbol>
      <symbol id="sm-467">
         <name>pxCurrentTCB</name>
         <value>0x20007988</value>
         <object_component_ref idref="oc-8e"/>
      </symbol>
      <symbol id="sm-468">
         <name>vTaskPlaceOnEventListRestricted</name>
         <value>0x1c9d</value>
         <object_component_ref idref="oc-4a3"/>
      </symbol>
      <symbol id="sm-469">
         <name>vTaskSetTimeOutState</name>
         <value>0x282d</value>
         <object_component_ref idref="oc-2c4"/>
      </symbol>
      <symbol id="sm-46a">
         <name>xTaskIncrementTick</name>
         <value>0x815</value>
         <object_component_ref idref="oc-9b"/>
      </symbol>
      <symbol id="sm-46b">
         <name>vTaskSwitchContext</name>
         <value>0x11c9</value>
         <object_component_ref idref="oc-94"/>
      </symbol>
      <symbol id="sm-46c">
         <name>xTaskGetSchedulerState</name>
         <value>0x2761</value>
         <object_component_ref idref="oc-2f9"/>
      </symbol>
      <symbol id="sm-46d">
         <name>xTaskRemoveFromEventList</name>
         <value>0x162d</value>
         <object_component_ref idref="oc-2b8"/>
      </symbol>
      <symbol id="sm-54b">
         <name>xTimerCreateTimerTask</name>
         <value>0x24cd</value>
         <object_component_ref idref="oc-22f"/>
      </symbol>
      <symbol id="sm-54c">
         <name>xTimerCreate</name>
         <value>0x2395</value>
         <object_component_ref idref="oc-1f3"/>
      </symbol>
      <symbol id="sm-54d">
         <name>xTimerGenericCommand</name>
         <value>0x1d7d</value>
         <object_component_ref idref="oc-1ff"/>
      </symbol>
      <symbol id="sm-54e">
         <name>pvTimerGetTimerID</name>
         <value>0x2923</value>
         <object_component_ref idref="oc-313"/>
      </symbol>
      <symbol id="sm-5ac">
         <name>ulMaxSyscallInterruptPriority</name>
         <value>0x2a34</value>
         <object_component_ref idref="oc-91"/>
      </symbol>
      <symbol id="sm-5ad">
         <name>vPortSetupTimerInterrupt</name>
         <value>0x293d</value>
         <object_component_ref idref="oc-360"/>
      </symbol>
      <symbol id="sm-5ae">
         <name>xPortSysTickHandler</name>
         <value>0x2791</value>
         <object_component_ref idref="oc-44"/>
      </symbol>
      <symbol id="sm-5af">
         <name>pxPortInitialiseStack</name>
         <value>0x223d</value>
         <object_component_ref idref="oc-330"/>
      </symbol>
      <symbol id="sm-5b0">
         <name>vPortExitCritical</name>
         <value>0x28ed</value>
         <object_component_ref idref="oc-2be"/>
      </symbol>
      <symbol id="sm-5b1">
         <name>xPortStartScheduler</name>
         <value>0x2559</value>
         <object_component_ref idref="oc-235"/>
      </symbol>
      <symbol id="sm-5b2">
         <name>vPortEnterCritical</name>
         <value>0x2809</value>
         <object_component_ref idref="oc-2ac"/>
      </symbol>
      <symbol id="sm-5c1">
         <name>vPortStartFirstTask</name>
         <value>0x1019</value>
         <object_component_ref idref="oc-3f"/>
      </symbol>
      <symbol id="sm-5c2">
         <name>ulPortGetIPSR</name>
         <value>0xf81</value>
         <object_component_ref idref="oc-3f"/>
      </symbol>
      <symbol id="sm-5c3">
         <name>vPortEnableVFP</name>
         <value>0x1035</value>
         <object_component_ref idref="oc-3f"/>
      </symbol>
      <symbol id="sm-5c4">
         <name>xPortPendSVHandler</name>
         <value>0xf99</value>
         <object_component_ref idref="oc-3f"/>
      </symbol>
      <symbol id="sm-5c5">
         <name>vPortSVCHandler</name>
         <value>0xff9</value>
         <object_component_ref idref="oc-3f"/>
      </symbol>
      <symbol id="sm-61e">
         <name>pvPortMalloc</name>
         <value>0xc89</value>
         <object_component_ref idref="oc-1de"/>
      </symbol>
      <symbol id="sm-61f">
         <name>vPortFree</name>
         <value>0x1f29</value>
         <object_component_ref idref="oc-403"/>
      </symbol>
      <symbol id="sm-6a6">
         <name>UARTStdioConfig</name>
         <value>0x1bb5</value>
         <object_component_ref idref="oc-1ca"/>
      </symbol>
      <symbol id="sm-6a7">
         <name>UARTwrite</name>
         <value>0x2185</value>
         <object_component_ref idref="oc-278"/>
      </symbol>
      <symbol id="sm-6a8">
         <name>UARTprintf</name>
         <value>0x27e3</value>
         <object_component_ref idref="oc-129"/>
      </symbol>
      <symbol id="sm-6a9">
         <name>UARTvprintf</name>
         <value>0x26d</value>
         <object_component_ref idref="oc-1d1"/>
      </symbol>
      <symbol id="sm-6c6">
         <name>memcpy</name>
         <value>0x1469</value>
         <object_component_ref idref="oc-58"/>
      </symbol>
      <symbol id="sm-6c7">
         <name>__aeabi_memcpy</name>
         <value>0x1469</value>
         <object_component_ref idref="oc-58"/>
      </symbol>
      <symbol id="sm-6c8">
         <name>__aeabi_memcpy8</name>
         <value>0x1469</value>
         <object_component_ref idref="oc-58"/>
      </symbol>
      <symbol id="sm-6c9">
         <name>__aeabi_memcpy4</name>
         <value>0x1469</value>
         <object_component_ref idref="oc-58"/>
      </symbol>
      <symbol id="sm-6d8">
         <name>__aeabi_memset</name>
         <value>0x19d7</value>
         <object_component_ref idref="oc-c3"/>
      </symbol>
      <symbol id="sm-6d9">
         <name>memset</name>
         <value>0x19dd</value>
         <object_component_ref idref="oc-c3"/>
      </symbol>
      <symbol id="sm-6da">
         <name>__aeabi_memset8</name>
         <value>0x19d7</value>
         <object_component_ref idref="oc-c3"/>
      </symbol>
      <symbol id="sm-6db">
         <name>__aeabi_memset4</name>
         <value>0x19d7</value>
         <object_component_ref idref="oc-c3"/>
      </symbol>
      <symbol id="sm-6dc">
         <name>__aeabi_memclr8</name>
         <value>0x19d5</value>
         <object_component_ref idref="oc-c3"/>
      </symbol>
      <symbol id="sm-6dd">
         <name>__aeabi_memclr4</name>
         <value>0x19d5</value>
         <object_component_ref idref="oc-c3"/>
      </symbol>
      <symbol id="sm-6de">
         <name>__aeabi_memclr</name>
         <value>0x19d5</value>
         <object_component_ref idref="oc-c3"/>
      </symbol>
      <symbol id="sm-6ed">
         <name>__aeabi_uidivmod</name>
         <value>0x259d</value>
         <object_component_ref idref="oc-27e"/>
      </symbol>
      <symbol id="sm-6ee">
         <name>__aeabi_uidiv</name>
         <value>0x259d</value>
         <object_component_ref idref="oc-27e"/>
      </symbol>
      <symbol id="sm-705">
         <name>__TI_zero_init</name>
         <value>0x29bb</value>
         <object_component_ref idref="oc-6a"/>
      </symbol>
      <symbol id="sm-71c">
         <name>__TI_decompress_none</name>
         <value>0x29ad</value>
         <object_component_ref idref="oc-1b"/>
      </symbol>
      <symbol id="sm-73f">
         <name>__TI_decompress_lzss</name>
         <value>0x1e59</value>
         <object_component_ref idref="oc-15"/>
      </symbol>
      <symbol id="sm-752">
         <name>__stack</name>
         <value>0x20007788</value>
         <object_component_ref idref="oc-24"/>
      </symbol>
      <symbol id="sm-753">
         <name>_c_int00_noargs</name>
         <value>0x26c9</value>
         <object_component_ref idref="oc-76"/>
      </symbol>
      <symbol id="sm-75d">
         <name>__aeabi_idiv0</name>
         <value>0x1a4f</value>
         <object_component_ref idref="oc-39d"/>
      </symbol>
      <symbol id="sm-75e">
         <name>__aeabi_ldiv0</name>
         <value>0x1a4f</value>
         <object_component_ref idref="oc-39d"/>
      </symbol>
      <symbol id="sm-786">
         <name>__TI_auto_init_nobinit_nopinit</name>
         <value>0x2515</value>
         <object_component_ref idref="oc-15b"/>
      </symbol>
      <symbol id="sm-790">
         <name>_system_pre_init</name>
         <value>0x2a01</value>
         <object_component_ref idref="oc-c9"/>
      </symbol>
      <symbol id="sm-79c">
         <name>C$$EXIT</name>
         <value>0x2a05</value>
         <object_component_ref idref="oc-14f"/>
      </symbol>
      <symbol id="sm-79d">
         <name>abort</name>
         <value>0x2a05</value>
         <object_component_ref idref="oc-14f"/>
      </symbol>
      <symbol id="sm-7b2">
         <name>UARTClockSourceSet</name>
         <value>0x29fb</value>
         <object_component_ref idref="oc-1c4"/>
      </symbol>
      <symbol id="sm-7b5">
         <name>__TI_static_base__</name>
         <value>0x0</value>
      </symbol>
      <symbol id="sm-7b8">
         <name>__mpu_init</name>
         <value>0x0</value>
      </symbol>
      <symbol id="sm-7b9">
         <name>_system_post_cinit</name>
         <value>0x0</value>
      </symbol>
   </symbol_table>
   <title>Link successful</title>
</link_info>
