<?xml version="1.0" encoding="ISO-8859-1" ?>
<link_info>
   <banner>TI ARM Linker PC v20.2.2.LTS</banner>
   <copyright>Copyright (c) 1996-2018 Texas Instruments Incorporated</copyright>
   <link_time>0x626f54e1</link_time>
   <link_errors>0x0</link_errors>
   <output_file>MPU6050_Example.out</output_file>
   <entry_point>
      <name>_c_int00_noargs</name>
      <address>0x3bbd</address>
   </entry_point>
   <input_file_list>
      <input_file id="fl-2">
         <path>.\</path>
         <kind>object</kind>
         <file>MPU6050_Example.obj</file>
         <name>MPU6050_Example.obj</name>
      </input_file>
      <input_file id="fl-3">
         <path>.\</path>
         <kind>object</kind>
         <file>mpu6050.obj</file>
         <name>mpu6050.obj</name>
      </input_file>
      <input_file id="fl-4">
         <path>.\</path>
         <kind>object</kind>
         <file>mpu_timers.obj</file>
         <name>mpu_timers.obj</name>
      </input_file>
      <input_file id="fl-5">
         <path>.\</path>
         <kind>object</kind>
         <file>startup_ccs.obj</file>
         <name>startup_ccs.obj</name>
      </input_file>
      <input_file id="fl-6">
         <path>.\</path>
         <kind>object</kind>
         <file>system_tasks.obj</file>
         <name>system_tasks.obj</name>
      </input_file>
      <input_file id="fl-7">
         <path>.\drivers\</path>
         <kind>object</kind>
         <file>buttons.obj</file>
         <name>buttons.obj</name>
      </input_file>
      <input_file id="fl-8">
         <path>.\drivers\</path>
         <kind>object</kind>
         <file>rgb.obj</file>
         <name>rgb.obj</name>
      </input_file>
      <input_file id="fl-9">
         <path>.\third_party\FreeRTOS\Source\</path>
         <kind>object</kind>
         <file>list.obj</file>
         <name>list.obj</name>
      </input_file>
      <input_file id="fl-a">
         <path>.\third_party\FreeRTOS\Source\</path>
         <kind>object</kind>
         <file>queue.obj</file>
         <name>queue.obj</name>
      </input_file>
      <input_file id="fl-b">
         <path>.\third_party\FreeRTOS\Source\</path>
         <kind>object</kind>
         <file>tasks.obj</file>
         <name>tasks.obj</name>
      </input_file>
      <input_file id="fl-c">
         <path>.\third_party\FreeRTOS\Source\</path>
         <kind>object</kind>
         <file>timers.obj</file>
         <name>timers.obj</name>
      </input_file>
      <input_file id="fl-d">
         <path>.\third_party\FreeRTOS\Source\portable\CCS\ARM_CM4F\</path>
         <kind>object</kind>
         <file>port.obj</file>
         <name>port.obj</name>
      </input_file>
      <input_file id="fl-e">
         <path>.\third_party\FreeRTOS\Source\portable\CCS\ARM_CM4F\</path>
         <kind>object</kind>
         <file>portasm.obj</file>
         <name>portasm.obj</name>
      </input_file>
      <input_file id="fl-f">
         <path>.\third_party\FreeRTOS\Source\portable\MemMang\</path>
         <kind>object</kind>
         <file>heap_2.obj</file>
         <name>heap_2.obj</name>
      </input_file>
      <input_file id="fl-10">
         <path>.\utils\</path>
         <kind>object</kind>
         <file>uartstdio.obj</file>
         <name>uartstdio.obj</name>
      </input_file>
      <input_file id="fl-11">
         <path>.\utils\</path>
         <kind>object</kind>
         <file>ustdlib.obj</file>
         <name>ustdlib.obj</name>
      </input_file>
      <input_file id="fl-16">
         <kind>object</kind>
         <file>&lt;internal&gt;</file>
         <name>&lt;internal&gt;</name>
      </input_file>
      <input_file id="fl-cc">
         <path>C:\ti\ccs1020\ccs\tools\compiler\ti-cgt-arm_20.2.2.LTS\lib\</path>
         <kind>archive</kind>
         <file>rtsv7M4_T_le_v4SPD16_eabi.lib</file>
         <name>e_atan2.c.obj</name>
      </input_file>
      <input_file id="fl-cd">
         <path>C:\ti\ccs1020\ccs\tools\compiler\ti-cgt-arm_20.2.2.LTS\lib\</path>
         <kind>archive</kind>
         <file>rtsv7M4_T_le_v4SPD16_eabi.lib</file>
         <name>e_sqrt.c.obj</name>
      </input_file>
      <input_file id="fl-ce">
         <path>C:\ti\ccs1020\ccs\tools\compiler\ti-cgt-arm_20.2.2.LTS\lib\</path>
         <kind>archive</kind>
         <file>rtsv7M4_T_le_v4SPD16_eabi.lib</file>
         <name>s_atan.c.obj</name>
      </input_file>
      <input_file id="fl-cf">
         <path>C:\ti\ccs1020\ccs\tools\compiler\ti-cgt-arm_20.2.2.LTS\lib\</path>
         <kind>archive</kind>
         <file>rtsv7M4_T_le_v4SPD16_eabi.lib</file>
         <name>fd_add_t2.asm.obj</name>
      </input_file>
      <input_file id="fl-d0">
         <path>C:\ti\ccs1020\ccs\tools\compiler\ti-cgt-arm_20.2.2.LTS\lib\</path>
         <kind>archive</kind>
         <file>rtsv7M4_T_le_v4SPD16_eabi.lib</file>
         <name>fd_cmp_t2.asm.obj</name>
      </input_file>
      <input_file id="fl-d1">
         <path>C:\ti\ccs1020\ccs\tools\compiler\ti-cgt-arm_20.2.2.LTS\lib\</path>
         <kind>archive</kind>
         <file>rtsv7M4_T_le_v4SPD16_eabi.lib</file>
         <name>fd_div_t2.asm.obj</name>
      </input_file>
      <input_file id="fl-d2">
         <path>C:\ti\ccs1020\ccs\tools\compiler\ti-cgt-arm_20.2.2.LTS\lib\</path>
         <kind>archive</kind>
         <file>rtsv7M4_T_le_v4SPD16_eabi.lib</file>
         <name>fd_mul_t2.asm.obj</name>
      </input_file>
      <input_file id="fl-d3">
         <path>C:\ti\ccs1020\ccs\tools\compiler\ti-cgt-arm_20.2.2.LTS\lib\</path>
         <kind>archive</kind>
         <file>rtsv7M4_T_le_v4SPD16_eabi.lib</file>
         <name>fd_tos_t2.asm.obj</name>
      </input_file>
      <input_file id="fl-d4">
         <path>C:\ti\ccs1020\ccs\tools\compiler\ti-cgt-arm_20.2.2.LTS\lib\</path>
         <kind>archive</kind>
         <file>rtsv7M4_T_le_v4SPD16_eabi.lib</file>
         <name>fs_tod_t2.asm.obj</name>
      </input_file>
      <input_file id="fl-d5">
         <path>C:\ti\ccs1020\ccs\tools\compiler\ti-cgt-arm_20.2.2.LTS\lib\</path>
         <kind>archive</kind>
         <file>rtsv7M4_T_le_v4SPD16_eabi.lib</file>
         <name>fs_toull_t2.asm.obj</name>
      </input_file>
      <input_file id="fl-d6">
         <path>C:\ti\ccs1020\ccs\tools\compiler\ti-cgt-arm_20.2.2.LTS\lib\</path>
         <kind>archive</kind>
         <file>rtsv7M4_T_le_v4SPD16_eabi.lib</file>
         <name>memcpy_t2.asm.obj</name>
      </input_file>
      <input_file id="fl-d7">
         <path>C:\ti\ccs1020\ccs\tools\compiler\ti-cgt-arm_20.2.2.LTS\lib\</path>
         <kind>archive</kind>
         <file>rtsv7M4_T_le_v4SPD16_eabi.lib</file>
         <name>memset_t2.asm.obj</name>
      </input_file>
      <input_file id="fl-d8">
         <path>C:\ti\ccs1020\ccs\tools\compiler\ti-cgt-arm_20.2.2.LTS\lib\</path>
         <kind>archive</kind>
         <file>rtsv7M4_T_le_v4SPD16_eabi.lib</file>
         <name>u_divt2.asm.obj</name>
      </input_file>
      <input_file id="fl-d9">
         <path>C:\ti\ccs1020\ccs\tools\compiler\ti-cgt-arm_20.2.2.LTS\lib\</path>
         <kind>archive</kind>
         <file>rtsv7M4_T_le_v4SPD16_eabi.lib</file>
         <name>copy_zero_init.c.obj</name>
      </input_file>
      <input_file id="fl-da">
         <path>C:\ti\ccs1020\ccs\tools\compiler\ti-cgt-arm_20.2.2.LTS\lib\</path>
         <kind>archive</kind>
         <file>rtsv7M4_T_le_v4SPD16_eabi.lib</file>
         <name>copy_decompress_none.c.obj</name>
      </input_file>
      <input_file id="fl-db">
         <path>C:\ti\ccs1020\ccs\tools\compiler\ti-cgt-arm_20.2.2.LTS\lib\</path>
         <kind>archive</kind>
         <file>rtsv7M4_T_le_v4SPD16_eabi.lib</file>
         <name>copy_decompress_lzss.c.obj</name>
      </input_file>
      <input_file id="fl-dc">
         <path>C:\ti\ccs1020\ccs\tools\compiler\ti-cgt-arm_20.2.2.LTS\lib\</path>
         <kind>archive</kind>
         <file>rtsv7M4_T_le_v4SPD16_eabi.lib</file>
         <name>boot_cortex_m.c.obj</name>
      </input_file>
      <input_file id="fl-dd">
         <path>C:\ti\ccs1020\ccs\tools\compiler\ti-cgt-arm_20.2.2.LTS\lib\</path>
         <kind>archive</kind>
         <file>rtsv7M4_T_le_v4SPD16_eabi.lib</file>
         <name>errno.c.obj</name>
      </input_file>
      <input_file id="fl-de">
         <path>C:\ti\ccs1020\ccs\tools\compiler\ti-cgt-arm_20.2.2.LTS\lib\</path>
         <kind>archive</kind>
         <file>rtsv7M4_T_le_v4SPD16_eabi.lib</file>
         <name>div0.asm.obj</name>
      </input_file>
      <input_file id="fl-df">
         <path>C:\ti\ccs1020\ccs\tools\compiler\ti-cgt-arm_20.2.2.LTS\lib\</path>
         <kind>archive</kind>
         <file>rtsv7M4_T_le_v4SPD16_eabi.lib</file>
         <name>autoinit.c.obj</name>
      </input_file>
      <input_file id="fl-e0">
         <path>C:\ti\ccs1020\ccs\tools\compiler\ti-cgt-arm_20.2.2.LTS\lib\</path>
         <kind>archive</kind>
         <file>rtsv7M4_T_le_v4SPD16_eabi.lib</file>
         <name>pre_init.c.obj</name>
      </input_file>
      <input_file id="fl-e1">
         <path>C:\ti\ccs1020\ccs\tools\compiler\ti-cgt-arm_20.2.2.LTS\lib\</path>
         <kind>archive</kind>
         <file>rtsv7M4_T_le_v4SPD16_eabi.lib</file>
         <name>cpy_tbl.c.obj</name>
      </input_file>
      <input_file id="fl-e2">
         <path>C:\ti\ccs1020\ccs\tools\compiler\ti-cgt-arm_20.2.2.LTS\lib\</path>
         <kind>archive</kind>
         <file>rtsv7M4_T_le_v4SPD16_eabi.lib</file>
         <name>exit.c.obj</name>
      </input_file>
      <input_file id="fl-e3">
         <path>C:\ti\ccs1020\ccs\tools\compiler\ti-cgt-arm_20.2.2.LTS\lib\</path>
         <kind>archive</kind>
         <file>rtsv7M4_T_le_v4SPD16_eabi.lib</file>
         <name>_lock.c.obj</name>
      </input_file>
      <input_file id="fl-e4">
         <path>C:\ti\ccs1020\ccs\tools\compiler\ti-cgt-arm_20.2.2.LTS\lib\</path>
         <kind>archive</kind>
         <file>rtsv7M4_T_le_v4SPD16_eabi.lib</file>
         <name>args_main.c.obj</name>
      </input_file>
      <input_file id="fl-e5">
         <path>C:\ti\TivaWare_C_Series-2.1.4.178\driverlib\ccs\Debug\</path>
         <kind>archive</kind>
         <file>driverlib.lib</file>
         <name>gpio.obj</name>
      </input_file>
      <input_file id="fl-e6">
         <path>C:\ti\TivaWare_C_Series-2.1.4.178\driverlib\ccs\Debug\</path>
         <kind>archive</kind>
         <file>driverlib.lib</file>
         <name>i2c.obj</name>
      </input_file>
      <input_file id="fl-e7">
         <path>C:\ti\TivaWare_C_Series-2.1.4.178\driverlib\ccs\Debug\</path>
         <kind>archive</kind>
         <file>driverlib.lib</file>
         <name>interrupt.obj</name>
      </input_file>
      <input_file id="fl-e8">
         <path>C:\ti\TivaWare_C_Series-2.1.4.178\driverlib\ccs\Debug\</path>
         <kind>archive</kind>
         <file>driverlib.lib</file>
         <name>pwm.obj</name>
      </input_file>
      <input_file id="fl-e9">
         <path>C:\ti\TivaWare_C_Series-2.1.4.178\driverlib\ccs\Debug\</path>
         <kind>archive</kind>
         <file>driverlib.lib</file>
         <name>sysctl.obj</name>
      </input_file>
      <input_file id="fl-ea">
         <path>C:\ti\TivaWare_C_Series-2.1.4.178\driverlib\ccs\Debug\</path>
         <kind>archive</kind>
         <file>driverlib.lib</file>
         <name>timer.obj</name>
      </input_file>
      <input_file id="fl-eb">
         <path>C:\ti\TivaWare_C_Series-2.1.4.178\driverlib\ccs\Debug\</path>
         <kind>archive</kind>
         <file>driverlib.lib</file>
         <name>uart.obj</name>
      </input_file>
      <input_file id="fl-ec">
         <path>C:\ti\TivaWare_C_Series-2.1.4.178\driverlib\ccs\Debug\</path>
         <kind>archive</kind>
         <file>driverlib.lib</file>
         <name>cpu.obj</name>
      </input_file>
   </input_file_list>
   <object_component_list>
      <object_component id="oc-12">
         <name>.intvecs</name>
         <load_address>0x0</load_address>
         <run_address>0x0</run_address>
         <size>0x26c</size>
         <input_file_ref idref="fl-5"/>
      </object_component>
      <object_component id="oc-226">
         <name>.text:UARTvprintf</name>
         <load_address>0x26c</load_address>
         <run_address>0x26c</run_address>
         <size>0x30c</size>
         <input_file_ref idref="fl-10"/>
      </object_component>
      <object_component id="oc-543">
         <name>.text:atan</name>
         <load_address>0x578</load_address>
         <run_address>0x578</run_address>
         <size>0x2ec</size>
         <input_file_ref idref="fl-ce"/>
      </object_component>
      <object_component id="oc-28a">
         <name>.text:MPU6050Task</name>
         <load_address>0x864</load_address>
         <run_address>0x864</run_address>
         <size>0x2dc</size>
         <input_file_ref idref="fl-6"/>
      </object_component>
      <object_component id="oc-41f">
         <name>.text:atan2</name>
         <load_address>0xb40</load_address>
         <run_address>0xb40</run_address>
         <size>0x1d8</size>
         <input_file_ref idref="fl-cc"/>
      </object_component>
      <object_component id="oc-531">
         <name>.text</name>
         <load_address>0xd18</load_address>
         <run_address>0xd18</run_address>
         <size>0x1b6</size>
         <input_file_ref idref="fl-cf"/>
      </object_component>
      <object_component id="oc-33">
         <name>.text:FaultISR</name>
         <load_address>0xece</load_address>
         <run_address>0xece</run_address>
         <size>0x2</size>
         <input_file_ref idref="fl-5"/>
      </object_component>
      <object_component id="oc-29a">
         <name>.text:ArmMotorTask</name>
         <load_address>0xed0</load_address>
         <run_address>0xed0</run_address>
         <size>0x194</size>
         <input_file_ref idref="fl-6"/>
      </object_component>
      <object_component id="oc-3fc">
         <name>.text:xQueueGenericReceive</name>
         <load_address>0x1064</load_address>
         <run_address>0x1064</run_address>
         <size>0x168</size>
         <input_file_ref idref="fl-a"/>
      </object_component>
      <object_component id="oc-292">
         <name>.text:BaseMotorTask</name>
         <load_address>0x11cc</load_address>
         <run_address>0x11cc</run_address>
         <size>0x15c</size>
         <input_file_ref idref="fl-6"/>
      </object_component>
      <object_component id="oc-419">
         <name>.text:sqrt</name>
         <load_address>0x1328</load_address>
         <run_address>0x1328</run_address>
         <size>0x158</size>
         <input_file_ref idref="fl-cd"/>
      </object_component>
      <object_component id="oc-42a">
         <name>.text</name>
         <load_address>0x1480</load_address>
         <run_address>0x1480</run_address>
         <size>0x136</size>
         <input_file_ref idref="fl-d1"/>
      </object_component>
      <object_component id="oc-39">
         <name>.text:IntDefaultHandler</name>
         <load_address>0x15b6</load_address>
         <run_address>0x15b6</run_address>
         <size>0x2</size>
         <input_file_ref idref="fl-5"/>
      </object_component>
      <object_component id="oc-27f">
         <name>.text:xTaskGenericCreate</name>
         <load_address>0x15b8</load_address>
         <run_address>0x15b8</run_address>
         <size>0x134</size>
         <input_file_ref idref="fl-b"/>
      </object_component>
      <object_component id="oc-9b">
         <name>.text:xTaskIncrementTick</name>
         <load_address>0x16ec</load_address>
         <run_address>0x16ec</run_address>
         <size>0x134</size>
         <input_file_ref idref="fl-b"/>
      </object_component>
      <object_component id="oc-2f5">
         <name>.text:GPIOPadConfigSet</name>
         <load_address>0x1820</load_address>
         <run_address>0x1820</run_address>
         <size>0x132</size>
         <input_file_ref idref="fl-e5"/>
      </object_component>
      <object_component id="oc-2d">
         <name>.text:NmiSR</name>
         <load_address>0x1952</load_address>
         <run_address>0x1952</run_address>
         <size>0x2</size>
         <input_file_ref idref="fl-5"/>
      </object_component>
      <object_component id="oc-23f">
         <name>.text:xQueueGenericSend</name>
         <load_address>0x1954</load_address>
         <run_address>0x1954</run_address>
         <size>0x128</size>
         <input_file_ref idref="fl-a"/>
      </object_component>
      <object_component id="oc-233">
         <name>.text:pvPortMalloc</name>
         <load_address>0x1a7c</load_address>
         <run_address>0x1a7c</run_address>
         <size>0x108</size>
         <input_file_ref idref="fl-f"/>
      </object_component>
      <object_component id="oc-425">
         <name>.text</name>
         <load_address>0x1b84</load_address>
         <run_address>0x1b84</run_address>
         <size>0xfc</size>
         <input_file_ref idref="fl-d2"/>
      </object_component>
      <object_component id="oc-323">
         <name>.text:xTaskResumeAll</name>
         <load_address>0x1c80</load_address>
         <run_address>0x1c80</run_address>
         <size>0xf8</size>
         <input_file_ref idref="fl-b"/>
      </object_component>
      <object_component id="oc-55a">
         <name>.text:prvProcessReceivedCommands</name>
         <load_address>0x1d78</load_address>
         <run_address>0x1d78</run_address>
         <size>0xe8</size>
         <input_file_ref idref="fl-c"/>
      </object_component>
      <object_component id="oc-40e">
         <name>.text:vMPU6050_Read</name>
         <load_address>0x1e60</load_address>
         <run_address>0x1e60</run_address>
         <size>0xe4</size>
         <input_file_ref idref="fl-3"/>
      </object_component>
      <object_component id="oc-3f">
         <name>.text</name>
         <load_address>0x1f44</load_address>
         <run_address>0x1f44</run_address>
         <size>0xd2</size>
         <input_file_ref idref="fl-e"/>
      </object_component>
      <object_component id="oc-48a">
         <name>.text</name>
         <load_address>0x2016</load_address>
         <run_address>0x2016</run_address>
         <size>0x2</size>
         <input_file_ref idref="fl-de"/>
      </object_component>
      <object_component id="oc-26d">
         <name>.text:vMPU6050_Init</name>
         <load_address>0x2018</load_address>
         <run_address>0x2018</run_address>
         <size>0xd0</size>
         <input_file_ref idref="fl-3"/>
      </object_component>
      <object_component id="oc-12e">
         <name>.text:ConfigurePWM</name>
         <load_address>0x20e8</load_address>
         <run_address>0x20e8</run_address>
         <size>0xc8</size>
         <input_file_ref idref="fl-2"/>
      </object_component>
      <object_component id="oc-520">
         <name>.text:vTaskPriorityInherit</name>
         <load_address>0x21b0</load_address>
         <run_address>0x21b0</run_address>
         <size>0xc8</size>
         <input_file_ref idref="fl-b"/>
      </object_component>
      <object_component id="oc-146">
         <name>.text:vInitTimers</name>
         <load_address>0x2278</load_address>
         <run_address>0x2278</run_address>
         <size>0xc0</size>
         <input_file_ref idref="fl-4"/>
      </object_component>
      <object_component id="oc-33b">
         <name>.text:prvCopyDataToQueue</name>
         <load_address>0x2338</load_address>
         <run_address>0x2338</run_address>
         <size>0xba</size>
         <input_file_ref idref="fl-a"/>
      </object_component>
      <object_component id="oc-94">
         <name>.text:vTaskSwitchContext</name>
         <load_address>0x23f4</load_address>
         <run_address>0x23f4</run_address>
         <size>0xb8</size>
         <input_file_ref idref="fl-b"/>
      </object_component>
      <object_component id="oc-5d5">
         <name>.text:prvSwitchTimerLists</name>
         <load_address>0x24ac</load_address>
         <run_address>0x24ac</run_address>
         <size>0xa4</size>
         <input_file_ref idref="fl-c"/>
      </object_component>
      <object_component id="oc-4aa">
         <name>.text:xTaskPriorityDisinherit</name>
         <load_address>0x2550</load_address>
         <run_address>0x2550</run_address>
         <size>0xa4</size>
         <input_file_ref idref="fl-b"/>
      </object_component>
      <object_component id="oc-3c2">
         <name>.text:xQueueGenericReset</name>
         <load_address>0x25f4</load_address>
         <run_address>0x25f4</run_address>
         <size>0xa0</size>
         <input_file_ref idref="fl-a"/>
      </object_component>
      <object_component id="oc-cf">
         <name>.text:main</name>
         <load_address>0x2694</load_address>
         <run_address>0x2694</run_address>
         <size>0x9c</size>
         <input_file_ref idref="fl-2"/>
      </object_component>
      <object_component id="oc-58">
         <name>.text</name>
         <load_address>0x2730</load_address>
         <run_address>0x2730</run_address>
         <size>0x9c</size>
         <input_file_ref idref="fl-d6"/>
      </object_component>
      <object_component id="oc-3cf">
         <name>.text:prvInitialiseTCBVariables</name>
         <load_address>0x27cc</load_address>
         <run_address>0x27cc</run_address>
         <size>0x98</size>
         <input_file_ref idref="fl-b"/>
      </object_component>
      <object_component id="oc-14c">
         <name>.text:MPU6050TaskInit</name>
         <load_address>0x2864</load_address>
         <run_address>0x2864</run_address>
         <size>0x94</size>
         <input_file_ref idref="fl-6"/>
      </object_component>
      <object_component id="oc-273">
         <name>.text:vMPU6050_Write</name>
         <load_address>0x28f8</load_address>
         <run_address>0x28f8</run_address>
         <size>0x94</size>
         <input_file_ref idref="fl-3"/>
      </object_component>
      <object_component id="oc-341">
         <name>.text:xTaskRemoveFromEventList</name>
         <load_address>0x298c</load_address>
         <run_address>0x298c</run_address>
         <size>0x90</size>
         <input_file_ref idref="fl-b"/>
      </object_component>
      <object_component id="oc-388">
         <name>.text:xQueueGenericSendFromISR</name>
         <load_address>0x2a1c</load_address>
         <run_address>0x2a1c</run_address>
         <size>0x8c</size>
         <input_file_ref idref="fl-a"/>
      </object_component>
      <object_component id="oc-5a9">
         <name>.text:__aeabi_cdrcmple</name>
         <load_address>0x2aa8</load_address>
         <run_address>0x2aa8</run_address>
         <size>0x86</size>
         <input_file_ref idref="fl-d0"/>
      </object_component>
      <object_component id="oc-554">
         <name>.text:prvProcessTimerOrBlockTask</name>
         <load_address>0x2b30</load_address>
         <run_address>0x2b30</run_address>
         <size>0x84</size>
         <input_file_ref idref="fl-c"/>
      </object_component>
      <object_component id="oc-353">
         <name>.text:xTaskCheckForTimeOut</name>
         <load_address>0x2bb4</load_address>
         <run_address>0x2bb4</run_address>
         <size>0x84</size>
         <input_file_ref idref="fl-b"/>
      </object_component>
      <object_component id="oc-365">
         <name>.text:prvUnlockQueue</name>
         <load_address>0x2c38</load_address>
         <run_address>0x2c38</run_address>
         <size>0x82</size>
         <input_file_ref idref="fl-a"/>
      </object_component>
      <object_component id="oc-15e">
         <name>.text:vTaskStartScheduler</name>
         <load_address>0x2cbc</load_address>
         <run_address>0x2cbc</run_address>
         <size>0x7c</size>
         <input_file_ref idref="fl-b"/>
      </object_component>
      <object_component id="oc-c3">
         <name>.text</name>
         <load_address>0x2d38</load_address>
         <run_address>0x2d38</run_address>
         <size>0x7a</size>
         <input_file_ref idref="fl-d7"/>
      </object_component>
      <object_component id="oc-5c4">
         <name>.text:prvInsertTimerInActiveList</name>
         <load_address>0x2db4</load_address>
         <run_address>0x2db4</run_address>
         <size>0x78</size>
         <input_file_ref idref="fl-c"/>
      </object_component>
      <object_component id="oc-140">
         <name>.text:xQueueCreateMutex</name>
         <load_address>0x2e2c</load_address>
         <run_address>0x2e2c</run_address>
         <size>0x76</size>
         <input_file_ref idref="fl-a"/>
      </object_component>
      <object_component id="oc-128">
         <name>.text:ConfigureUART</name>
         <load_address>0x2ea4</load_address>
         <run_address>0x2ea4</run_address>
         <size>0x74</size>
         <input_file_ref idref="fl-2"/>
      </object_component>
      <object_component id="oc-1e1">
         <name>.text:UARTStdioConfig</name>
         <load_address>0x2f18</load_address>
         <run_address>0x2f18</run_address>
         <size>0x74</size>
         <input_file_ref idref="fl-10"/>
      </object_component>
      <object_component id="oc-3db">
         <name>.text:prvInitialiseTaskLists</name>
         <load_address>0x2f8c</load_address>
         <run_address>0x2f8c</run_address>
         <size>0x74</size>
         <input_file_ref idref="fl-b"/>
      </object_component>
      <object_component id="oc-5dc">
         <name>.text:vTaskPlaceOnEventListRestricted</name>
         <load_address>0x3000</load_address>
         <run_address>0x3000</run_address>
         <size>0x70</size>
         <input_file_ref idref="fl-b"/>
      </object_component>
      <object_component id="oc-279">
         <name>.text:xQueueGenericCreate</name>
         <load_address>0x3070</load_address>
         <run_address>0x3070</run_address>
         <size>0x70</size>
         <input_file_ref idref="fl-a"/>
      </object_component>
      <object_component id="oc-254">
         <name>.text:xTimerGenericCommand</name>
         <load_address>0x30e0</load_address>
         <run_address>0x30e0</run_address>
         <size>0x70</size>
         <input_file_ref idref="fl-c"/>
      </object_component>
      <object_component id="oc-42f">
         <name>.text</name>
         <load_address>0x3150</load_address>
         <run_address>0x3150</run_address>
         <size>0x6e</size>
         <input_file_ref idref="fl-d3"/>
      </object_component>
      <object_component id="oc-15">
         <name>.text:decompress:lzss:__TI_decompress_lzss</name>
         <load_address>0x31be</load_address>
         <run_address>0x31be</run_address>
         <size>0x68</size>
         <input_file_ref idref="fl-db"/>
      </object_component>
      <object_component id="oc-44d">
         <name>.text:prvCheckTasksWaitingTermination</name>
         <load_address>0x3228</load_address>
         <run_address>0x3228</run_address>
         <size>0x68</size>
         <input_file_ref idref="fl-b"/>
      </object_component>
      <object_component id="oc-4f1">
         <name>.text:vPortFree</name>
         <load_address>0x3290</load_address>
         <run_address>0x3290</run_address>
         <size>0x68</size>
         <input_file_ref idref="fl-f"/>
      </object_component>
      <object_component id="oc-35f">
         <name>.text:vTaskPlaceOnEventList</name>
         <load_address>0x32f8</load_address>
         <run_address>0x32f8</run_address>
         <size>0x68</size>
         <input_file_ref idref="fl-b"/>
      </object_component>
      <object_component id="oc-25d">
         <name>.text:vTimerCallback</name>
         <load_address>0x3360</load_address>
         <run_address>0x3360</run_address>
         <size>0x68</size>
         <input_file_ref idref="fl-4"/>
      </object_component>
      <object_component id="oc-4b6">
         <name>.text:vListInsert</name>
         <load_address>0x33c8</load_address>
         <run_address>0x33c8</run_address>
         <size>0x66</size>
         <input_file_ref idref="fl-9"/>
      </object_component>
      <object_component id="oc-373">
         <name>.text:prvCheckForValidListAndQueue</name>
         <load_address>0x3430</load_address>
         <run_address>0x3430</run_address>
         <size>0x64</size>
         <input_file_ref idref="fl-c"/>
      </object_component>
      <object_component id="oc-219">
         <name>.text:TimerConfigure</name>
         <load_address>0x3494</load_address>
         <run_address>0x3494</run_address>
         <size>0x60</size>
         <input_file_ref idref="fl-ea"/>
      </object_component>
      <object_component id="oc-5b7">
         <name>.text:prvProcessExpiredTimer</name>
         <load_address>0x34f4</load_address>
         <run_address>0x34f4</run_address>
         <size>0x60</size>
         <input_file_ref idref="fl-c"/>
      </object_component>
      <object_component id="oc-3c9">
         <name>.text:prvAllocateTCBAndStack</name>
         <load_address>0x3554</load_address>
         <run_address>0x3554</run_address>
         <size>0x5e</size>
         <input_file_ref idref="fl-b"/>
      </object_component>
      <object_component id="oc-306">
         <name>.text:UARTwrite</name>
         <load_address>0x35b4</load_address>
         <run_address>0x35b4</run_address>
         <size>0x5c</size>
         <input_file_ref idref="fl-10"/>
      </object_component>
      <object_component id="oc-4bc">
         <name>.text:prvAddCurrentTaskToDelayedList</name>
         <load_address>0x3610</load_address>
         <run_address>0x3610</run_address>
         <size>0x5c</size>
         <input_file_ref idref="fl-b"/>
      </object_component>
      <object_component id="oc-3d5">
         <name>.text:pxPortInitialiseStack</name>
         <load_address>0x366c</load_address>
         <run_address>0x366c</run_address>
         <size>0x5c</size>
         <input_file_ref idref="fl-d"/>
      </object_component>
      <object_component id="oc-158">
         <name>.text:ArmMotorTaskInit</name>
         <load_address>0x36c8</load_address>
         <run_address>0x36c8</run_address>
         <size>0x58</size>
         <input_file_ref idref="fl-6"/>
      </object_component>
      <object_component id="oc-152">
         <name>.text:BaseMotorTaskInit</name>
         <load_address>0x3720</load_address>
         <run_address>0x3720</run_address>
         <size>0x58</size>
         <input_file_ref idref="fl-6"/>
      </object_component>
      <object_component id="oc-5bd">
         <name>.text:vQueueWaitForMessageRestricted</name>
         <load_address>0x3778</load_address>
         <run_address>0x3778</run_address>
         <size>0x54</size>
         <input_file_ref idref="fl-a"/>
      </object_component>
      <object_component id="oc-248">
         <name>.text:xTimerCreate</name>
         <load_address>0x37cc</load_address>
         <run_address>0x37cc</run_address>
         <size>0x54</size>
         <input_file_ref idref="fl-c"/>
      </object_component>
      <object_component id="oc-31d">
         <name>.text:prvHeapInit</name>
         <load_address>0x3820</load_address>
         <run_address>0x3820</run_address>
         <size>0x50</size>
         <input_file_ref idref="fl-f"/>
      </object_component>
      <object_component id="oc-4cd">
         <name>.text:vQueueAddToRegistry</name>
         <load_address>0x3870</load_address>
         <run_address>0x3870</run_address>
         <size>0x4c</size>
         <input_file_ref idref="fl-a"/>
      </object_component>
      <object_component id="oc-1e8">
         <name>.text:GPIOPinConfigure</name>
         <load_address>0x38bc</load_address>
         <run_address>0x38bc</run_address>
         <size>0x48</size>
         <input_file_ref idref="fl-e5"/>
      </object_component>
      <object_component id="oc-fc">
         <name>.text:uxListRemove</name>
         <load_address>0x3904</load_address>
         <run_address>0x3904</run_address>
         <size>0x48</size>
         <input_file_ref idref="fl-9"/>
      </object_component>
      <object_component id="oc-2a1">
         <name>.text:xTimerCreateTimerTask</name>
         <load_address>0x394c</load_address>
         <run_address>0x394c</run_address>
         <size>0x48</size>
         <input_file_ref idref="fl-c"/>
      </object_component>
      <object_component id="oc-172">
         <name>.text:__TI_auto_init_nobinit_nopinit:__TI_auto_init_nobinit_nopinit</name>
         <load_address>0x3994</load_address>
         <run_address>0x3994</run_address>
         <size>0x44</size>
         <input_file_ref idref="fl-df"/>
      </object_component>
      <object_component id="oc-2a7">
         <name>.text:xPortStartScheduler</name>
         <load_address>0x39d8</load_address>
         <run_address>0x39d8</run_address>
         <size>0x44</size>
         <input_file_ref idref="fl-d"/>
      </object_component>
      <object_component id="oc-30c">
         <name>.text</name>
         <load_address>0x3a1c</load_address>
         <run_address>0x3a1c</run_address>
         <size>0x40</size>
         <input_file_ref idref="fl-d8"/>
      </object_component>
      <object_component id="oc-134">
         <name>.text:ConfigureTimer5</name>
         <load_address>0x3a5c</load_address>
         <run_address>0x3a5c</run_address>
         <size>0x3c</size>
         <input_file_ref idref="fl-2"/>
      </object_component>
      <object_component id="oc-50e">
         <name>.text:prvCopyDataFromQueue</name>
         <load_address>0x3a98</load_address>
         <run_address>0x3a98</run_address>
         <size>0x3c</size>
         <input_file_ref idref="fl-a"/>
      </object_component>
      <object_component id="oc-f6">
         <name>.text:prvResetNextTaskUnblockTime</name>
         <load_address>0x3ad4</load_address>
         <run_address>0x3ad4</run_address>
         <size>0x3c</size>
         <input_file_ref idref="fl-b"/>
      </object_component>
      <object_component id="oc-102">
         <name>.text:vListInsertEnd</name>
         <load_address>0x3b10</load_address>
         <run_address>0x3b10</run_address>
         <size>0x3c</size>
         <input_file_ref idref="fl-9"/>
      </object_component>
      <object_component id="oc-54e">
         <name>.text:prvGetNextExpireTime</name>
         <load_address>0x3b4c</load_address>
         <run_address>0x3b4c</run_address>
         <size>0x38</size>
         <input_file_ref idref="fl-c"/>
      </object_component>
      <object_component id="oc-414">
         <name>.text</name>
         <load_address>0x3b84</load_address>
         <run_address>0x3b84</run_address>
         <size>0x38</size>
         <input_file_ref idref="fl-d4"/>
      </object_component>
      <object_component id="oc-76">
         <name>.text:_c_int00_noargs:_c_int00_noargs</name>
         <load_address>0x3bbc</load_address>
         <run_address>0x3bbc</run_address>
         <size>0x34</size>
         <input_file_ref idref="fl-dc"/>
      </object_component>
      <object_component id="oc-5b5">
         <name>.text:prvSampleTimeNow</name>
         <load_address>0x3bf0</load_address>
         <run_address>0x3bf0</run_address>
         <size>0x34</size>
         <input_file_ref idref="fl-c"/>
      </object_component>
      <object_component id="oc-239">
         <name>.text:vListInitialise</name>
         <load_address>0x3c24</load_address>
         <run_address>0x3c24</run_address>
         <size>0x30</size>
         <input_file_ref idref="fl-9"/>
      </object_component>
      <object_component id="oc-382">
         <name>.text:xTaskGetSchedulerState</name>
         <load_address>0x3c54</load_address>
         <run_address>0x3c54</run_address>
         <size>0x30</size>
         <input_file_ref idref="fl-b"/>
      </object_component>
      <object_component id="oc-44">
         <name>.text:xPortSysTickHandler</name>
         <load_address>0x3c84</load_address>
         <run_address>0x3c84</run_address>
         <size>0x2c</size>
         <input_file_ref idref="fl-d"/>
      </object_component>
      <object_component id="oc-2ef">
         <name>.text:GPIODirModeSet</name>
         <load_address>0x3cb0</load_address>
         <run_address>0x3cb0</run_address>
         <size>0x2a</size>
         <input_file_ref idref="fl-e5"/>
      </object_component>
      <object_component id="oc-359">
         <name>.text:prvIsQueueFull</name>
         <load_address>0x3cda</load_address>
         <run_address>0x3cda</run_address>
         <size>0x26</size>
         <input_file_ref idref="fl-a"/>
      </object_component>
      <object_component id="oc-13a">
         <name>.text:UARTprintf</name>
         <load_address>0x3d00</load_address>
         <run_address>0x3d00</run_address>
         <size>0x24</size>
         <input_file_ref idref="fl-10"/>
      </object_component>
      <object_component id="oc-335">
         <name>.text:vPortEnterCritical</name>
         <load_address>0x3d24</load_address>
         <run_address>0x3d24</run_address>
         <size>0x24</size>
         <input_file_ref idref="fl-d"/>
      </object_component>
      <object_component id="oc-34d">
         <name>.text:vTaskSetTimeOutState</name>
         <load_address>0x3d48</load_address>
         <run_address>0x3d48</run_address>
         <size>0x24</size>
         <input_file_ref idref="fl-b"/>
      </object_component>
      <object_component id="oc-1f4">
         <name>.text:PWMGenConfigure</name>
         <load_address>0x3d6c</load_address>
         <run_address>0x3d6c</run_address>
         <size>0x22</size>
         <input_file_ref idref="fl-e8"/>
      </object_component>
      <object_component id="oc-51a">
         <name>.text:prvIsQueueEmpty</name>
         <load_address>0x3d8e</load_address>
         <run_address>0x3d8e</run_address>
         <size>0x20</size>
         <input_file_ref idref="fl-a"/>
      </object_component>
      <object_component id="oc-3f6">
         <name>.text:vStartArmMotorTimer</name>
         <load_address>0x3db0</load_address>
         <run_address>0x3db0</run_address>
         <size>0x20</size>
         <input_file_ref idref="fl-4"/>
      </object_component>
      <object_component id="oc-3f0">
         <name>.text:vStartBaseMotorTimer</name>
         <load_address>0x3dd0</load_address>
         <run_address>0x3dd0</run_address>
         <size>0x20</size>
         <input_file_ref idref="fl-4"/>
      </object_component>
      <object_component id="oc-3ea">
         <name>.text:vStartMpuTimer</name>
         <load_address>0x3df0</load_address>
         <run_address>0x3df0</run_address>
         <size>0x20</size>
         <input_file_ref idref="fl-4"/>
      </object_component>
      <object_component id="oc-267">
         <name>.text:xQueueCreateCountingSemaphore</name>
         <load_address>0x3e10</load_address>
         <run_address>0x3e10</run_address>
         <size>0x20</size>
         <input_file_ref idref="fl-a"/>
      </object_component>
      <object_component id="oc-200">
         <name>.text:PWMPulseWidthSet</name>
         <load_address>0x3e30</load_address>
         <run_address>0x3e30</run_address>
         <size>0x1e</size>
         <input_file_ref idref="fl-e8"/>
      </object_component>
      <object_component id="oc-514">
         <name>.text:pvTaskIncrementMutexHeldCount</name>
         <load_address>0x3e50</load_address>
         <run_address>0x3e50</run_address>
         <size>0x1c</size>
         <input_file_ref idref="fl-b"/>
      </object_component>
      <object_component id="oc-347">
         <name>.text:vPortExitCritical</name>
         <load_address>0x3e6c</load_address>
         <run_address>0x3e6c</run_address>
         <size>0x1c</size>
         <input_file_ref idref="fl-d"/>
      </object_component>
      <object_component id="oc-43c">
         <name>.text:prvTimerTask</name>
         <load_address>0x3e88</load_address>
         <run_address>0x3e88</run_address>
         <size>0x1a</size>
         <input_file_ref idref="fl-c"/>
      </object_component>
      <object_component id="oc-39c">
         <name>.text:pvTimerGetTimerID</name>
         <load_address>0x3ea2</load_address>
         <run_address>0x3ea2</run_address>
         <size>0x1a</size>
         <input_file_ref idref="fl-c"/>
      </object_component>
      <object_component id="oc-443">
         <name>.text:vPortSetupTimerInterrupt</name>
         <load_address>0x3ebc</load_address>
         <run_address>0x3ebc</run_address>
         <size>0x18</size>
         <input_file_ref idref="fl-d"/>
      </object_component>
      <object_component id="oc-564">
         <name>.text:prvDeleteTCB</name>
         <load_address>0x3ed4</load_address>
         <run_address>0x3ed4</run_address>
         <size>0x14</size>
         <input_file_ref idref="fl-b"/>
      </object_component>
      <object_component id="oc-24e">
         <name>.text:xTaskGetTickCount</name>
         <load_address>0x3ee8</load_address>
         <run_address>0x3ee8</run_address>
         <size>0x14</size>
         <input_file_ref idref="fl-b"/>
      </object_component>
      <object_component id="oc-1ee">
         <name>.text:GPIOPinTypePWM</name>
         <load_address>0x3efc</load_address>
         <run_address>0x3efc</run_address>
         <size>0x12</size>
         <input_file_ref idref="fl-e5"/>
      </object_component>
      <object_component id="oc-20c">
         <name>.text:PWMOutputState</name>
         <load_address>0x3f0e</load_address>
         <run_address>0x3f0e</run_address>
         <size>0x12</size>
         <input_file_ref idref="fl-e8"/>
      </object_component>
      <object_component id="oc-21f">
         <name>.text:TimerPrescaleSet</name>
         <load_address>0x3f20</load_address>
         <run_address>0x3f20</run_address>
         <size>0x12</size>
         <input_file_ref idref="fl-ea"/>
      </object_component>
      <object_component id="oc-1fa">
         <name>.text:PWMGenPeriodSet</name>
         <load_address>0x3f32</load_address>
         <run_address>0x3f32</run_address>
         <size>0x10</size>
         <input_file_ref idref="fl-e8"/>
      </object_component>
      <object_component id="oc-4f9">
         <name>.text:prvTaskExitError</name>
         <load_address>0x3f42</load_address>
         <run_address>0x3f42</run_address>
         <size>0x10</size>
         <input_file_ref idref="fl-d"/>
      </object_component>
      <object_component id="oc-379">
         <name>.text:vListInitialiseItem</name>
         <load_address>0x3f52</load_address>
         <run_address>0x3f52</run_address>
         <size>0x10</size>
         <input_file_ref idref="fl-9"/>
      </object_component>
      <object_component id="oc-317">
         <name>.text:vTaskSuspendAll</name>
         <load_address>0x3f64</load_address>
         <run_address>0x3f64</run_address>
         <size>0x10</size>
         <input_file_ref idref="fl-b"/>
      </object_component>
      <object_component id="oc-3e4">
         <name>.text:TimerEnable</name>
         <load_address>0x3f74</load_address>
         <run_address>0x3f74</run_address>
         <size>0xe</size>
         <input_file_ref idref="fl-ea"/>
      </object_component>
      <object_component id="oc-1b">
         <name>.text:decompress:none:__TI_decompress_none</name>
         <load_address>0x3f82</load_address>
         <run_address>0x3f82</run_address>
         <size>0xe</size>
         <input_file_ref idref="fl-da"/>
      </object_component>
      <object_component id="oc-206">
         <name>.text:PWMGenEnable</name>
         <load_address>0x3f90</load_address>
         <run_address>0x3f90</run_address>
         <size>0xc</size>
         <input_file_ref idref="fl-e8"/>
      </object_component>
      <object_component id="oc-6a">
         <name>.text:decompress:ZI:__TI_zero_init</name>
         <load_address>0x3f9c</load_address>
         <run_address>0x3f9c</run_address>
         <size>0xc</size>
         <input_file_ref idref="fl-d9"/>
      </object_component>
      <object_component id="oc-402">
         <name>.text:ui32GetTickMs</name>
         <load_address>0x3fa8</load_address>
         <run_address>0x3fa8</run_address>
         <size>0xc</size>
         <input_file_ref idref="fl-4"/>
      </object_component>
      <object_component id="oc-4c6">
         <name>.text:vTaskMissedYield</name>
         <load_address>0x3fb4</load_address>
         <run_address>0x3fb4</run_address>
         <size>0xc</size>
         <input_file_ref idref="fl-b"/>
      </object_component>
      <object_component id="oc-408">
         <name>.text:TimerValueGet</name>
         <load_address>0x3fc0</load_address>
         <run_address>0x3fc0</run_address>
         <size>0xa</size>
         <input_file_ref idref="fl-ea"/>
      </object_component>
      <object_component id="oc-2ad">
         <name>.text:prvIdleTask</name>
         <load_address>0x3fca</load_address>
         <run_address>0x3fca</run_address>
         <size>0xa</size>
         <input_file_ref idref="fl-b"/>
      </object_component>
      <object_component id="oc-ec">
         <name>.text:vApplicationStackOverflowHook</name>
         <load_address>0x3fd4</load_address>
         <run_address>0x3fd4</run_address>
         <size>0xa</size>
         <input_file_ref idref="fl-2"/>
      </object_component>
      <object_component id="oc-3ba">
         <name>.text:I2CMasterBusy</name>
         <load_address>0x3fde</load_address>
         <run_address>0x3fde</run_address>
         <size>0x8</size>
         <input_file_ref idref="fl-e6"/>
      </object_component>
      <object_component id="oc-3a8">
         <name>.text:I2CMasterSlaveAddrSet</name>
         <load_address>0x3fe6</load_address>
         <run_address>0x3fe6</run_address>
         <size>0x8</size>
         <input_file_ref idref="fl-e6"/>
      </object_component>
      <object_component id="oc-536">
         <name>.text:__aeabi_errno_addr</name>
         <load_address>0x3ff0</load_address>
         <run_address>0x3ff0</run_address>
         <size>0x8</size>
         <input_file_ref idref="fl-dd"/>
      </object_component>
      <object_component id="oc-27">
         <name>.text:ResetISR</name>
         <load_address>0x3ff8</load_address>
         <run_address>0x3ff8</run_address>
         <size>0x6</size>
         <input_file_ref idref="fl-5"/>
      </object_component>
      <object_component id="oc-213">
         <name>.text:TimerClockSourceSet</name>
         <load_address>0x3ffe</load_address>
         <run_address>0x3ffe</run_address>
         <size>0x6</size>
         <input_file_ref idref="fl-ea"/>
      </object_component>
      <object_component id="oc-1db">
         <name>.text:UARTClockSourceSet</name>
         <load_address>0x4004</load_address>
         <run_address>0x4004</run_address>
         <size>0x6</size>
         <input_file_ref idref="fl-eb"/>
      </object_component>
      <object_component id="oc-3b4">
         <name>.text:I2CMasterControl</name>
         <load_address>0x400a</load_address>
         <run_address>0x400a</run_address>
         <size>0x4</size>
         <input_file_ref idref="fl-e6"/>
      </object_component>
      <object_component id="oc-529">
         <name>.text:I2CMasterDataGet</name>
         <load_address>0x400e</load_address>
         <run_address>0x400e</run_address>
         <size>0x4</size>
         <input_file_ref idref="fl-e6"/>
      </object_component>
      <object_component id="oc-3ae">
         <name>.text:I2CMasterDataPut</name>
         <load_address>0x4012</load_address>
         <run_address>0x4012</run_address>
         <size>0x4</size>
         <input_file_ref idref="fl-e6"/>
      </object_component>
      <object_component id="oc-c9">
         <name>.text:_system_pre_init</name>
         <load_address>0x4016</load_address>
         <run_address>0x4016</run_address>
         <size>0x4</size>
         <input_file_ref idref="fl-e0"/>
      </object_component>
      <object_component id="oc-166">
         <name>.text:abort:abort</name>
         <load_address>0x401a</load_address>
         <run_address>0x401a</run_address>
         <size>0x4</size>
         <input_file_ref idref="fl-e2"/>
      </object_component>
      <object_component id="oc-5ae">
         <name>.const:$O1$$</name>
         <load_address>0x4020</load_address>
         <run_address>0x4020</run_address>
         <size>0x98</size>
         <input_file_ref idref="fl-ce"/>
      </object_component>
      <object_component id="oc-2ea">
         <name>.const:g_pui32GPIOBaseAddrs</name>
         <load_address>0x40b8</load_address>
         <run_address>0x40b8</run_address>
         <size>0x90</size>
         <input_file_ref idref="fl-e5"/>
      </object_component>
      <object_component id="oc-490">
         <name>.const:.string</name>
         <load_address>0x4148</load_address>
         <run_address>0x4148</run_address>
         <size>0x12</size>
         <input_file_ref idref="fl-10"/>
      </object_component>
      <object_component id="oc-2e6">
         <name>.const:g_ui32UARTBase</name>
         <load_address>0x415c</load_address>
         <run_address>0x415c</run_address>
         <size>0xc</size>
         <input_file_ref idref="fl-10"/>
      </object_component>
      <object_component id="oc-2dd">
         <name>.const:g_ui32UARTPeriph</name>
         <load_address>0x4168</load_address>
         <run_address>0x4168</run_address>
         <size>0xc</size>
         <input_file_ref idref="fl-10"/>
      </object_component>
      <object_component id="oc-91">
         <name>.const</name>
         <load_address>0x4174</load_address>
         <run_address>0x4174</run_address>
         <size>0x4</size>
         <input_file_ref idref="fl-d"/>
      </object_component>
      <object_component id="oc-311">
         <name>.const</name>
         <load_address>0x4178</load_address>
         <run_address>0x4178</run_address>
         <size>0x4</size>
         <input_file_ref idref="fl-10"/>
      </object_component>
      <object_component id="oc-613">
         <name>.cinit..data.load</name>
         <load_address>0x4180</load_address>
         <run_address>0x4180</run_address>
         <size>0x13</size>
      </object_component>
      <object_component id="oc-611">
         <name>__TI_handler_table</name>
         <load_address>0x4194</load_address>
         <run_address>0x4194</run_address>
         <size>0xc</size>
      </object_component>
      <object_component id="oc-614">
         <name>.cinit..bss.load</name>
         <load_address>0x41a0</load_address>
         <run_address>0x41a0</run_address>
         <size>0x8</size>
      </object_component>
      <object_component id="oc-612">
         <name>__TI_cinit_table</name>
         <load_address>0x41a8</load_address>
         <run_address>0x41a8</run_address>
         <size>0x10</size>
      </object_component>
      <object_component id="oc-3a2">
         <name>.data</name>
         <load_address>0x200079e0</load_address>
         <run_address>0x200079e0</run_address>
         <size>0x4</size>
         <input_file_ref idref="fl-4"/>
      </object_component>
      <object_component id="oc-8e">
         <name>.data</name>
         <load_address>0x20007998</load_address>
         <run_address>0x20007998</run_address>
         <size>0x30</size>
         <input_file_ref idref="fl-b"/>
      </object_component>
      <object_component id="oc-38e">
         <name>.data</name>
         <load_address>0x200079d0</load_address>
         <run_address>0x200079d0</run_address>
         <size>0x8</size>
         <input_file_ref idref="fl-c"/>
      </object_component>
      <object_component id="oc-449">
         <name>.data</name>
         <load_address>0x200079e4</load_address>
         <run_address>0x200079e4</run_address>
         <size>0x4</size>
         <input_file_ref idref="fl-d"/>
      </object_component>
      <object_component id="oc-329">
         <name>.data</name>
         <load_address>0x200079c8</load_address>
         <run_address>0x200079c8</run_address>
         <size>0x8</size>
         <input_file_ref idref="fl-f"/>
      </object_component>
      <object_component id="oc-2e0">
         <name>.data</name>
         <load_address>0x200079d8</load_address>
         <run_address>0x200079d8</run_address>
         <size>0x5</size>
         <input_file_ref idref="fl-10"/>
      </object_component>
      <object_component id="oc-59d">
         <name>.data</name>
         <load_address>0x200079e8</load_address>
         <run_address>0x200079e8</run_address>
         <size>0x4</size>
         <input_file_ref idref="fl-dd"/>
      </object_component>
      <object_component id="oc-f2">
         <name>.bss:pxReadyTasksLists</name>
         <uninitialized>true</uninitialized>
         <run_address>0x20007530</run_address>
         <size>0x140</size>
         <input_file_ref idref="fl-b"/>
      </object_component>
      <object_component id="oc-500">
         <name>.bss:xDelayedTaskList1</name>
         <uninitialized>true</uninitialized>
         <run_address>0x200076e8</run_address>
         <size>0x14</size>
         <input_file_ref idref="fl-b"/>
      </object_component>
      <object_component id="oc-503">
         <name>.bss:xDelayedTaskList2</name>
         <uninitialized>true</uninitialized>
         <run_address>0x200076fc</run_address>
         <size>0x14</size>
         <input_file_ref idref="fl-b"/>
      </object_component>
      <object_component id="oc-108">
         <name>.bss</name>
         <uninitialized>true</uninitialized>
         <run_address>0x2000774c</run_address>
         <size>0x8</size>
         <input_file_ref idref="fl-b"/>
      </object_component>
      <object_component id="oc-498">
         <name>.bss:xPendingReadyList</name>
         <uninitialized>true</uninitialized>
         <run_address>0x20007710</run_address>
         <size>0x14</size>
         <input_file_ref idref="fl-b"/>
      </object_component>
      <object_component id="oc-506">
         <name>.bss:xTasksWaitingTermination</name>
         <uninitialized>true</uninitialized>
         <run_address>0x20007738</run_address>
         <size>0x14</size>
         <input_file_ref idref="fl-b"/>
      </object_component>
      <object_component id="oc-4c2">
         <name>.bss:xSuspendedTaskList</name>
         <uninitialized>true</uninitialized>
         <run_address>0x20007724</run_address>
         <size>0x14</size>
         <input_file_ref idref="fl-b"/>
      </object_component>
      <object_component id="oc-4d3">
         <name>.bss:xActiveTimerList1</name>
         <uninitialized>true</uninitialized>
         <run_address>0x200076c0</run_address>
         <size>0x14</size>
         <input_file_ref idref="fl-c"/>
      </object_component>
      <object_component id="oc-4d6">
         <name>.bss:xActiveTimerList2</name>
         <uninitialized>true</uninitialized>
         <run_address>0x200076d4</run_address>
         <size>0x14</size>
         <input_file_ref idref="fl-c"/>
      </object_component>
      <object_component id="oc-4d9">
         <name>.bss</name>
         <uninitialized>true</uninitialized>
         <run_address>0x20007754</run_address>
         <size>0x8</size>
         <input_file_ref idref="fl-c"/>
      </object_component>
      <object_component id="oc-494">
         <name>.bss:ucHeap</name>
         <uninitialized>true</uninitialized>
         <run_address>0x20000000</run_address>
         <size>0x7530</size>
         <input_file_ref idref="fl-f"/>
      </object_component>
      <object_component id="oc-32c">
         <name>.bss:xStart</name>
         <uninitialized>true</uninitialized>
         <run_address>0x20007764</run_address>
         <size>0x8</size>
         <input_file_ref idref="fl-f"/>
      </object_component>
      <object_component id="oc-32f">
         <name>.bss:xEnd</name>
         <uninitialized>true</uninitialized>
         <run_address>0x2000775c</run_address>
         <size>0x8</size>
         <input_file_ref idref="fl-f"/>
      </object_component>
      <object_component id="oc-164">
         <name>.common:g_pUARTSemaphore</name>
         <uninitialized>true</uninitialized>
         <run_address>0x20007790</run_address>
         <size>0x4</size>
      </object_component>
      <object_component id="oc-25a">
         <name>.common:g_pTimestampTimerHandle</name>
         <uninitialized>true</uninitialized>
         <run_address>0x2000778c</run_address>
         <size>0x4</size>
      </object_component>
      <object_component id="oc-263">
         <name>.common:g_pMpuTimerHandle</name>
         <uninitialized>true</uninitialized>
         <run_address>0x20007788</run_address>
         <size>0x4</size>
      </object_component>
      <object_component id="oc-264">
         <name>.common:g_pBaseMotorTimerHandle</name>
         <uninitialized>true</uninitialized>
         <run_address>0x20007780</run_address>
         <size>0x4</size>
      </object_component>
      <object_component id="oc-265">
         <name>.common:g_pArmMotorTimerHandle</name>
         <uninitialized>true</uninitialized>
         <run_address>0x20007774</run_address>
         <size>0x4</size>
      </object_component>
      <object_component id="oc-285">
         <name>.common:g_pMpuSemaphore</name>
         <uninitialized>true</uninitialized>
         <run_address>0x20007784</run_address>
         <size>0x4</size>
      </object_component>
      <object_component id="oc-291">
         <name>.common:g_pBaseMotorSemaphore</name>
         <uninitialized>true</uninitialized>
         <run_address>0x2000777c</run_address>
         <size>0x4</size>
      </object_component>
      <object_component id="oc-299">
         <name>.common:g_pArmMotorSemaphore</name>
         <uninitialized>true</uninitialized>
         <run_address>0x20007770</run_address>
         <size>0x4</size>
      </object_component>
      <object_component id="oc-288">
         <name>.common:g_pBaseMotorDataQueue</name>
         <uninitialized>true</uninitialized>
         <run_address>0x20007778</run_address>
         <size>0x4</size>
      </object_component>
      <object_component id="oc-289">
         <name>.common:g_pArmMotorDataQueue</name>
         <uninitialized>true</uninitialized>
         <run_address>0x2000776c</run_address>
         <size>0x4</size>
      </object_component>
      <object_component id="oc-585">
         <name>.common:xQueueRegistry</name>
         <uninitialized>true</uninitialized>
         <run_address>0x20007670</run_address>
         <size>0x50</size>
      </object_component>
      <object_component id="oc-24">
         <name>.stack</name>
         <uninitialized>true</uninitialized>
         <run_address>0x20007798</run_address>
         <size>0x4</size>
         <input_file_ref idref="fl-dc"/>
      </object_component>
      <object_component id="oc-616">
         <name>.stack</name>
         <uninitialized>true</uninitialized>
         <run_address>0x20007798</run_address>
         <size>0x0</size>
      </object_component>
      <object_component id="oc-116">
         <name>.debug_info</name>
         <load_address>0x0</load_address>
         <run_address>0x0</run_address>
         <size>0x731</size>
         <input_file_ref idref="fl-2"/>
      </object_component>
      <object_component id="oc-ed">
         <name>.debug_info</name>
         <load_address>0x731</load_address>
         <run_address>0x731</run_address>
         <size>0x1a7</size>
         <input_file_ref idref="fl-2"/>
      </object_component>
      <object_component id="oc-129">
         <name>.debug_info</name>
         <load_address>0x8d8</load_address>
         <run_address>0x8d8</run_address>
         <size>0x179</size>
         <input_file_ref idref="fl-2"/>
      </object_component>
      <object_component id="oc-12f">
         <name>.debug_info</name>
         <load_address>0xa51</load_address>
         <run_address>0xa51</run_address>
         <size>0x255</size>
         <input_file_ref idref="fl-2"/>
      </object_component>
      <object_component id="oc-135">
         <name>.debug_info</name>
         <load_address>0xca6</load_address>
         <run_address>0xca6</run_address>
         <size>0x178</size>
         <input_file_ref idref="fl-2"/>
      </object_component>
      <object_component id="oc-d0">
         <name>.debug_info</name>
         <load_address>0xe1e</load_address>
         <run_address>0xe1e</run_address>
         <size>0x21f</size>
         <input_file_ref idref="fl-2"/>
      </object_component>
      <object_component id="oc-1ab">
         <name>.debug_info</name>
         <load_address>0x103d</load_address>
         <run_address>0x103d</run_address>
         <size>0x2ef</size>
         <input_file_ref idref="fl-2"/>
      </object_component>
      <object_component id="oc-a4">
         <name>.debug_info</name>
         <load_address>0x132c</load_address>
         <run_address>0x132c</run_address>
         <size>0x26b</size>
         <input_file_ref idref="fl-2"/>
      </object_component>
      <object_component id="oc-111">
         <name>.debug_info</name>
         <load_address>0x1597</load_address>
         <run_address>0x1597</run_address>
         <size>0x8b</size>
         <input_file_ref idref="fl-2"/>
      </object_component>
      <object_component id="oc-1d6">
         <name>.debug_info</name>
         <load_address>0x1622</load_address>
         <run_address>0x1622</run_address>
         <size>0x46</size>
         <input_file_ref idref="fl-2"/>
      </object_component>
      <object_component id="oc-1d1">
         <name>.debug_info</name>
         <load_address>0x1668</load_address>
         <run_address>0x1668</run_address>
         <size>0x2c</size>
         <input_file_ref idref="fl-2"/>
      </object_component>
      <object_component id="oc-1b0">
         <name>.debug_info</name>
         <load_address>0x1694</load_address>
         <run_address>0x1694</run_address>
         <size>0x46</size>
         <input_file_ref idref="fl-2"/>
      </object_component>
      <object_component id="oc-1bf">
         <name>.debug_info</name>
         <load_address>0x16da</load_address>
         <run_address>0x16da</run_address>
         <size>0x2c</size>
         <input_file_ref idref="fl-2"/>
      </object_component>
      <object_component id="oc-10c">
         <name>.debug_info</name>
         <load_address>0x1706</load_address>
         <run_address>0x1706</run_address>
         <size>0x2a4</size>
         <input_file_ref idref="fl-2"/>
      </object_component>
      <object_component id="oc-a9">
         <name>.debug_info</name>
         <load_address>0x19aa</load_address>
         <run_address>0x19aa</run_address>
         <size>0xbb</size>
         <input_file_ref idref="fl-2"/>
      </object_component>
      <object_component id="oc-e4">
         <name>.debug_info</name>
         <load_address>0x1a65</load_address>
         <run_address>0x1a65</run_address>
         <size>0x53</size>
         <input_file_ref idref="fl-2"/>
      </object_component>
      <object_component id="oc-22e">
         <name>.debug_info</name>
         <load_address>0x1ab8</load_address>
         <run_address>0x1ab8</run_address>
         <size>0x2c</size>
         <input_file_ref idref="fl-2"/>
      </object_component>
      <object_component id="oc-1b5">
         <name>.debug_info</name>
         <load_address>0x1ae4</load_address>
         <run_address>0x1ae4</run_address>
         <size>0x14c</size>
         <input_file_ref idref="fl-2"/>
      </object_component>
      <object_component id="oc-3c1">
         <name>.debug_info</name>
         <load_address>0x1c30</load_address>
         <run_address>0x1c30</run_address>
         <size>0x385</size>
         <input_file_ref idref="fl-3"/>
      </object_component>
      <object_component id="oc-26e">
         <name>.debug_info</name>
         <load_address>0x1fb5</load_address>
         <run_address>0x1fb5</run_address>
         <size>0x16a</size>
         <input_file_ref idref="fl-3"/>
      </object_component>
      <object_component id="oc-274">
         <name>.debug_info</name>
         <load_address>0x211f</load_address>
         <run_address>0x211f</run_address>
         <size>0x2aa</size>
         <input_file_ref idref="fl-3"/>
      </object_component>
      <object_component id="oc-40f">
         <name>.debug_info</name>
         <load_address>0x23c9</load_address>
         <run_address>0x23c9</run_address>
         <size>0x348</size>
         <input_file_ref idref="fl-3"/>
      </object_component>
      <object_component id="oc-25b">
         <name>.debug_info</name>
         <load_address>0x2711</load_address>
         <run_address>0x2711</run_address>
         <size>0x5f0</size>
         <input_file_ref idref="fl-4"/>
      </object_component>
      <object_component id="oc-3a3">
         <name>.debug_info</name>
         <load_address>0x2d01</load_address>
         <run_address>0x2d01</run_address>
         <size>0xe1</size>
         <input_file_ref idref="fl-4"/>
      </object_component>
      <object_component id="oc-25e">
         <name>.debug_info</name>
         <load_address>0x2de2</load_address>
         <run_address>0x2de2</run_address>
         <size>0x1bf</size>
         <input_file_ref idref="fl-4"/>
      </object_component>
      <object_component id="oc-147">
         <name>.debug_info</name>
         <load_address>0x2fa1</load_address>
         <run_address>0x2fa1</run_address>
         <size>0x1be</size>
         <input_file_ref idref="fl-4"/>
      </object_component>
      <object_component id="oc-404">
         <name>.debug_info</name>
         <load_address>0x315f</load_address>
         <run_address>0x315f</run_address>
         <size>0x11c</size>
         <input_file_ref idref="fl-4"/>
      </object_component>
      <object_component id="oc-3eb">
         <name>.debug_info</name>
         <load_address>0x327b</load_address>
         <run_address>0x327b</run_address>
         <size>0x14d</size>
         <input_file_ref idref="fl-4"/>
      </object_component>
      <object_component id="oc-3f1">
         <name>.debug_info</name>
         <load_address>0x33c8</load_address>
         <run_address>0x33c8</run_address>
         <size>0x159</size>
         <input_file_ref idref="fl-4"/>
      </object_component>
      <object_component id="oc-3f8">
         <name>.debug_info</name>
         <load_address>0x3521</load_address>
         <run_address>0x3521</run_address>
         <size>0x157</size>
         <input_file_ref idref="fl-4"/>
      </object_component>
      <object_component id="oc-53">
         <name>.debug_info</name>
         <load_address>0x3678</load_address>
         <run_address>0x3678</run_address>
         <size>0x84</size>
         <input_file_ref idref="fl-4"/>
      </object_component>
      <object_component id="oc-4c">
         <name>.debug_info</name>
         <load_address>0x36fc</load_address>
         <run_address>0x36fc</run_address>
         <size>0x322</size>
         <input_file_ref idref="fl-5"/>
      </object_component>
      <object_component id="oc-13">
         <name>.debug_info</name>
         <load_address>0x3a1e</load_address>
         <run_address>0x3a1e</run_address>
         <size>0xe1</size>
         <input_file_ref idref="fl-5"/>
      </object_component>
      <object_component id="oc-28">
         <name>.debug_info</name>
         <load_address>0x3aff</load_address>
         <run_address>0x3aff</run_address>
         <size>0x111</size>
         <input_file_ref idref="fl-5"/>
      </object_component>
      <object_component id="oc-2e">
         <name>.debug_info</name>
         <load_address>0x3c10</load_address>
         <run_address>0x3c10</run_address>
         <size>0x102</size>
         <input_file_ref idref="fl-5"/>
      </object_component>
      <object_component id="oc-34">
         <name>.debug_info</name>
         <load_address>0x3d12</load_address>
         <run_address>0x3d12</run_address>
         <size>0x108</size>
         <input_file_ref idref="fl-5"/>
      </object_component>
      <object_component id="oc-3a">
         <name>.debug_info</name>
         <load_address>0x3e1a</load_address>
         <run_address>0x3e1a</run_address>
         <size>0x11a</size>
         <input_file_ref idref="fl-5"/>
      </object_component>
      <object_component id="oc-286">
         <name>.debug_info</name>
         <load_address>0x3f34</load_address>
         <run_address>0x3f34</run_address>
         <size>0x855</size>
         <input_file_ref idref="fl-6"/>
      </object_component>
      <object_component id="oc-28b">
         <name>.debug_info</name>
         <load_address>0x4789</load_address>
         <run_address>0x4789</run_address>
         <size>0x4b5</size>
         <input_file_ref idref="fl-6"/>
      </object_component>
      <object_component id="oc-293">
         <name>.debug_info</name>
         <load_address>0x4c3e</load_address>
         <run_address>0x4c3e</run_address>
         <size>0x2e4</size>
         <input_file_ref idref="fl-6"/>
      </object_component>
      <object_component id="oc-29b">
         <name>.debug_info</name>
         <load_address>0x4f22</load_address>
         <run_address>0x4f22</run_address>
         <size>0x2e2</size>
         <input_file_ref idref="fl-6"/>
      </object_component>
      <object_component id="oc-14d">
         <name>.debug_info</name>
         <load_address>0x5204</load_address>
         <run_address>0x5204</run_address>
         <size>0x234</size>
         <input_file_ref idref="fl-6"/>
      </object_component>
      <object_component id="oc-153">
         <name>.debug_info</name>
         <load_address>0x5438</load_address>
         <run_address>0x5438</run_address>
         <size>0x1ad</size>
         <input_file_ref idref="fl-6"/>
      </object_component>
      <object_component id="oc-159">
         <name>.debug_info</name>
         <load_address>0x55e5</load_address>
         <run_address>0x55e5</run_address>
         <size>0x1ab</size>
         <input_file_ref idref="fl-6"/>
      </object_component>
      <object_component id="oc-435">
         <name>.debug_info</name>
         <load_address>0x5790</load_address>
         <run_address>0x5790</run_address>
         <size>0x62</size>
         <input_file_ref idref="fl-6"/>
      </object_component>
      <object_component id="oc-1cb">
         <name>.debug_info</name>
         <load_address>0x57f2</load_address>
         <run_address>0x57f2</run_address>
         <size>0x2ff</size>
         <input_file_ref idref="fl-9"/>
      </object_component>
      <object_component id="oc-23a">
         <name>.debug_info</name>
         <load_address>0x5af1</load_address>
         <run_address>0x5af1</run_address>
         <size>0x1e6</size>
         <input_file_ref idref="fl-9"/>
      </object_component>
      <object_component id="oc-37a">
         <name>.debug_info</name>
         <load_address>0x5cd7</load_address>
         <run_address>0x5cd7</run_address>
         <size>0x1ee</size>
         <input_file_ref idref="fl-9"/>
      </object_component>
      <object_component id="oc-103">
         <name>.debug_info</name>
         <load_address>0x5ec5</load_address>
         <run_address>0x5ec5</run_address>
         <size>0x243</size>
         <input_file_ref idref="fl-9"/>
      </object_component>
      <object_component id="oc-4b7">
         <name>.debug_info</name>
         <load_address>0x6108</load_address>
         <run_address>0x6108</run_address>
         <size>0x26f</size>
         <input_file_ref idref="fl-9"/>
      </object_component>
      <object_component id="oc-fd">
         <name>.debug_info</name>
         <load_address>0x6377</load_address>
         <run_address>0x6377</run_address>
         <size>0x21a</size>
         <input_file_ref idref="fl-9"/>
      </object_component>
      <object_component id="oc-1ba">
         <name>.debug_info</name>
         <load_address>0x6591</load_address>
         <run_address>0x6591</run_address>
         <size>0x110</size>
         <input_file_ref idref="fl-9"/>
      </object_component>
      <object_component id="oc-246">
         <name>.debug_info</name>
         <load_address>0x66a1</load_address>
         <run_address>0x66a1</run_address>
         <size>0x7a5</size>
         <input_file_ref idref="fl-a"/>
      </object_component>
      <object_component id="oc-3c3">
         <name>.debug_info</name>
         <load_address>0x6e46</load_address>
         <run_address>0x6e46</run_address>
         <size>0x2c1</size>
         <input_file_ref idref="fl-a"/>
      </object_component>
      <object_component id="oc-27a">
         <name>.debug_info</name>
         <load_address>0x7107</load_address>
         <run_address>0x7107</run_address>
         <size>0x31c</size>
         <input_file_ref idref="fl-a"/>
      </object_component>
      <object_component id="oc-141">
         <name>.debug_info</name>
         <load_address>0x7423</load_address>
         <run_address>0x7423</run_address>
         <size>0x27d</size>
         <input_file_ref idref="fl-a"/>
      </object_component>
      <object_component id="oc-268">
         <name>.debug_info</name>
         <load_address>0x76a0</load_address>
         <run_address>0x76a0</run_address>
         <size>0x299</size>
         <input_file_ref idref="fl-a"/>
      </object_component>
      <object_component id="oc-240">
         <name>.debug_info</name>
         <load_address>0x7939</load_address>
         <run_address>0x7939</run_address>
         <size>0x506</size>
         <input_file_ref idref="fl-a"/>
      </object_component>
      <object_component id="oc-389">
         <name>.debug_info</name>
         <load_address>0x7e3f</load_address>
         <run_address>0x7e3f</run_address>
         <size>0x3a5</size>
         <input_file_ref idref="fl-a"/>
      </object_component>
      <object_component id="oc-3fd">
         <name>.debug_info</name>
         <load_address>0x81e4</load_address>
         <run_address>0x81e4</run_address>
         <size>0x596</size>
         <input_file_ref idref="fl-a"/>
      </object_component>
      <object_component id="oc-33c">
         <name>.debug_info</name>
         <load_address>0x877a</load_address>
         <run_address>0x877a</run_address>
         <size>0x2c7</size>
         <input_file_ref idref="fl-a"/>
      </object_component>
      <object_component id="oc-510">
         <name>.debug_info</name>
         <load_address>0x8a41</load_address>
         <run_address>0x8a41</run_address>
         <size>0x239</size>
         <input_file_ref idref="fl-a"/>
      </object_component>
      <object_component id="oc-366">
         <name>.debug_info</name>
         <load_address>0x8c7a</load_address>
         <run_address>0x8c7a</run_address>
         <size>0x2bb</size>
         <input_file_ref idref="fl-a"/>
      </object_component>
      <object_component id="oc-51c">
         <name>.debug_info</name>
         <load_address>0x8f35</load_address>
         <run_address>0x8f35</run_address>
         <size>0x23c</size>
         <input_file_ref idref="fl-a"/>
      </object_component>
      <object_component id="oc-35a">
         <name>.debug_info</name>
         <load_address>0x9171</load_address>
         <run_address>0x9171</run_address>
         <size>0x23a</size>
         <input_file_ref idref="fl-a"/>
      </object_component>
      <object_component id="oc-4cf">
         <name>.debug_info</name>
         <load_address>0x93ab</load_address>
         <run_address>0x93ab</run_address>
         <size>0x241</size>
         <input_file_ref idref="fl-a"/>
      </object_component>
      <object_component id="oc-5be">
         <name>.debug_info</name>
         <load_address>0x95ec</load_address>
         <run_address>0x95ec</run_address>
         <size>0x328</size>
         <input_file_ref idref="fl-a"/>
      </object_component>
      <object_component id="oc-36e">
         <name>.debug_info</name>
         <load_address>0x9914</load_address>
         <run_address>0x9914</run_address>
         <size>0x1cd</size>
         <input_file_ref idref="fl-a"/>
      </object_component>
      <object_component id="oc-e3">
         <name>.debug_info</name>
         <load_address>0x9ae1</load_address>
         <run_address>0x9ae1</run_address>
         <size>0x76e</size>
         <input_file_ref idref="fl-b"/>
      </object_component>
      <object_component id="oc-8f">
         <name>.debug_info</name>
         <load_address>0xa24f</load_address>
         <run_address>0xa24f</run_address>
         <size>0x323</size>
         <input_file_ref idref="fl-b"/>
      </object_component>
      <object_component id="oc-f3">
         <name>.debug_info</name>
         <load_address>0xa572</load_address>
         <run_address>0xa572</run_address>
         <size>0x11f</size>
         <input_file_ref idref="fl-b"/>
      </object_component>
      <object_component id="oc-501">
         <name>.debug_info</name>
         <load_address>0xa691</load_address>
         <run_address>0xa691</run_address>
         <size>0x11f</size>
         <input_file_ref idref="fl-b"/>
      </object_component>
      <object_component id="oc-504">
         <name>.debug_info</name>
         <load_address>0xa7b0</load_address>
         <run_address>0xa7b0</run_address>
         <size>0x11f</size>
         <input_file_ref idref="fl-b"/>
      </object_component>
      <object_component id="oc-109">
         <name>.debug_info</name>
         <load_address>0xa8cf</load_address>
         <run_address>0xa8cf</run_address>
         <size>0x161</size>
         <input_file_ref idref="fl-b"/>
      </object_component>
      <object_component id="oc-499">
         <name>.debug_info</name>
         <load_address>0xaa30</load_address>
         <run_address>0xaa30</run_address>
         <size>0x11f</size>
         <input_file_ref idref="fl-b"/>
      </object_component>
      <object_component id="oc-507">
         <name>.debug_info</name>
         <load_address>0xab4f</load_address>
         <run_address>0xab4f</run_address>
         <size>0x12d</size>
         <input_file_ref idref="fl-b"/>
      </object_component>
      <object_component id="oc-4c3">
         <name>.debug_info</name>
         <load_address>0xac7c</load_address>
         <run_address>0xac7c</run_address>
         <size>0x121</size>
         <input_file_ref idref="fl-b"/>
      </object_component>
      <object_component id="oc-280">
         <name>.debug_info</name>
         <load_address>0xad9d</load_address>
         <run_address>0xad9d</run_address>
         <size>0x449</size>
         <input_file_ref idref="fl-b"/>
      </object_component>
      <object_component id="oc-15f">
         <name>.debug_info</name>
         <load_address>0xb1e6</load_address>
         <run_address>0xb1e6</run_address>
         <size>0x230</size>
         <input_file_ref idref="fl-b"/>
      </object_component>
      <object_component id="oc-318">
         <name>.debug_info</name>
         <load_address>0xb416</load_address>
         <run_address>0xb416</run_address>
         <size>0x1c1</size>
         <input_file_ref idref="fl-b"/>
      </object_component>
      <object_component id="oc-324">
         <name>.debug_info</name>
         <load_address>0xb5d7</load_address>
         <run_address>0xb5d7</run_address>
         <size>0x284</size>
         <input_file_ref idref="fl-b"/>
      </object_component>
      <object_component id="oc-24f">
         <name>.debug_info</name>
         <load_address>0xb85b</load_address>
         <run_address>0xb85b</run_address>
         <size>0x1df</size>
         <input_file_ref idref="fl-b"/>
      </object_component>
      <object_component id="oc-9c">
         <name>.debug_info</name>
         <load_address>0xba3a</load_address>
         <run_address>0xba3a</run_address>
         <size>0x2f8</size>
         <input_file_ref idref="fl-b"/>
      </object_component>
      <object_component id="oc-95">
         <name>.debug_info</name>
[...]
         <name>ResetISR</name>
         <value>0x3ff9</value>
         <object_component_ref idref="oc-27"/>
      </symbol>
      <symbol id="sm-18d">
         <name>g_pfnVectors</name>
         <value>0x0</value>
         <object_component_ref idref="oc-12"/>
      </symbol>
      <symbol id="sm-214">
         <name>g_pMpuSemaphore</name>
         <value>0x20007784</value>
      </symbol>
      <symbol id="sm-215">
         <name>g_pBaseMotorSemaphore</name>
         <value>0x2000777c</value>
      </symbol>
      <symbol id="sm-216">
         <name>g_pArmMotorSemaphore</name>
         <value>0x20007770</value>
      </symbol>
      <symbol id="sm-217">
         <name>g_pBaseMotorDataQueue</name>
         <value>0x20007778</value>
      </symbol>
      <symbol id="sm-218">
         <name>g_pArmMotorDataQueue</name>
         <value>0x2000776c</value>
      </symbol>
      <symbol id="sm-219">
         <name>MPU6050TaskInit</name>
         <value>0x2865</value>
         <object_component_ref idref="oc-14c"/>
      </symbol>
      <symbol id="sm-21a">
         <name>ArmMotorTaskInit</name>
         <value>0x36c9</value>
         <object_component_ref idref="oc-158"/>
      </symbol>
      <symbol id="sm-21b">
         <name>BaseMotorTaskInit</name>
         <value>0x3721</value>
         <object_component_ref idref="oc-152"/>
      </symbol>
      <symbol id="sm-254">
         <name>uxListRemove</name>
         <value>0x3905</value>
         <object_component_ref idref="oc-fc"/>
      </symbol>
      <symbol id="sm-255">
         <name>vListInsert</name>
         <value>0x33c9</value>
         <object_component_ref idref="oc-4b6"/>
      </symbol>
      <symbol id="sm-256">
         <name>vListInitialiseItem</name>
         <value>0x3f53</value>
         <object_component_ref idref="oc-379"/>
      </symbol>
      <symbol id="sm-257">
         <name>vListInsertEnd</name>
         <value>0x3b11</value>
         <object_component_ref idref="oc-102"/>
      </symbol>
      <symbol id="sm-258">
         <name>vListInitialise</name>
         <value>0x3c25</value>
         <object_component_ref idref="oc-239"/>
      </symbol>
      <symbol id="sm-327">
         <name>xQueueRegistry</name>
         <value>0x20007670</value>
      </symbol>
      <symbol id="sm-328">
         <name>xQueueGenericSendFromISR</name>
         <value>0x2a1d</value>
         <object_component_ref idref="oc-388"/>
      </symbol>
      <symbol id="sm-329">
         <name>vQueueAddToRegistry</name>
         <value>0x3871</value>
         <object_component_ref idref="oc-4cd"/>
      </symbol>
      <symbol id="sm-32a">
         <name>xQueueGenericCreate</name>
         <value>0x3071</value>
         <object_component_ref idref="oc-279"/>
      </symbol>
      <symbol id="sm-32b">
         <name>xQueueCreateMutex</name>
         <value>0x2e2d</value>
         <object_component_ref idref="oc-140"/>
      </symbol>
      <symbol id="sm-32c">
         <name>xQueueGenericSend</name>
         <value>0x1955</value>
         <object_component_ref idref="oc-23f"/>
      </symbol>
      <symbol id="sm-32d">
         <name>xQueueGenericReset</name>
         <value>0x25f5</value>
         <object_component_ref idref="oc-3c2"/>
      </symbol>
      <symbol id="sm-32e">
         <name>xQueueGenericReceive</name>
         <value>0x1065</value>
         <object_component_ref idref="oc-3fc"/>
      </symbol>
      <symbol id="sm-32f">
         <name>xQueueCreateCountingSemaphore</name>
         <value>0x3e11</value>
         <object_component_ref idref="oc-267"/>
      </symbol>
      <symbol id="sm-330">
         <name>vQueueWaitForMessageRestricted</name>
         <value>0x3779</value>
         <object_component_ref idref="oc-5bd"/>
      </symbol>
      <symbol id="sm-509">
         <name>vTaskSuspendAll</name>
         <value>0x3f65</value>
         <object_component_ref idref="oc-317"/>
      </symbol>
      <symbol id="sm-50a">
         <name>vTaskPriorityInherit</name>
         <value>0x21b1</value>
         <object_component_ref idref="oc-520"/>
      </symbol>
      <symbol id="sm-50b">
         <name>vTaskPlaceOnEventList</name>
         <value>0x32f9</value>
         <object_component_ref idref="oc-35f"/>
      </symbol>
      <symbol id="sm-50c">
         <name>xTaskCheckForTimeOut</name>
         <value>0x2bb5</value>
         <object_component_ref idref="oc-353"/>
      </symbol>
      <symbol id="sm-50d">
         <name>xTaskPriorityDisinherit</name>
         <value>0x2551</value>
         <object_component_ref idref="oc-4aa"/>
      </symbol>
      <symbol id="sm-50e">
         <name>vTaskStartScheduler</name>
         <value>0x2cbd</value>
         <object_component_ref idref="oc-15e"/>
      </symbol>
      <symbol id="sm-50f">
         <name>pvTaskIncrementMutexHeldCount</name>
         <value>0x3e51</value>
         <object_component_ref idref="oc-514"/>
      </symbol>
      <symbol id="sm-510">
         <name>vTaskMissedYield</name>
         <value>0x3fb5</value>
         <object_component_ref idref="oc-4c6"/>
      </symbol>
      <symbol id="sm-511">
         <name>xTaskResumeAll</name>
         <value>0x1c81</value>
         <object_component_ref idref="oc-323"/>
      </symbol>
      <symbol id="sm-512">
         <name>xTaskGetTickCount</name>
         <value>0x3ee9</value>
         <object_component_ref idref="oc-24e"/>
      </symbol>
      <symbol id="sm-513">
         <name>xTaskGenericCreate</name>
         <value>0x15b9</value>
         <object_component_ref idref="oc-27f"/>
      </symbol>
      <symbol id="sm-514">
         <name>pxCurrentTCB</name>
         <value>0x20007998</value>
         <object_component_ref idref="oc-8e"/>
      </symbol>
      <symbol id="sm-515">
         <name>vTaskPlaceOnEventListRestricted</name>
         <value>0x3001</value>
         <object_component_ref idref="oc-5dc"/>
      </symbol>
      <symbol id="sm-516">
         <name>vTaskSetTimeOutState</name>
         <value>0x3d49</value>
         <object_component_ref idref="oc-34d"/>
      </symbol>
      <symbol id="sm-517">
         <name>xTaskIncrementTick</name>
         <value>0x16ed</value>
         <object_component_ref idref="oc-9b"/>
      </symbol>
      <symbol id="sm-518">
         <name>vTaskSwitchContext</name>
         <value>0x23f5</value>
         <object_component_ref idref="oc-94"/>
      </symbol>
      <symbol id="sm-519">
         <name>xTaskGetSchedulerState</name>
         <value>0x3c55</value>
         <object_component_ref idref="oc-382"/>
      </symbol>
      <symbol id="sm-51a">
         <name>xTaskRemoveFromEventList</name>
         <value>0x298d</value>
         <object_component_ref idref="oc-341"/>
      </symbol>
      <symbol id="sm-5f8">
         <name>xTimerCreateTimerTask</name>
         <value>0x394d</value>
         <object_component_ref idref="oc-2a1"/>
      </symbol>
      <symbol id="sm-5f9">
         <name>xTimerCreate</name>
         <value>0x37cd</value>
         <object_component_ref idref="oc-248"/>
      </symbol>
      <symbol id="sm-5fa">
         <name>xTimerGenericCommand</name>
         <value>0x30e1</value>
         <object_component_ref idref="oc-254"/>
      </symbol>
      <symbol id="sm-5fb">
         <name>pvTimerGetTimerID</name>
         <value>0x3ea3</value>
         <object_component_ref idref="oc-39c"/>
      </symbol>
      <symbol id="sm-659">
         <name>ulMaxSyscallInterruptPriority</name>
         <value>0x4174</value>
         <object_component_ref idref="oc-91"/>
      </symbol>
      <symbol id="sm-65a">
         <name>vPortSetupTimerInterrupt</name>
         <value>0x3ebd</value>
         <object_component_ref idref="oc-443"/>
      </symbol>
      <symbol id="sm-65b">
         <name>xPortSysTickHandler</name>
         <value>0x3c85</value>
         <object_component_ref idref="oc-44"/>
      </symbol>
      <symbol id="sm-65c">
         <name>pxPortInitialiseStack</name>
         <value>0x366d</value>
         <object_component_ref idref="oc-3d5"/>
      </symbol>
      <symbol id="sm-65d">
         <name>vPortExitCritical</name>
         <value>0x3e6d</value>
         <object_component_ref idref="oc-347"/>
      </symbol>
      <symbol id="sm-65e">
         <name>xPortStartScheduler</name>
         <value>0x39d9</value>
         <object_component_ref idref="oc-2a7"/>
      </symbol>
      <symbol id="sm-65f">
         <name>vPortEnterCritical</name>
         <value>0x3d25</value>
         <object_component_ref idref="oc-335"/>
      </symbol>
      <symbol id="sm-66e">
         <name>vPortStartFirstTask</name>
         <value>0x1fed</value>
         <object_component_ref idref="oc-3f"/>
      </symbol>
      <symbol id="sm-66f">
         <name>ulPortGetIPSR</name>
         <value>0x1f55</value>
         <object_component_ref idref="oc-3f"/>
      </symbol>
      <symbol id="sm-670">
         <name>vPortEnableVFP</name>
         <value>0x2009</value>
         <object_component_ref idref="oc-3f"/>
      </symbol>
      <symbol id="sm-671">
         <name>xPortPendSVHandler</name>
         <value>0x1f6d</value>
         <object_component_ref idref="oc-3f"/>
      </symbol>
      <symbol id="sm-672">
         <name>vPortSVCHandler</name>
         <value>0x1fcd</value>
         <object_component_ref idref="oc-3f"/>
      </symbol>
      <symbol id="sm-6cb">
         <name>pvPortMalloc</name>
         <value>0x1a7d</value>
         <object_component_ref idref="oc-233"/>
      </symbol>
      <symbol id="sm-6cc">
         <name>vPortFree</name>
         <value>0x3291</value>
         <object_component_ref idref="oc-4f1"/>
      </symbol>
      <symbol id="sm-74e">
         <name>UARTStdioConfig</name>
         <value>0x2f19</value>
         <object_component_ref idref="oc-1e1"/>
      </symbol>
      <symbol id="sm-74f">
         <name>UARTwrite</name>
         <value>0x35b5</value>
         <object_component_ref idref="oc-306"/>
      </symbol>
      <symbol id="sm-750">
         <name>UARTprintf</name>
         <value>0x3d01</value>
         <object_component_ref idref="oc-13a"/>
      </symbol>
      <symbol id="sm-751">
         <name>UARTvprintf</name>
         <value>0x26d</value>
         <object_component_ref idref="oc-226"/>
      </symbol>
      <symbol id="sm-794">
         <name>atan2</name>
         <value>0xb41</value>
         <object_component_ref idref="oc-41f"/>
      </symbol>
      <symbol id="sm-795">
         <name>atan2l</name>
         <value>0xb41</value>
         <object_component_ref idref="oc-41f"/>
      </symbol>
      <symbol id="sm-7b7">
         <name>sqrtl</name>
         <value>0x1329</value>
         <object_component_ref idref="oc-419"/>
      </symbol>
      <symbol id="sm-7b8">
         <name>sqrt</name>
         <value>0x1329</value>
         <object_component_ref idref="oc-419"/>
      </symbol>
      <symbol id="sm-7ee">
         <name>atanl</name>
         <value>0x579</value>
         <object_component_ref idref="oc-543"/>
      </symbol>
      <symbol id="sm-7ef">
         <name>atan</name>
         <value>0x579</value>
         <object_component_ref idref="oc-543"/>
      </symbol>
      <symbol id="sm-806">
         <name>__aeabi_dsub</name>
         <value>0xd19</value>
         <object_component_ref idref="oc-531"/>
      </symbol>
      <symbol id="sm-807">
         <name>__aeabi_dadd</name>
         <value>0xd23</value>
         <object_component_ref idref="oc-531"/>
      </symbol>
      <symbol id="sm-819">
         <name>__aeabi_cdrcmple</name>
         <value>0x2aa9</value>
         <object_component_ref idref="oc-5a9"/>
      </symbol>
      <symbol id="sm-82d">
         <name>__aeabi_ddiv</name>
         <value>0x1481</value>
         <object_component_ref idref="oc-42a"/>
      </symbol>
      <symbol id="sm-838">
         <name>__aeabi_dmul</name>
         <value>0x1b85</value>
         <object_component_ref idref="oc-425"/>
      </symbol>
      <symbol id="sm-844">
         <name>__aeabi_d2f</name>
         <value>0x3151</value>
         <object_component_ref idref="oc-42f"/>
      </symbol>
      <symbol id="sm-84f">
         <name>__aeabi_f2d</name>
         <value>0x3b85</value>
         <object_component_ref idref="oc-414"/>
      </symbol>
      <symbol id="sm-86b">
         <name>memcpy</name>
         <value>0x2731</value>
         <object_component_ref idref="oc-58"/>
      </symbol>
      <symbol id="sm-86c">
         <name>__aeabi_memcpy</name>
         <value>0x2731</value>
         <object_component_ref idref="oc-58"/>
      </symbol>
      <symbol id="sm-86d">
         <name>__aeabi_memcpy8</name>
         <value>0x2731</value>
         <object_component_ref idref="oc-58"/>
      </symbol>
      <symbol id="sm-86e">
         <name>__aeabi_memcpy4</name>
         <value>0x2731</value>
         <object_component_ref idref="oc-58"/>
      </symbol>
      <symbol id="sm-87d">
         <name>__aeabi_memset</name>
         <value>0x2d3b</value>
         <object_component_ref idref="oc-c3"/>
      </symbol>
      <symbol id="sm-87e">
         <name>memset</name>
         <value>0x2d41</value>
         <object_component_ref idref="oc-c3"/>
      </symbol>
      <symbol id="sm-87f">
         <name>__aeabi_memset8</name>
         <value>0x2d3b</value>
         <object_component_ref idref="oc-c3"/>
      </symbol>
      <symbol id="sm-880">
         <name>__aeabi_memset4</name>
         <value>0x2d3b</value>
         <object_component_ref idref="oc-c3"/>
      </symbol>
      <symbol id="sm-881">
         <name>__aeabi_memclr8</name>
         <value>0x2d39</value>
         <object_component_ref idref="oc-c3"/>
      </symbol>
      <symbol id="sm-882">
         <name>__aeabi_memclr4</name>
         <value>0x2d39</value>
         <object_component_ref idref="oc-c3"/>
      </symbol>
      <symbol id="sm-883">
         <name>__aeabi_memclr</name>
         <value>0x2d39</value>
         <object_component_ref idref="oc-c3"/>
      </symbol>
      <symbol id="sm-892">
         <name>__aeabi_uidivmod</name>
         <value>0x3a1d</value>
         <object_component_ref idref="oc-30c"/>
      </symbol>
      <symbol id="sm-893">
         <name>__aeabi_uidiv</name>
         <value>0x3a1d</value>
         <object_component_ref idref="oc-30c"/>
      </symbol>
      <symbol id="sm-8aa">
         <name>__TI_zero_init</name>
         <value>0x3f9d</value>
         <object_component_ref idref="oc-6a"/>
      </symbol>
      <symbol id="sm-8c1">
         <name>__TI_decompress_none</name>
         <value>0x3f83</value>
         <object_component_ref idref="oc-1b"/>
      </symbol>
      <symbol id="sm-8e4">
         <name>__TI_decompress_lzss</name>
         <value>0x31bf</value>
         <object_component_ref idref="oc-15"/>
      </symbol>
      <symbol id="sm-8f7">
         <name>__stack</name>
         <value>0x20007798</value>
         <object_component_ref idref="oc-24"/>
      </symbol>
      <symbol id="sm-8f8">
         <name>_c_int00_noargs</name>
         <value>0x3bbd</value>
         <object_component_ref idref="oc-76"/>
      </symbol>
      <symbol id="sm-90e">
         <name>__aeabi_errno_addr</name>
         <value>0x3ff1</value>
         <object_component_ref idref="oc-536"/>
      </symbol>
      <symbol id="sm-90f">
         <name>errno</name>
         <value>0x200079e8</value>
         <object_component_ref idref="oc-59d"/>
      </symbol>
      <symbol id="sm-919">
         <name>__aeabi_idiv0</name>
         <value>0x2017</value>
         <object_component_ref idref="oc-48a"/>
      </symbol>
      <symbol id="sm-91a">
         <name>__aeabi_ldiv0</name>
         <value>0x2017</value>
         <object_component_ref idref="oc-48a"/>
      </symbol>
      <symbol id="sm-942">
         <name>__TI_auto_init_nobinit_nopinit</name>
         <value>0x3995</value>
         <object_component_ref idref="oc-172"/>
      </symbol>
      <symbol id="sm-94c">
         <name>_system_pre_init</name>
         <value>0x4017</value>
         <object_component_ref idref="oc-c9"/>
      </symbol>
      <symbol id="sm-958">
         <name>C$$EXIT</name>
         <value>0x401b</value>
         <object_component_ref idref="oc-166"/>
      </symbol>
      <symbol id="sm-959">
         <name>abort</name>
         <value>0x401b</value>
         <object_component_ref idref="oc-166"/>
      </symbol>
      <symbol id="sm-992">
         <name>GPIOPinTypePWM</name>
         <value>0x3efd</value>
         <object_component_ref idref="oc-1ee"/>
      </symbol>
      <symbol id="sm-993">
         <name>GPIOPinConfigure</name>
         <value>0x38bd</value>
         <object_component_ref idref="oc-1e8"/>
      </symbol>
      <symbol id="sm-994">
         <name>GPIODirModeSet</name>
         <value>0x3cb1</value>
         <object_component_ref idref="oc-2ef"/>
      </symbol>
      <symbol id="sm-995">
         <name>GPIOPadConfigSet</name>
         <value>0x1821</value>
         <object_component_ref idref="oc-2f5"/>
      </symbol>
      <symbol id="sm-9c2">
         <name>I2CMasterDataPut</name>
         <value>0x4013</value>
         <object_component_ref idref="oc-3ae"/>
      </symbol>
      <symbol id="sm-9c3">
         <name>I2CMasterSlaveAddrSet</name>
         <value>0x3fe7</value>
         <object_component_ref idref="oc-3a8"/>
      </symbol>
      <symbol id="sm-9c4">
         <name>I2CMasterDataGet</name>
         <value>0x400f</value>
         <object_component_ref idref="oc-529"/>
      </symbol>
      <symbol id="sm-9c5">
         <name>I2CMasterControl</name>
         <value>0x400b</value>
         <object_component_ref idref="oc-3b4"/>
      </symbol>
      <symbol id="sm-9c6">
         <name>I2CMasterBusy</name>
         <value>0x3fdf</value>
         <object_component_ref idref="oc-3ba"/>
      </symbol>
      <symbol id="sm-9f4">
         <name>PWMGenPeriodSet</name>
         <value>0x3f33</value>
         <object_component_ref idref="oc-1fa"/>
      </symbol>
      <symbol id="sm-9f5">
         <name>PWMPulseWidthSet</name>
         <value>0x3e31</value>
         <object_component_ref idref="oc-200"/>
      </symbol>
      <symbol id="sm-9f6">
         <name>PWMOutputState</name>
         <value>0x3f0f</value>
         <object_component_ref idref="oc-20c"/>
      </symbol>
      <symbol id="sm-9f7">
         <name>PWMGenEnable</name>
         <value>0x3f91</value>
         <object_component_ref idref="oc-206"/>
      </symbol>
      <symbol id="sm-9f8">
         <name>PWMGenConfigure</name>
         <value>0x3d6d</value>
         <object_component_ref idref="oc-1f4"/>
      </symbol>
      <symbol id="sm-a2d">
         <name>TimerEnable</name>
         <value>0x3f75</value>
         <object_component_ref idref="oc-3e4"/>
      </symbol>
      <symbol id="sm-a2e">
         <name>TimerValueGet</name>
         <value>0x3fc1</value>
         <object_component_ref idref="oc-408"/>
      </symbol>
      <symbol id="sm-a2f">
         <name>TimerPrescaleSet</name>
         <value>0x3f21</value>
         <object_component_ref idref="oc-21f"/>
      </symbol>
      <symbol id="sm-a30">
         <name>TimerClockSourceSet</name>
         <value>0x3fff</value>
         <object_component_ref idref="oc-213"/>
      </symbol>
      <symbol id="sm-a31">
         <name>TimerConfigure</name>
         <value>0x3495</value>
         <object_component_ref idref="oc-219"/>
      </symbol>
      <symbol id="sm-a3e">
         <name>UARTClockSourceSet</name>
         <value>0x4005</value>
         <object_component_ref idref="oc-1db"/>
      </symbol>
      <symbol id="sm-a40">
         <name>__TI_static_base__</name>
         <value>0x0</value>
      </symbol>
      <symbol id="sm-a43">
         <name>__mpu_init</name>
         <value>0x0</value>
      </symbol>
      <symbol id="sm-a44">
         <name>_system_post_cinit</name>
         <value>0x0</value>
      </symbol>
   </symbol_table>
   <title>Link successful</title>
</link_info>
